<!--
 ____________________________________________________________
|                                                            |
|    DESIGN + Pat Heard { http://fullahead.org }             |
|      DATE + 2006.09.12                                     |
| COPYRIGHT + Free use if this notice is kept in place.      |
|____________________________________________________________|

-->

<!DOCTYPE html PUBLIC "-//W3C//DTD XHTML 1.0 Strict//EN"
    "http://www.w3.org/TR/xhtml1/DTD/xhtml1-strict.dtd">
<html xmlns="http://www.w3.org/1999/xhtml" xml:lang="en" lang="en">
<head>
  <title>司徒的教學網站</title>
  <meta http-lowast="content-type" content="application/xhtml+xml; charset=UTF-8" />
  <meta name="author" content="fullahead.org" />
  <meta name="keywords" content="XHTML, CSS, template, FullAhead" />
  <meta name="description" content="A valid, XHTML 1.0 template" />
  <meta name="robots" content="index, follow, noarchive" />
  <meta name="googlebot" content="noarchive" />
  <meta name="viewport" content="width=device-width, initial-scale=1.0, user-scalable=yes, minimum-scale=0.1, maximum-scale=100.0"/>

  <link rel="shortcut icon" href="../../website.ico">
  <link rel="stylesheet" type="text/css" href="../../styles/shCore.css" />
  <link rel="stylesheet" type="text/css" href="../../styles/shThemeDefault.css" />
  <link rel="stylesheet" type="text/css" href="../../css/html.css" media="screen, projection, tv " />
  <link rel="stylesheet" type="text/css" href="../../css/layout.css" media="screen, projection, tv" />
  <link rel="stylesheet" type="text/css" href="../../css/print.css" media="print" />
  
  <script type="text/javascript" src="../../scripts/shCore.js"></script>
  <script type="text/javascript" src="../../scripts/shBrushCpp.js"></script>

  <!-- Conditional comment to apply opacity fix for IE #content background.
       Invalid CSS, but can be removed without harming design -->
  <!--[if gt IE 5]>
  <link rel="stylesheet" type="text/css" href="css/ie.css" media="screen, projection, tv " />
  <![endif]-->
</head>

<body>
<script type="text/javascript">SyntaxHighlighter.all();</script>
<div id="wrapper">
<div id="content">
<script type="text/javascript" src="../../header.js"></script>
<div id="page">
<h3>F1C100S</h3>
<p><b>flash image</b></p>
<hr size="1">
<p>
參考資訊：<br>
1. <a href="http://nano.lichee.pro/get_started/first_eye.html">first_eye</a><br><br>

步驟如下：
</p>
<pre>
$ cd
$ wget https://github.com/steward-fu/lichee-nano/releases/download/v1.0/image.7z
$ 7zr x image.7z
$ cd image
$ 7za x Nano_tf_480272.dd.zip
$ sudo dd if=Nano_tf_480272.dd of=/dev/sdx
$ sync
</pre><br>

<p>
Baudrate: 115200bps
</p>
<pre>
Welcome to minicom 2.7

OPTIONS: I18n                                                                
Compiled on Apr 22 2017, 09:14:19.                                           
Port /dev/ttyUSB0, 22:56:09                                                  
                                                                             
Press CTRL-A Z for help on special keys                                      
                                                                             
                                                                             
U-Boot SPL 2018.01-05676-g00188782ee (Apr 08 2018 - 16:10:25)                
DRAM: 32 MiB                                                                 
Trying to boot from MMC1                                                     
                                                                             
                                        
U-Boot 2018.01-05676-g00188782ee (Apr 08 2018 - 16:10:25 +0800) Allwinner Technology
                                        
CPU:   Allwinner F Series (SUNIV)       
Model: Lichee Pi Nano                   
DRAM:  32 MiB                           
MMC:   SUNXI SD/MMC: 0
SF: Detected w25q128bv with page size 256 Bytes, erase size 4 KiB, total 16 MiB
*** Warning - bad CRC, using default environment

Setting up a 480x272 lcd console (overscan 0x0)
In:    serial@1c25000
Out:   serial@1c25000
Err:   serial@1c25000
Net:   No ethernet found.
starting USB...
No controllers found
Hit any key to stop autoboot:  0 
switch to partitions #0, OK
mmc0 is current device
Scanning mmc 0:1...
Found U-Boot script /boot.scr
reading /boot.scr
280 bytes read in 16 ms (16.6 KiB/s)
## Executing script at 80c50000
reading suniv-f1c100s-licheepi-nano.dtb
8553 bytes read in 29 ms (287.1 KiB/s)
reading zImage
3802240 bytes read in 189 ms (19.2 MiB/s)
## Flattened Device Tree blob at 80c00000
   Booting using the fdt blob at 0x80c00000
   Loading Device Tree to 80e60000, end 80e65168 ... OK

Starting kernel ...

[    0.000000] Booting Linux on physical CPU 0x0
[    0.000000] Linux version 4.15.0-rc8-licheepi-nano+ (root@biglion-MRC-WX0) (gcc version 7.2.0 (Ubuntu/Linaro 7.2.0-6ubuntu1)) #69 Wed Apr 4 17:47:49 CST 2018
[    0.000000] CPU: ARM926EJ-S [41069265] revision 5 (ARMv5TEJ), cr=0005317f
[    0.000000] CPU: VIVT data cache, VIVT instruction cache
[    0.000000] OF: fdt: Machine model: Lichee Pi Nano
[    0.000000] Memory policy: Data cache writeback
[    0.000000] random: fast init done
[    0.000000] Built 1 zonelists, mobility grouping on.  Total pages: 8128
[    0.000000] Kernel command line: console=tty0 console=ttyS0,115200 panic=5 rootwait root=/dev/mmcblk0p2 rw
[    0.000000] Dentry cache hash table entries: 4096 (order: 2, 16384 bytes)
[    0.000000] Inode-cache hash table entries: 2048 (order: 1, 8192 bytes)
[    0.000000] Memory: 22680K/32768K available (6144K kernel code, 235K rwdata, 1376K rodata, 1024K init, 243K bss, 10088K reserved, 0K cma-reserved, 0K highmem)
[    0.000000] Virtual kernel memory layout:
[    0.000000]     vector  : 0xffff0000 - 0xffff1000   (   4 kB)
[    0.000000]     fixmap  : 0xffc00000 - 0xfff00000   (3072 kB)
[    0.000000]     vmalloc : 0xc2800000 - 0xff800000   ( 976 MB)
[    0.000000]     lowmem  : 0xc0000000 - 0xc2000000   (  32 MB)
[    0.000000]     pkmap   : 0xbfe00000 - 0xc0000000   (   2 MB)
[    0.000000]     modules : 0xbf000000 - 0xbfe00000   (  14 MB)
[    0.000000]       .text : 0x(ptrval) - 0x(ptrval)   (7136 kB)
[    0.000000]       .init : 0x(ptrval) - 0x(ptrval)   (1024 kB)
[    0.000000]       .data : 0x(ptrval) - 0x(ptrval)   ( 236 kB)
[    0.000000]        .bss : 0x(ptrval) - 0x(ptrval)   ( 244 kB)
[    0.000000] SLUB: HWalign=32, Order=0-3, MinObjects=0, CPUs=1, Nodes=1
[    0.000000] NR_IRQS: 16, nr_irqs: 16, preallocated irqs: 16
[    0.000041] sched_clock: 32 bits at 24MHz, resolution 41ns, wraps every 89478484971ns
[    0.000092] clocksource: timer: mask: 0xffffffff max_cycles: 0xffffffff, max_idle_ns: 79635851949 ns
[    0.000554] Console: colour dummy device 80x30
[    0.001107] console [tty0] enabled
[    0.001194] Calibrating delay loop... 358.80 BogoMIPS (lpj=1794048)
[    0.050258] pid_max: default: 32768 minimum: 301
[    0.050515] Mount-cache hash table entries: 1024 (order: 0, 4096 bytes)
[    0.050588] Mountpoint-cache hash table entries: 1024 (order: 0, 4096 bytes)
[    0.051817] CPU: Testing write buffer coherency: ok
[    0.053484] Setting up static identity map for 0x80100000 - 0x80100058
[    0.055509] devtmpfs: initialized
[    0.060366] clocksource: jiffies: mask: 0xffffffff max_cycles: 0xffffffff, max_idle_ns: 19112604462750000 ns
[    0.060504] futex hash table entries: 256 (order: -1, 3072 bytes)
[    0.060778] pinctrl core: initialized pinctrl subsystem
[    0.062573] NET: Registered protocol family 16
[    0.063807] DMA: preallocated 256 KiB pool for atomic coherent allocations
[    0.065229] cpuidle: using governor menu
[    0.083357] SCSI subsystem initialized
[    0.083699] usbcore: registered new interface driver usbfs
[    0.083871] usbcore: registered new interface driver hub
[    0.084071] usbcore: registered new device driver usb
[    0.084528] pps_core: LinuxPPS API ver. 1 registered
[    0.084595] pps_core: Software ver. 5.3.6 - Copyright 2005-2007 Rodolfo Giometti <giometti@linux.it>
[    0.084692] PTP clock support registered
[    0.085045] Advanced Linux Sound Architecture Driver Initialized.
[    0.086263] clocksource: Switched to clocksource timer
[    0.108753] NET: Registered protocol family 2
[    0.109927] TCP established hash table entries: 1024 (order: 0, 4096 bytes)
[    0.110044] TCP bind hash table entries: 1024 (order: 0, 4096 bytes)
[    0.110101] TCP: Hash tables configured (established 1024 bind 1024)
[    0.110397] UDP hash table entries: 256 (order: 0, 4096 bytes)
[    0.110487] UDP-Lite hash table entries: 256 (order: 0, 4096 bytes)
[    0.110919] NET: Registered protocol family 1
[    0.112042] RPC: Registered named UNIX socket transport module.
[    0.112139] RPC: Registered udp transport module.
[    0.112178] RPC: Registered tcp transport module.
[    0.112207] RPC: Registered tcp NFSv4.1 backchannel transport module.
[    0.114006] NetWinder Floating Point Emulator V0.97 (double precision)
[    0.115603] Initialise system trusted keyrings
[    0.116193] workingset: timestamp_bits=30 max_order=13 bucket_order=0
[    0.128739] NFS: Registering the id_resolver key type
[    0.128881] Key type id_resolver registered
[    0.128922] Key type id_legacy registered
[    0.140033] Key type asymmetric registered
[    0.140128] Asymmetric key parser 'x509' registered
[    0.140339] Block layer SCSI generic (bsg) driver version 0.4 loaded (major 251)
[    0.140415] io scheduler noop registered
[    0.140449] io scheduler deadline registered
[    0.141049] io scheduler cfq registered (default)
[    0.141129] io scheduler mq-deadline registered
[    0.141166] io scheduler kyber registered
[    0.142036] sun4i-usb-phy 1c13400.phy: Couldn't request ID GPIO
[    0.149590] suniv-pinctrl 1c20800.pinctrl: initialized sunXi PIO driver
[    0.294030] Serial: 8250/16550 driver, 8 ports, IRQ sharing disabled
[    0.299816] console [ttyS0] disabled
[    0.320116] 1c25000.serial: ttyS0 at MMIO 0x1c25000 (irq = 24, base_baud = 6250000) is a 16550A
[    0.790554] console [ttyS0] enabled
[    0.799390] panel-simple panel: panel supply power not found, using dummy regulator
[    0.809541] usbcore: registered new interface driver rtl8150
[    0.815776] ehci_hcd: USB 2.0 'Enhanced' Host Controller (EHCI) Driver
[    0.822473] ehci-platform: EHCI generic platform driver
[    0.828067] ohci_hcd: USB 1.1 'Open' Host Controller (OHCI) Driver
[    0.834326] ohci-platform: OHCI generic platform driver
[    0.840029] usbcore: registered new interface driver usb-storage
[    0.846997] udc-core: couldn't find an available UDC - added [g_cdc] to list of pending drivers
[    0.855977] i2c /dev entries driver
[    0.916389] sunxi-mmc 1c0f000.mmc: base:0x5f3aa981 irq:19
[    0.923823] hidraw: raw HID events driver (C) Jiri Kosina
[    0.930326] usbcore: registered new interface driver usbhid
[    0.935952] usbhid: USB HID core driver
[    0.942538] NET: Registered protocol family 17
[    0.947387] Key type dns_resolver registered
[    0.954663] Loading compiled-in X.509 certificates
[    0.970306] sun4i-drm display-engine: bound 1e60000.display-backend (ops 0xc0739498)
[    0.979126] sun4i-drm display-engine: bound 1c0c000.lcd-controller (ops 0xc073877c)
[    0.986973] [drm] Supports vblank timestamp caching Rev 2 (21.10.2013).
[    0.993611] [drm] No driver support for vblank timestamp query.
[    1.042892] Console: switching to colour frame buffer device 60x34
[    1.048439] mmc0: host does not support reading read-only switch, assuming write-enable
[    1.050642] mmc0: new high speed SDHC card at address 0001
[    1.051615] mmcblk0: mmc0:0001 SD 7.44 GiB 
[    1.054088]  mmcblk0: p1 p2
[    1.102188] sun4i-drm display-engine: fb0:  frame buffer device
[    1.116440] [drm] Initialized sun4i-drm 1.0.0 20150629 for display-engine on minor 0
[    1.132667] usb_phy_generic usb_phy_generic.0.auto: usb_phy_generic.0.auto supply vcc not found, using dummy regulator
[    1.155407] musb-hdrc musb-hdrc.1.auto: MUSB HDRC host driver
[    1.169343] musb-hdrc musb-hdrc.1.auto: new USB bus registered, assigned bus number 1
[    1.185352] usb usb1: New USB device found, idVendor=1d6b, idProduct=0002
[    1.199857] usb usb1: New USB device strings: Mfr=3, Product=2, SerialNumber=1
[    1.214794] usb usb1: Product: MUSB HDRC host driver
[    1.223721] usb usb1: Manufacturer: Linux 4.15.0-rc8-licheepi-nano+ musb-hcd
[    1.238511] usb usb1: SerialNumber: musb-hdrc.1.auto
[    1.248879] hub 1-0:1.0: USB hub found
[    1.256893] hub 1-0:1.0: 1 port detected
[    1.266094] using random self ethernet address
[    1.274559] using random host ethernet address
[    1.284276] usb0: HOST MAC 6a:24:90:09:80:d3
[    1.292537] usb0: MAC 3a:7c:32:5a:c1:cc
[    1.300264] g_cdc gadget: CDC Composite Gadget, version: King Kamehameha Day 2008
[    1.315080] g_cdc gadget: g_cdc ready
[    1.324808] cfg80211: Loading compiled-in X.509 certificates for regulatory database
[    1.346665] cfg80211: Loaded X.509 cert 'sforshee: 00b28ddf47aef9cea7'
[    1.360666] ALSA device list:
[    1.367405]   No soundcards found.
[    1.375374] platform regulatory.0: Direct firmware load for regulatory.db failed with error -2
[    1.391255] cfg80211: failed to load regulatory.db
[    1.402273] EXT4-fs (mmcblk0p2): couldn't mount as ext3 due to feature incompatibilities
[    1.435203] EXT4-fs (mmcblk0p2): mounted filesystem with ordered data mode. Opts: (null)
[    1.450668] VFS: Mounted root (ext4 filesystem) on device 179:2.
[    1.466048] devtmpfs: mounted
[    1.477163] Freeing unused kernel memory: 1024K
[    1.651505] EXT4-fs (mmcblk0p2): re-mounted. Opts: data=ordered
Starting logging: OK
Initializing random number generator... done.
/ # 
</pre>

<p>
<br><a href="../../mcu.htm">返回上一頁</a>
</p>

</div>
</div>
</div>
</body>
</html>
