<!--
 ____________________________________________________________
|                                                            |
|    DESIGN + Pat Heard { http://fullahead.org }             |
|      DATE + 2006.09.12                                     |
| COPYRIGHT + Free use if this notice is kept in place.      |
|____________________________________________________________|

-->

<!DOCTYPE html PUBLIC "-//W3C//DTD XHTML 1.0 Strict//EN"
    "http://www.w3.org/TR/xhtml1/DTD/xhtml1-strict.dtd">
<html xmlns="http://www.w3.org/1999/xhtml" xml:lang="en" lang="en">
<head>
  <title>司徒的教學網站</title>
  <meta http-lowast="content-type" content="application/xhtml+xml; charset=UTF-8" />
  <meta name="author" content="fullahead.org" />
  <meta name="keywords" content="XHTML, CSS, template, FullAhead" />
  <meta name="description" content="A valid, XHTML 1.0 template" />
  <meta name="robots" content="index, follow, noarchive" />
  <meta name="googlebot" content="noarchive" />
  <meta name="viewport" content="width=device-width, initial-scale=1.0, user-scalable=yes, minimum-scale=0.1, maximum-scale=100.0"/>

  <link rel="shortcut icon" href="../../website.ico">
  <link rel="stylesheet" type="text/css" href="../../styles/shCore.css" />
  <link rel="stylesheet" type="text/css" href="../../styles/shThemeDefault.css" />
  <link rel="stylesheet" type="text/css" href="../../css/html.css" media="screen, projection, tv " />
  <link rel="stylesheet" type="text/css" href="../../css/layout.css" media="screen, projection, tv" />
  <link rel="stylesheet" type="text/css" href="../../css/print.css" media="print" />
  
  <script type="text/javascript" src="../../scripts/shCore.js"></script>
  <script type="text/javascript" src="../../scripts/shBrushCpp.js"></script>

  <!-- Conditional comment to apply opacity fix for IE #content background.
       Invalid CSS, but can be removed without harming design -->
  <!--[if gt IE 5]>
  <link rel="stylesheet" type="text/css" href="css/ie.css" media="screen, projection, tv " />
  <![endif]-->
</head>

<body>
<script type="text/javascript">SyntaxHighlighter.all();</script>
<div id="wrapper">
<div id="content">
<script type="text/javascript" src="../../header.js"></script>
<div id="page">
<h3>NanoPi M1</h3>
<p><b>Flash Image(SDCard)</b></p>
<hr size="1">
<p>
步驟如下：
</p>
<pre>
$ cd
$ git clone https://github.com/steward-fu/h3_os
$ cd h3_os
$ 7za x nanopi-m1_debian-jessie_3.4.39_20171102.img.zip
$ sudo dd if=nanopi-m1_debian-jessie_3.4.39_20171102.img of=/dev/sdx bs=1M
</pre>
<p>
P.S. login:root, password:fa<br><br>

Baudrate: 115200bps
</p>
<pre>
HELLO! BOOT0 is starting!
boot0 version : 4.0.0
boot0 commit : 8776add30ac9925e51defb2a1b50dec2570a3bd1
 
fel_flag = 0x00000000
rtc[0] value = 0x00000000
rtc[1] value = 0x00000000
rtc[2] value = 0x00000000
rtc[3] value = 0x00000000
rtc[4] value = 0x00000000
rtc[5] value = 0x00000000
rtc[6] value = 0x00000000
rtc[7] value = 0x00000000
DRAM DRIVE INFO: V1.3
the chip id is 0x00000081
the chip id is 0x00000081
the chip id is 0x00000081
the chip id is 0x00000081
the chip id is 0x00000081
READ DQS LCDL = 00232323
DRAM Type = 3 (2:DDR2,3:DDR3,6:LPDDR2,7:LPDDR3)
DRAM CLK = 576 MHz
DRAM zq value: 003b3bfb
DRAM dram para1: 10f40400
DRAM dram para2: 00000000
DRAM workmode1: 000009f4
DRAM SIZE =1024 M
odt delay 
dram size =1024
card boot number = 0
card no is 0
sdcard 0 line count 4
[mmc]: mmc driver ver 2015-04-13 16:07:39
[mmc]: ***Try SD card 0***
[mmc]: SD/MMC Card: 4bit, capacity: 29983MB
[mmc]: vendor: Man 001b534d Snr 72edd936
[mmc]: product: 00000
[mmc]: revision: 1.0
[mmc]: ***SD/MMC 0 init OK!!!***
sdcard 0 init ok
The size of uboot is 000e4000.
sum=b4e88276
src_sum=b4e88276
Succeed in loading uboot from sdmmc flash.
Ready to disable icache.
Jump to secend Boot.
SUNXI_NORMAL_MODE   
[      0.380]e mode

U-Boot 2011.09-rc1-00000-g8776add (May 16 2017 - 01:32:16) Allwinner Technology 

[      0.388]version: 1.1.0
[      0.391]uboot commit : 8776add30ac9925e51defb2a1b50dec2570a3bd1
 
normal mode
[      0.402]pmbus:   ready
not set main pmu id
axp_probe error
gpio value=0x20000
[      0.440]PMU: pll1 1008 Mhz,PLL6=600 Mhz
AXI=336 Mhz,AHB=200 Mhz, APB1=100 Mhz 
sid read already 
fel key new mode
run key detect
no key found
no key input
dram_para_set start
dram_para_set end
normal mode
[      0.471]DRAM:  1 GiB
relocation Offset is: 35af2000
[box standby] read rtc = 0x0
[box_start_os] mag be start_type no use
user_gpio config
user_gpio ok
gic: normal or no secure os mode
workmode = 0
MMC:     0
[      0.550][mmc]: mmc driver ver 2015-04-13 14:50:00
[      0.555][mmc]: get sdc_phy_wipe fail.
[      0.559][mmc]: get sdc0 sdc_erase fail.
[      0.563][mmc]: get sdc_f_max fail,use default 50000000Hz
[      0.568][mmc]: get sdc_ex_dly_used fail,use default dly
[      0.574][mmc]: SUNXI SD/MMC: 0
[      0.587][mmc]: *Try SD card 0*
[      0.620][mmc]: CID 0x1b534d30 0x30303030 0x1072edd9 0x3600d29f
[      0.625][mmc]: mmc clk 50000000
[      0.629][mmc]: SD/MMC Card: 4bit, capacity: 29983MB
[      0.634][mmc]: boot0 capacity: 0KB,boot1 capacity: 0KB
[      0.639][mmc]: ***SD/MMC 0 init OK!!!***
[      0.643][mmc]: erase_grp_size:0x1WrBlk * 0x200 = 0x200 Byte
[      0.649][mmc]: secure_feature 0x0
[      0.652][mmc]: secure_removal_type  0x0
[      0.656]sunxi flash init ok
script config pll_de to 864 Mhz
Not Found clk pll_video1 in script 
script config pll_video to 297 Mhz
script config pll_periph0 to 600 Mhz
unable to find regulator vcc-hdmi-18 from [pmu1_regu] or [pmu2_regu] 
enable power vcc-hdmi-18, ret=-1
DRV_DISP_Init end
[disk_read_fs] no the partition
error: open tv_vdid.fex, maybe it is not exist
[disk_read_fs] no the partition
error: open disp_rsl.fex, maybe it is not exist
[disk_read_fs] no the partition
error: open disp_rsl.fex, maybe it is not exist
boot_disp.auto_hpd=1
auto hpd check has 100 times!
auto check no any connected, the output_type is 4
[      2.030]finally, output_type=0x4, output_mode=0x4, screen_id=0x0, disp_para=0x0
try to read logic blk 0 without env partition
*** Warning - bad CRC, using default environment

In:    serial
Out:   serial
Err:   serial
--------fastboot partitions--------
mbr not exist
base bootcmd=run setargs_mmc boot_normal
bootcmd set setargs_mmc
key 0
cant find rcvy value
cant find fstbt value
no misc partition is found
to be run cmd=run setargs_mmc boot_normal
[      2.078][mmc]: MMC Device 2 not found
[      2.082][mmc]: Can not find mmc dev
[      2.085][mmc]: read first backup failed in fun sdmmc_secure_storage_read line 1854
sunxi_secstorage_read fail
get secure storage map err
check user data form private
the private part isn't exist
WORK_MODE_BOOT
adver not need show
sunxi_bmp_logo_display
[      2.174][mmc]: blkcnt should not be 0
[      2.187]screen_id =0, screen_width =0, screen_height =0
[      2.192]frame buffer address 46400036
[      2.196]Hit any key to stop autoboot:  0 
[      3.866]ready to boot
board_display_setenv:  disp_para=0 init_disp=20b0404 tv_vdid=0
[      3.874][mmc]: MMC Device 2 not found
[      3.878][mmc]:  mmc  not find,so not exit
[      3.882]
Starting kernel ...

[sun8i_fixup]: From boot, get meminfo:
        Start:  0x40000000
        Size:   1024MB
ion_carveout reserve: 160m@0 256m@0 130m@1 200m@1
ion_reserve_select: ion chipid  [0x2c00081!
ion_reserve_common: ion reserve: [0x50000000, 0x60000000]!
[    0.000000] Booting Linux on physical CPU 0
[    0.000000] Initializing cgroup subsys cpuset
[    0.000000] Initializing cgroup subsys cpu
[    0.000000] Linux version 3.4.399999-h3 (steward@debian) (gcc version 4.6.3 20120201 (prerelease) (crosstool-NG linaro-1.13.1-2012.02-20120222 - Linaro GCC 2012.02) ) #2 S8
[    0.000000] CPU: ARMv7 Processor [410fc075] revision 5 (ARMv7), cr=10c5387d
[    0.000000] CPU: PIPT / VIPT nonaliasing data cache, VIPT aliasing instruction cache
[    0.000000] Machine: sun8i
[    0.000000] cma: CMA: reserved 256 MiB at 50000000
[    0.000000] Memory policy: ECC disabled, Data cache writealloc
[    0.000000] On node 0 totalpages: 262144
[    0.000000] free_area_init_node: node 0, pgdat c0a5c040, node_mem_map c12d8000
[    0.000000]   Normal zone: 1710 pages used for memmap
[    0.000000]   Normal zone: 0 pages reserved
[    0.000000]   Normal zone: 192850 pages, LIFO batch:31
[    0.000000]   HighMem zone: 594 pages used for memmap
[    0.000000]   HighMem zone: 66990 pages, LIFO batch:15
[    0.000000] script_init enter!
[    0.000000] script_init exit!
[    0.000000] PERCPU: Embedded 8 pages/cpu @c1bed000 s11840 r8192 d12736 u32768
[    0.000000] pcpu-alloc: s11840 r8192 d12736 u32768 alloc=8*4096
[    0.000000] pcpu-alloc: [0] 0 [0] 1 [0] 2 [0] 3 
[    0.000000] Built 1 zonelists in Zone order, mobility grouping on.  Total pages: 259840
[    0.000000] Kernel command line: console=ttyS0,115200 console=tty0 root=/dev/mmcblk0p2 rootwait storage_type=1 init=/sbin/init loglevel=8 partitions= selinux=0 fsck.repair4
[    0.000000] setup_bootdev 1
[    0.000000] PID hash table entries: 4096 (order: 2, 16384 bytes)
[    0.000000] Dentry cache hash table entries: 131072 (order: 7, 524288 bytes)
[    0.000000] Inode-cache hash table entries: 65536 (order: 6, 262144 bytes)
[    0.000000] allocated 2097152 bytes of page_cgroup
[    0.000000] please try 'cgroup_disable=memory' option if you don't want memory cgroups
[    0.000000] Memory: 1024MB = 1024MB total
[    0.000000] Memory: 758796k/758796k available, 289780k reserved, 270336K highmem
[    0.000000] Virtual kernel memory layout:
[    0.000000]     vector  : 0xffff0000 - 0xffff1000   (   4 kB)
[    0.000000]     fixmap  : 0xfff00000 - 0xfffe0000   ( 896 kB)
[    0.000000]     vmalloc : 0xf0000000 - 0xff000000   ( 240 MB)
[    0.000000]     lowmem  : 0xc0000000 - 0xef800000   ( 760 MB)
[    0.000000]     pkmap   : 0xbfe00000 - 0xc0000000   (   2 MB)
[    0.000000]     modules : 0xbf000000 - 0xbfe00000   (  14 MB)
[    0.000000]       .text : 0xc0008000 - 0xc0955858   (9527 kB)
[    0.000000]       .init : 0xc0956000 - 0xc09a9e40   ( 336 kB)
[    0.000000]       .data : 0xc09aa000 - 0xc0a5e878   ( 723 kB)
[    0.000000]        .bss : 0xc0a5f02c - 0xc0b7fea0   (1156 kB)
[    0.000000] Preemptible hierarchical RCU implementation.
[    0.000000]  Additional per-CPU info printed with stalls.
[    0.000000] NR_IRQS:544
[    0.000000] Architected local timer running at 24.00MHz.
[    0.000000] Switching to timer-based delay loop
[    0.000000] sched_clock: 32 bits at 24MHz, resolution 41ns, wraps every 178956ms
[    0.000000] Console: colour dummy device 80x30
[    0.000000] console [tty0] enabled
[    0.001472] Calibrating delay loop (skipped), value calculated using timer frequency.. 4800.00 BogoMIPS (lpj=24000000)
[    0.001540] pid_max: default: 32768 minimum: 301
[    0.001907] Mount-cache hash table entries: 512
[    0.002957] Initializing cgroup subsys cpuacct
[    0.002998] Initializing cgroup subsys memory
[    0.003066] Initializing cgroup subsys devices
[    0.003098] Initializing cgroup subsys freezer
[    0.003127] Initializing cgroup subsys blkio
[    0.003169] Initializing cgroup subsys perf_event
[    0.003245] CPU: Testing write buffer coherency: ok
[    0.003309] ftrace: allocating 25874 entries in 76 pages
[    0.040303] CPU0: thread -1, cpu 0, socket 0, mpidr 80000000
[    0.040348] [sunxi_smp_prepare_cpus] enter
[    0.040398] Setting up static identity map for 0x406994d8 - 0x40699530
[    0.041374] CPU1: Booted secondary processor
[    0.041374] CPU1: thread -1, cpu 1, socket 0, mpidr 80000001
[    0.041508] CPU2: Booted secondary processor
[    0.041508] CPU2: thread -1, cpu 2, socket 0, mpidr 80000002
[    0.041508] CPU3: Booted secondary processor
[    0.041508] CPU3: thread -1, cpu 3, socket 0, mpidr 80000003
[    0.050203] Brought up 4 CPUs
[    0.050317] SMP: Total of 4 processors activated (19200.00 BogoMIPS).
[    0.051063] devtmpfs: initialized
[    0.054557] wakeup src cnt is : 2. 
[    0.054584] [exstandby]leave extended_standby_enable_wakeup_src : event 0x800000
[    0.054616] [exstandby]leave extended_standby_enable_wakeup_src : wakeup_gpio_map 0x0
[    0.054648] [exstandby]leave extended_standby_enable_wakeup_src : wakeup_gpio_group 0x40
[    0.054681] [exstandby]leave extended_standby_enable_wakeup_src : event 0x800000
[    0.054713] [exstandby]leave extended_standby_enable_wakeup_src : wakeup_gpio_map 0x8
[    0.054745] [exstandby]leave extended_standby_enable_wakeup_src : wakeup_gpio_group 0x40
[    0.054778] sunxi pm init
[    0.054926] pinctrl core: initialized pinctrl subsystem
[    0.068461] NET: Registered protocol family 16
[    0.069595] DMA: preallocated 2048 KiB pool for atomic coherent allocations
[    0.069595] script_sysfs_init success
[    0.069595] sunxi_dump_init success
[    0.069595] gpiochip_add: registered GPIOs 0 to 383 on device: sunxi-pinctrl
[    0.069595] sunxi-pinctrl sunxi-pinctrl: initialized sunXi PIO driver
[    0.070122] plat: add adxl34x device
[    0.070151] plat: add bmp085 device
[    0.070170] plat: add ds1307 device
[    0.070188] plat: add pcf8591 device
[    0.070227] hw-breakpoint: found 5 (+1 reserved) breakpoint and 4 watchpoint registers.
[    0.070262] hw-breakpoint: maximum watchpoint size is 8 bytes.
[    0.070474] script config pll_video to 297 Mhz
[    0.070504] script config pll_de to 864 Mhz
[    0.070530] script config pll_ve to 402 Mhz
[    0.070568] sunxi_default_clk_init
[    0.070586] try to set pll6ahb1 to 200000000
[    0.070617] try to set ahb clk source to pll6ahb1
[    0.070638] set ahb clk source to pll6ahb1
[    0.070659] try to set ahb1 to 200000000
[    0.070681] try to set apb1 to 100000000
[    0.080258] bio: create slab <bio-0> at 0
[    0.080434] [ARISC] :sunxi-arisc driver v1.04
[    0.093305] [ARISC] :arisc version: [v0.1.58]
[    0.179609] [ARISC] :sunxi-arisc driver v1.04 startup succeeded
[    0.179732] pwm module init!
[    0.190000] SCSI subsystem initialized
[    0.190000] usbcore: registered new interface driver usbfs
[    0.190000] usbcore: registered new interface driver hub
[    0.190049] usbcore: registered new device driver usb
[    0.191084] Linux media interface: v0.10
[    0.191149] Linux video capture interface: v2.00
[    0.191437] Advanced Linux Sound Architecture Driver Version 1.0.25.
[    0.192008] Bluetooth: Core ver 2.16
[    0.192072] NET: Registered protocol family 31
[    0.192094] Bluetooth: HCI device and connection manager initialized
[    0.192123] Bluetooth: HCI socket layer initialized
[    0.192146] Bluetooth: L2CAP socket layer initialized
[    0.192182] Bluetooth: SCO socket layer initialized
[    0.192281] Switching to clocksource arch_sys_counter
[    0.203360] FS-Cache: Loaded
[    0.203683] CacheFiles: Loaded
[    0.215522] NET: Registered protocol family 2
[    0.215830] IP route cache hash table entries: 32768 (order: 5, 131072 bytes)
[    0.216444] TCP established hash table entries: 131072 (order: 8, 1048576 bytes)
[    0.218363] TCP bind hash table entries: 65536 (order: 7, 786432 bytes)
[    0.219306] TCP: Hash tables configured (established 131072 bind 65536)
[    0.219334] TCP: reno registered
[    0.219357] UDP hash table entries: 512 (order: 2, 16384 bytes)
[    0.219409] UDP-Lite hash table entries: 512 (order: 2, 16384 bytes)
[    0.219728] NET: Registered protocol family 1
[    0.220157] RPC: Registered named UNIX socket transport module.
[    0.220190] RPC: Registered udp transport module.
[    0.220212] RPC: Registered tcp transport module.
[    0.220233] RPC: Registered tcp NFSv4.1 backchannel transport module.
[    0.220445] Unpacking initramfs...
[    0.404499] Freeing initrd memory: 2908K
[    0.405235] hw perfevents: enabled with ARMv7 Cortex_A7 PMU driver, 5 counters available
[    0.405389] sunxi_reg_init enter
[    0.406179] audit: initializing netlink socket (disabled)
[    0.406248] type=2000 audit(0.400:1): initialized
[    0.407369] highmem bounce pool size: 64 pages
[    0.407758] VFS: Disk quotas dquot_6.5.2
[    0.407960] Dquot-cache hash table entries: 1024 (order 0, 4096 bytes)
[    0.408601] NFS: Registering the id_resolver key type
[    0.408982] Installing knfsd (copyright (C) 1996 okir@monad.swb.de).
[    0.409573] NTFS driver 2.1.30 [Flags: R/W].
[    0.409902] fuse init (API version 7.18)
[    0.410328] msgmni has been set to 1471
[    0.411765] Block layer SCSI generic (bsg) driver version 0.4 loaded (major 250)
[    0.411816] io scheduler noop registered
[    0.411837] io scheduler deadline registered
[    0.411909] io scheduler cfq registered (default)
[    0.412386] [DISP]disp_module_init
[    0.412715] cmdline,init_disp=20b0404
[    0.412764] cmdline,disp=0
[    0.458203] Console: switching to colour frame buffer device 160x45
[    0.474539] [DISP]disp_module_init finish
[    0.474878] sw_uart_get_devinfo()1503 - uart0 has no uart_regulator.
[    0.475056] sw_uart_get_devinfo()1503 - uart1 has no uart_regulator.
[    0.475230] sw_uart_get_devinfo()1503 - uart2 has no uart_regulator.
[    0.475403] sw_uart_get_devinfo()1503 - uart3 has no uart_regulator.
[    0.476149] uart0: ttyS0 at MMIO 0x1c28000 (irq = 32) is a SUNXI
[    0.476319] sw_uart_pm()890 - uart0 clk is already enable
[    0.476474] sw_console_setup()1233 - console setup baud 115200 parity n bits 8, flow n
[    0.572882] console [ttyS0] enabled
[    1.225855] uart1: ttyS1 at MMIO 0x1c28400 (irq = 33) is a SUNXI
[    1.387372] uart2: ttyS2 at MMIO 0x1c28800 (irq = 34) is a SUNXI
[    1.557579] uart3: ttyS3 at MMIO 0x1c28c00 (irq = 35) is a SUNXI
[    1.718324] sunxi_cmatest_init enter
[    1.882257] sunxi_cmatest_init success
[    2.054708] [drm] Initialized drm 1.1.0 20060810
[    2.178060] loop: module loaded
[    2.186074] sunxi_spi_chan_cfg()1383 - [spi-0] has no spi_regulator.
[    2.197469] sunxi_spi_chan_cfg()1383 - [spi-1] has no spi_regulator.
[    2.209333] spi spi0: master is unqueued, this is deprecated
[    2.220243] tun: Universal TUN/TAP device driver, 1.6
[    2.230112] tun: (C) 1999-2004 Max Krasnyansky <maxk@qualcomm.com>
[    2.242272] PPP generic driver version 2.4.2
[    2.251618] PPP BSD Compression module registered
[    2.261178] PPP Deflate Compression module registered
[    2.273864] PPP MPPE Compression module registered
[    2.283571] NET: Registered protocol family 24
[    2.292751] PPTP driver version 0.8.5
[    2.301264] ehci_hcd: USB 2.0 'Enhanced' Host Controller (EHCI) Driver
[    2.332921] sunxi-ehci sunxi-ehci.1: SW USB2.0 'Enhanced' Host Controller (EHCI) Driver
[    2.346224] sunxi-ehci sunxi-ehci.1: new USB bus registered, assigned bus number 1
[    2.359606] sunxi-ehci sunxi-ehci.1: irq 104, io mem 0xf1c1a000
[    2.390042] sunxi-ehci sunxi-ehci.1: USB 0.0 started, EHCI 1.00
[    2.401579] hub 1-0:1.0: USB hub found
[    2.409962] hub 1-0:1.0: 1 port detected
[    2.438893] sunxi-ehci sunxi-ehci.2: SW USB2.0 'Enhanced' Host Controller (EHCI) Driver
[    2.452150] sunxi-ehci sunxi-ehci.2: new USB bus registered, assigned bus number 2
[    2.465304] sunxi-ehci sunxi-ehci.2: irq 106, io mem 0xf1c1b000
[    2.490046] sunxi-ehci sunxi-ehci.2: USB 0.0 started, EHCI 1.00
[    2.501447] hub 2-0:1.0: USB hub found
[    2.509817] hub 2-0:1.0: 1 port detected
[    2.538821] sunxi-ehci sunxi-ehci.3: SW USB2.0 'Enhanced' Host Controller (EHCI) Driver
[    2.552124] sunxi-ehci sunxi-ehci.3: new USB bus registered, assigned bus number 3
[    2.565346] sunxi-ehci sunxi-ehci.3: irq 108, io mem 0xf1c1c000
[    2.590042] sunxi-ehci sunxi-ehci.3: USB 0.0 started, EHCI 1.00
[    2.601490] hub 3-0:1.0: USB hub found
[    2.609953] hub 3-0:1.0: 1 port detected
[    2.638947] sunxi-ehci sunxi-ehci.4: SW USB2.0 'Enhanced' Host Controller (EHCI) Driver
[    2.652341] sunxi-ehci sunxi-ehci.4: new USB bus registered, assigned bus number 4
[    2.665683] sunxi-ehci sunxi-ehci.4: irq 110, io mem 0xf1c1d000
[    2.690041] sunxi-ehci sunxi-ehci.4: USB 0.0 started, EHCI 1.00
[    2.701685] hub 4-0:1.0: USB hub found
[    2.710404] hub 4-0:1.0: 1 port detected
[    2.719523] ohci_hcd: USB 1.1 'Open' Host Controller (OHCI) Driver
[    2.750880] sunxi-ohci sunxi-ohci.1: SW USB2.0 'Open' Host Controller (OHCI) Driver
[    2.763891] sunxi-ohci sunxi-ohci.1: new USB bus registered, assigned bus number 5
[    2.776901] sunxi-ohci sunxi-ohci.1: irq 105, io mem 0xf1c1a400
[    2.844575] hub 5-0:1.0: USB hub found
[    2.853291] hub 5-0:1.0: 1 port detected
[    2.882577] sunxi-ohci sunxi-ohci.2: SW USB2.0 'Open' Host Controller (OHCI) Driver
[    2.895831] sunxi-ohci sunxi-ohci.2: new USB bus registered, assigned bus number 6
[    2.908994] sunxi-ohci sunxi-ohci.2: irq 107, io mem 0xf1c1b400
[    2.984569] hub 6-0:1.0: USB hub found
[    2.993463] hub 6-0:1.0: 1 port detected
[    3.022827] sunxi-ohci sunxi-ohci.3: SW USB2.0 'Open' Host Controller (OHCI) Driver
[    3.036130] sunxi-ohci sunxi-ohci.3: new USB bus registered, assigned bus number 7
[    3.049338] sunxi-ohci sunxi-ohci.3: irq 109, io mem 0xf1c1c400
[    3.124603] hub 7-0:1.0: USB hub found
[    3.133474] hub 7-0:1.0: 1 port detected
[    3.162872] sunxi-ohci sunxi-ohci.4: SW USB2.0 'Open' Host Controller (OHCI) Driver
[    3.176204] sunxi-ohci sunxi-ohci.4: new USB bus registered, assigned bus number 8
[    3.189458] sunxi-ohci sunxi-ohci.4: irq 111, io mem 0xf1c1d400
[    3.264571] hub 8-0:1.0: USB hub found
[    3.273477] hub 8-0:1.0: 1 port detected
[    3.282848] Initializing USB Mass Storage driver...
[    3.293114] usbcore: registered new interface driver usb-storage
[    3.304443] USB Mass Storage support registered.
[    3.314312] usbcore: registered new interface driver ums-alauda
[    3.325655] usbcore: registered new interface driver ums-cypress
[    3.337088] usbcore: registered new interface driver ums-datafab
[    3.348386] usbcore: registered new interface driver ums_eneub6250
[    3.359799] usbcore: registered new interface driver ums-freecom
[    3.370959] usbcore: registered new interface driver ums-isd200
[    3.382046] usbcore: registered new interface driver ums-jumpshot
[    3.393190] usbcore: registered new interface driver ums-karma
[    3.404016] usbcore: registered new interface driver ums-onetouch
[    3.415030] usbcore: registered new interface driver ums-realtek
[    3.425845] usbcore: registered new interface driver ums-sddr09
[    3.436495] usbcore: registered new interface driver ums-sddr55
[    3.447107] usbcore: registered new interface driver ums-usbat
[    3.457606] usbcore: registered new interface driver usbserial
[    3.467974] usbserial: USB Serial Driver core
[    3.476666] usbcore: registered new interface driver option
[    3.486699] USB Serial support registered for GSM modem (1-port)
[    3.497840] file system registered
[    3.507126] android_usb gadget: Mass Storage Function, version: 2009/09/11
[    3.518732] android_usb gadget: Number of LUNs=3
[    3.527774]  lun0: LUN: removable file: (no medium)
[    3.537091]  lun1: LUN: removable file: (no medium)
[    3.546265]  lun2: LUN: removable file: (no medium)
[    3.555704] android_usb gadget: android_usb ready
[    3.564826]  uinput result 0 , vmouse_init 
[    3.573733] mousedev: PS/2 mouse device common for all mice
[    3.584688] ls_fetch_sysconfig_para: ls_unused. 
[    3.593488] ltr_init: ls_fetch_sysconfig_para err.
[    3.602728] [RTC] WARNING: Rtc time will be wrong!!
[    3.611778] [RTC] WARNING: use *internal OSC* as clock source
[    3.622034] sunxi-rtc sunxi-rtc: rtc core: registered sunxi-rtc as rtc0
[    3.633164] i2c /dev entries driver
[    3.641057] IR RC5(x) protocol handler initialized
[    3.663682] [ISP] isp platform_id = 5!
[    3.671613] sunxi tsc version 0.1 
[    3.678945] tscdev_init: tsc driver is disabled
[    3.687752] sunxi cedar version 0.1 
[    3.695264] [cedar]: install start!!!
[    3.703098] [cedar]: install end!!!
[    3.710443] Driver for 1-wire Dallas network protocol.
[    3.719654] sunxi_wdt_init_module: sunxi WatchDog Timer Driver v1.0
[    3.730344] sunxi_wdt_probe: devm_ioremap return wdt_reg 0xf1c20ca0, res->start 0x01c20ca0, res->end 0x01c20cbf
[    3.741883] sunxi_wdt_probe: initialized (g_timeout=16s, g_nowayout=0)
[    3.756463] wdt_enable, write reg 0xf1c20cb8 val 0x00000000
[    3.766320] timeout_to_interv, line 167
[    3.774185] interv_to_timeout, line 189
[    3.782076] wdt_set_tmout, write 0x000000b0 to mode reg 0xf1c20cb8, actual timeout 16 sec
[    3.785572] [OV5640]error at sensor_detect
[    3.785579] [OV5640]chip found is not an target chip.
[    3.813165] device-mapper: uevent: version 1.0.3
[    3.822576] device-mapper: ioctl: 4.22.0-ioctl (2011-10-19) initialised: dm-devel@redhat.com
[    3.836237] Bluetooth: HCI UART driver ver 2.2
[    3.845437] Bluetooth: HCI H4 protocol initialized
[    3.855044] Bluetooth: HCI BCSP protocol initialized
[    3.864888] Bluetooth: HCILL protocol initialized
[    3.874469] Bluetooth: HCIATH3K protocol initialized
[    3.884503] Bluetooth: MSM Sleep Mode Driver Ver 1.2
[    3.894527] Bluetooth: init no bt used in configuration
[    3.894533] 
[    3.910988] calibrat: max_cpufreq 1200Mhz Type 0!
[    3.920698] [cpu_freq] ERR:get cpu extremity frequency from sysconfig failed, use max_freq
[    3.934819] [mmc]: SD/MMC/SDIO Host Controller Driver(v1.111 2015-4-13 15:24) Compiled in Jul 15 2018 at 16:28:38
[    3.951032] [mmc]: get mmc0's sdc_power is null!
[    3.960852] [mmc]: MMC host used card: 0x1, boot card: 0x1, io_card 0
[    3.974798] no red_led, ignore it!
[    3.976255] [mmc]: sdc0 power_supply is null
[    3.994588] Registered led device: green_led
[    4.003497] Registered led device: blue_led
[    4.013627] usbcore: registered new interface driver usbhid
[    4.023873] usbhid: USB HID core driver
[    4.032791] pcm5102a_probe
[    4.040478] script_get_item audio_pa_ctrl not found
[    4.042698] mmc0: new high speed SDHC card at address 0001
[    4.060070] mmcblk0: mmc0:0001 00000 29.2 GiB 
[    4.070399]  mmcblk0: p1 p2
[    4.078264] asoc: sndcodec <-> sunxi-codec mapping ok
[    4.088658] [DAUDIO]sunxi-daudio cannot find any using configuration for controllers, return directly!
[    4.103347] [I2S]snddaudio cannot find any using configuration for controllers, return directly!
[    4.117309] [DAUDIO0] driver not init,just return.
[    4.129853] asoc: sndhdmi <-> sunxi-hdmiaudio.0 mapping ok
[    4.141217] oprofile: using arm/armv7-ca7
[    4.150108] u32 classifier
[    4.157313]     Actions configured
[    4.165334] Netfilter messages via NETLINK v0.30.
[    4.174885] nf_conntrack version 0.5.0 (15997 buckets, 63988 max)
[    4.186334] ctnetlink v0.93: registering with nfnetlink.
[    4.196504] NF_TPROXY: Transparent proxy support initialized, version 4.1.0
[    4.208467] NF_TPROXY: Copyright (c) 2006-2007 BalaBit IT Ltd.
[    4.219456] xt_time: kernel timezone is -0000
[    4.228615] IPv4 over IPv4 tunneling driver
[    4.237889] gre: GRE over IPv4 demultiplexor driver
[    4.247449] ip_gre: GRE over IPv4 tunneling driver
[    4.257481] ip_tables: (C) 2000-2006 Netfilter Core Team
[    4.267697] arp_tables: (C) 2002 David S. Miller
[    4.276970] TCP: cubic registered
[    4.284657] Initializing XFRM netlink socket
[    4.293548] NET: Registered protocol family 10
[    4.303566] Mobile IPv6
[    4.310294] ip6_tables: (C) 2000-2006 Netfilter Core Team
[    4.320518] IPv6 over IPv4 tunneling driver
[    4.330229] NET: Registered protocol family 17
[    4.339246] NET: Registered protocol family 15
[    4.348408] Bluetooth: RFCOMM TTY layer initialized
[    4.357870] Bluetooth: RFCOMM socket layer initialized
[    4.367577] Bluetooth: RFCOMM ver 1.11
[    4.375622] Bluetooth: BNEP (Ethernet Emulation) ver 1.3
[    4.385324] Bluetooth: BNEP filters: protocol multicast
[    4.394837] Bluetooth: HIDP (Human Interface Emulation) ver 1.2
[    4.405228] L2TP core driver, V2.0
[    4.412662] PPPoL2TP kernel driver, V2.0
[    4.420663] L2TP IP encapsulation support (L2TPv3)
[    4.429703] L2TP netlink interface
[    4.437187] L2TP ethernet pseudowire support (L2TPv3)
[    4.446502] Registering the dns_resolver key type
[    4.455998] VFP support v0.3: implementor 41 architecture 2 part 30 variant 7 rev 5
[    4.468334] ThumbEE CPU extension supported.
[    4.476874] Registering SWP/SWPB emulation handler
[    4.486906] cmdline,disp=0
[    4.493712] [HDMI] power vcc-hdmi-18
[    4.532522] sunxi-rtc sunxi-rtc: setting system clock to 1970-01-01 00:00:09 UTC (9)
[    4.545035] ths_fetch_sysconfig_para: type err  device_used = 1. 
[    4.556881] CPU Budget:Register notifier
[    4.564986] CPU Budget:register Success
[    4.572838] sunxi-budget-cooling sunxi-budget-cooling: Cooling device registered: thermal-budget-0
[    4.589387] [rf_pm]: module power0 name vcc-wifi-33
[    4.598622] [rf_pm]: Did not config module_power1 in sys_config
[    4.608990] [rf_pm]: Did not config module_power2 in sys_config
[    4.619315] [rf_pm]: Did not config module_power3 in sys_config
[    4.629580] [rf_pm]: mod has no chip_en gpio
[    4.637964] [rf_pm]: failed to fetch lpo_use_apclk
[    4.646891] [rf_pm]: regulator on.
[    4.654249] [wifi_pm]: no wifi used in configuration
[    4.663356] [rfkill]: init no bt used in configuration
[    4.672607] ALSA device list:
[    4.679388]   #0: audiocodec
[    4.686049]   #1: sndhdmi
[    4.692697] Freeing init memory: 332K
[    5.140045] [DISP] disp_device_attached_and_enable,line:159:attched ok, mgr0<-->device0, type=4, mode=4
[    5.533275] EXT4-fs (mmcblk0p2): mounted filesystem with ordered data mode. Opts: (null)
[    5.554839] EXT4-fs (mmcblk0p2): re-mounted. Opts: data=ordered
[    6.570535] systemd[1]: systemd 215 running in system mode. (+PAM +AUDIT +SELINUX +IMA +SYSVINIT +LIBCRYPTSETUP +GCRYPT +ACL +XZ -SECCOMP -APPARMOR)
[    6.597396] systemd[1]: Detected architecture 'arm'.
[    6.666627] systemd[1]: Set hostname to <FriendlyELEC>.
[    6.951901] systemd[1]: Starting Forward Password Requests to Wall Directory Watch.
[    6.965372] systemd[1]: Started Forward Password Requests to Wall Directory Watch.
[    6.978356] systemd[1]: Expecting device dev-ttyS0.device...
[    6.994337] systemd[1]: Expecting device dev-ttyAMA0.device...
[    7.010123] systemd[1]: Starting Remote File Systems (Pre).
[    7.025699] systemd[1]: Reached target Remote File Systems (Pre).
[    7.037045] systemd[1]: Starting Dispatch Password Requests to Console Directory Watch.
[    7.050727] systemd[1]: Started Dispatch Password Requests to Console Directory Watch.
[    7.064235] systemd[1]: Starting Paths.
[    7.078106] systemd[1]: Reached target Paths.
[    7.087712] systemd[1]: Set up automount Arbitrary Executable File Formats File System Automount Point.
[    7.103021] systemd[1]: Starting Encrypted Volumes.
[    7.118408] systemd[1]: Reached target Encrypted Volumes.
[    7.129307] systemd[1]: Expecting device dev-mmcblk0p1.device...
[    7.146166] systemd[1]: Starting Root Slice.
[    7.161323] systemd[1]: Created slice Root Slice.
[    7.171620] systemd[1]: Starting User and Session Slice.
[    7.187749] systemd[1]: Created slice User and Session Slice.
[    7.199078] systemd[1]: Starting /dev/initctl Compatibility Named Pipe.
[    7.216709] systemd[1]: Listening on /dev/initctl Compatibility Named Pipe.
[    7.229407] systemd[1]: Starting Delayed Shutdown Socket.
[    7.245553] systemd[1]: Listening on Delayed Shutdown Socket.
[    7.256853] systemd[1]: Starting Journal Socket (/dev/log).
[    7.273040] systemd[1]: Listening on Journal Socket (/dev/log).
[    7.284445] systemd[1]: Starting udev Control Socket.
[    7.299904] systemd[1]: Listening on udev Control Socket.
[    7.310755] systemd[1]: Starting udev Kernel Socket.
[    7.325764] systemd[1]: Listening on udev Kernel Socket.
[    7.336245] systemd[1]: Starting Journal Socket.
[    7.350833] systemd[1]: Listening on Journal Socket.
[    7.361011] systemd[1]: Starting System Slice.
[    7.375327] systemd[1]: Created slice System Slice.
[    7.385252] systemd[1]: Starting system-getty.slice.
[    7.400111] systemd[1]: Created slice system-getty.slice.
[    7.410541] systemd[1]: Starting system-serial\x2dgetty.slice.
[    7.426241] systemd[1]: Created slice system-serial\x2dgetty.slice.
[    7.437698] systemd[1]: Starting Increase datagram queue length...
[    7.511200] systemd[1]: Mounted Huge Pages File System.
[    7.528381] systemd[1]: Mounted POSIX Message Queue File System.
[    7.547417] systemd[1]: Started Create list of required static device nodes for the current kernel.
[    7.568136] systemd[1]: Mounting Debug File System...
[    7.681474] systemd[1]: Started Set Up Additional Binary Formats.
[    7.697022] systemd[1]: Starting Load Kernel Modules...
[    7.790900] systemd[1]: Starting Create Static Device Nodes in /dev...
[    7.870730] systemd[1]: Starting udev Coldplug all Devices...
[    7.990715] systemd[1]: Starting Slices.
[    8.006289] systemd[1]: Reached target Slices.
[    8.024345] systemd[1]: Mounted Debug File System.
[    8.115750] systemd[1]: Started Increase datagram queue length.
[    8.129219] systemd[1]: systemd-modules-load.service: main process exited, code=exited, status=1/FAILURE
[    8.201526] systemd[1]: Failed to start Load Kernel Modules.
[    8.213166] systemd[1]: Unit systemd-modules-load.service entered failed state.
[    8.285911] systemd[1]: Started Create Static Device Nodes in /dev.
[    8.402918] systemd[1]: Starting udev Kernel Device Manager...
[    8.560904] systemd[1]: Mounting FUSE Control File System...
[    8.575565] systemd-udevd[175]: starting version 215
[    8.670820] systemd[1]: Mounted Configuration File System.
[    8.682858] systemd[1]: Starting Apply Kernel Variables...
[    8.760779] systemd[1]: Starting Syslog Socket.
[    8.776927] systemd[1]: Listening on Syslog Socket.
[    8.787221] systemd[1]: Starting Journal Service...
[    8.876479] systemd[1]: Started Journal Service.
[    9.820295] Adding 524284k swap on /mnt/512MB.swap.  Priority:-1 extents:5 across:1065340k SS
[   11.087452] systemd-journald[188]: Received request to flush runtime journal from PID 1
[   13.840679] gmac0: probed
[   13.847152] gmac0 gmac0: eth0: eth0: PHY ID 00441400 at 0 IRQ poll (gmac0-0:00)
[   14.327503] [DISP] disp_ioctl,line:1584:para err in disp_ioctl, cmd = 0x0,screen id = 65536

Debian GNU/Linux 8 FriendlyELEC ttyS0

FriendlyELEC login: root
Password: 
Last login: Thu Jan  1 08:01:28 CST 1970 on ttyS0
Linux FriendlyELEC 3.4.399999-h3 #2 SMP PREEMPT Sun Jul 15 16:54:26 CST 2018 armv7l

The programs included with the Debian GNU/Linux system are free software;
the exact distribution terms for each program are described in the
individual files in /usr/share/doc/*/copyright.

Debian GNU/Linux comes with ABSOLUTELY NO WARRANTY, to the extent
permitted by applicable law.
root@FriendlyELEC:~# 
</pre><br>

<p>
<br><a href="../../mcu.htm">返回上一頁</a>
</p>

</div>
</div>
</div>
</body>
</html>
