<!--
 ____________________________________________________________
|                                                            |
|    DESIGN + Pat Heard { http://fullahead.org }             |
|      DATE + 2006.09.12                                     |
| COPYRIGHT + Free use if this notice is kept in place.      |
|____________________________________________________________|

-->

<!DOCTYPE html PUBLIC "-//W3C//DTD XHTML 1.0 Strict//EN"
    "http://www.w3.org/TR/xhtml1/DTD/xhtml1-strict.dtd">
<html xmlns="http://www.w3.org/1999/xhtml" xml:lang="en" lang="en">
<head>
  <title>司徒的教學網站</title>
  <meta http-lowast="content-type" content="application/xhtml+xml; charset=UTF-8" />
  <meta name="author" content="fullahead.org" />
  <meta name="keywords" content="XHTML, CSS, template, FullAhead" />
  <meta name="description" content="A valid, XHTML 1.0 template" />
  <meta name="robots" content="index, follow, noarchive" />
  <meta name="googlebot" content="noarchive" />
  <meta name="viewport" content="width=device-width, initial-scale=1.0, user-scalable=yes, minimum-scale=0.1, maximum-scale=100.0"/>

  <link rel="shortcut icon" href="../../website.ico">
  <link rel="stylesheet" type="text/css" href="../../styles/shCore.css" />
  <link rel="stylesheet" type="text/css" href="../../styles/shThemeDefault.css" />
  <link rel="stylesheet" type="text/css" href="../../css/html.css" media="screen, projection, tv " />
  <link rel="stylesheet" type="text/css" href="../../css/layout.css" media="screen, projection, tv" />
  <link rel="stylesheet" type="text/css" href="../../css/print.css" media="print" />
  
  <script type="text/javascript" src="../../scripts/shCore.js"></script>
  <script type="text/javascript" src="../../scripts/shBrushCpp.js"></script>

  <!-- Conditional comment to apply opacity fix for IE #content background.
       Invalid CSS, but can be removed without harming design -->
  <!--[if gt IE 5]>
  <link rel="stylesheet" type="text/css" href="css/ie.css" media="screen, projection, tv " />
  <![endif]-->
</head>

<body>
<script type="text/javascript">SyntaxHighlighter.all();</script>
<div id="wrapper">
<div id="content">
<script type="text/javascript" src="../../header.js"></script>
<div id="page">
<h3>V3S</h3>
<p><b>Flash Image(SDCard)</b></p>
<hr size="1">
<p>
步驟如下：
</p>
<pre>
$ cd
$ wget https://github.com/steward-fu/v3s_image/blob/master/brmin_dd.tar.bz2
$ tar xvf brmin_dd.tar.bz2
$ sudo dd if=brmin_dd/lichee_zero-brmin_alpha.dd of=/dev/sdx
$ sync
</pre><br>

<p>
Baudrate 115200bps
</p>
<pre>
U-Boot SPL 2017.01-rc2-00055-gc41fbfe7b5 (Jan 20 2017 - 00:39:08)            
DRAM: 64 MiB                                                                 
Trying to boot from MMC1                                                     
                                                                             
U-Boot 2017.01-rc2-00055-gc41fbfe7b5 (Jan 20 2017 - 00:39:08 +0800) Allwinner Technology
                                                            
CPU:   Allwinner V3s (SUN8I 1681)                           
Model: Lichee Pi Zero                                       
DRAM:  64 MiB                                               
MMC:   SUNXI SD/MMC: 0                                      
*** Warning - bad CRC, using default environment

Setting up a 800x480 lcd console (overscan 0x0)
dotclock: 33000kHz = 33000kHz: (1 * 3MHz * 66) / 6
In:    serial@01c28000
Out:   serial@01c28000
Err:   serial@01c28000


U-Boot 2017.01-rc2-00055-gc41fbfe7b5 (Jan 20 2017 - 00:39:08 +0800) Allwinner Technology

CPU:   Allwinner V3s (SUN8I 1681)
Model: Lichee Pi Zero
DRAM:  64 MiB
MMC:   SUNXI SD/MMC: 0
*** Warning - bad CRC, using default environment

Setting up a 800x480 lcd console (overscan 0x0)
dotclock: 33000kHz = 33000kHz: (1 * 3MHz * 66) / 6
In:    serial@01c28000
Out:   serial@01c28000
Err:   serial@01c28000
Net:   No ethernet found.
starting USB...
No controllers found
Hit any key to stop autoboot:  0 
switch to partitions #0, OK
mmc0 is current device
Scanning mmc 0:1...
Found U-Boot script /boot.scr
reading /boot.scr
287 bytes read in 17 ms (15.6 KiB/s)
## Executing script at 41900000
reading zImage
3844640 bytes read in 636 ms (5.8 MiB/s)
reading sun8i-v3s-licheepi-zero.dtb
8585 bytes read in 30 ms (279.3 KiB/s)
## Flattened Device Tree blob at 41800000
   Booting using the fdt blob at 0x41800000
   Loading Device Tree to 42dfa000, end 42dff188 ... OK

Starting kernel ...

[    0.000000] Booting Linux on physical CPU 0x0
[    0.000000] Linux version 4.10.15-licheepi-zero+ (steward@debian) (gcc version 6.3.1 20170109 (Linaro GCC 6.3-2017.02) ) #1 SMP Fri Jul 6 19:56:22 CST 2018
[    0.000000] CPU: ARMv7 Processor [410fc075] revision 5 (ARMv7), cr=10c5387d
[    0.000000] CPU: div instructions available: patching division code
[    0.000000] CPU: PIPT / VIPT nonaliasing data cache, VIPT aliasing instruction cache
[    0.000000] OF: fdt:Machine model: Lichee Pi Zero
[    0.000000] Memory policy: Data cache writealloc
[    0.000000] percpu: Embedded 14 pages/cpu @c3dea000 s24716 r8192 d24436 u57344
[    0.000000] Built 1 zonelists in Zone order, mobility grouping on.  Total pages: 15883
[    0.000000] Kernel command line: console=ttyS0,115200 panic=5 console=tty0 rootwait root=/dev/mmcblk0p2 earlyprintk rw
[    0.000000] PID hash table entries: 256 (order: -2, 1024 bytes)
[    0.000000] Dentry cache hash table entries: 8192 (order: 3, 32768 bytes)
[    0.000000] Inode-cache hash table entries: 4096 (order: 2, 16384 bytes)
[    0.000000] Memory: 53644K/64036K available (6144K kernel code, 200K rwdata, 1392K rodata, 1024K init, 259K bss, 10392K reserved, 0K cma-reserved, 0K highmem)
[    0.000000] Virtual kernel memory layout:
[    0.000000]     vector  : 0xffff0000 - 0xffff1000   (   4 kB)
[    0.000000]     fixmap  : 0xffc00000 - 0xfff00000   (3072 kB)
[    0.000000]     vmalloc : 0xc4000000 - 0xff800000   ( 952 MB)
[    0.000000]     lowmem  : 0xc0000000 - 0xc3e89000   (  62 MB)
[    0.000000]     pkmap   : 0xbfe00000 - 0xc0000000   (   2 MB)
[    0.000000]     modules : 0xbf000000 - 0xbfe00000   (  14 MB)
[    0.000000]       .text : 0xc0008000 - 0xc0700000   (7136 kB)
[    0.000000]       .init : 0xc0900000 - 0xc0a00000   (1024 kB)
[    0.000000]       .data : 0xc0a00000 - 0xc0a32080   ( 201 kB)
[    0.000000]        .bss : 0xc0a34000 - 0xc0a74f0c   ( 260 kB)
[    0.000000] SLUB: HWalign=64, Order=0-3, MinObjects=0, CPUs=1, Nodes=1
[    0.000000] Hierarchical RCU implementation.
[    0.000000]  Build-time adjustment of leaf fanout to 32.
[    0.000000]  RCU restricting CPUs from NR_CPUS=8 to nr_cpu_ids=1.
[    0.000000] RCU: Adjusting geometry for rcu_fanout_leaf=32, nr_cpu_ids=1
[    0.000000] NR_IRQS:16 nr_irqs:16 16
[    0.000000] arm_arch_timer: Architected cp15 timer(s) running at 24.00MHz (virt).
[    0.000000] clocksource: arch_sys_counter: mask: 0xffffffffffffff max_cycles: 0x588fe9dc0, max_idle_ns: 440795202592 ns
[    0.000007] sched_clock: 56 bits at 24MHz, resolution 41ns, wraps every 4398046511097ns
[    0.000018] Switching to timer-based delay loop, resolution 41ns
[    0.000140] clocksource: timer: mask: 0xffffffff max_cycles: 0xffffffff, max_idle_ns: 79635851949 ns
[    0.000347] Console: colour dummy device 80x30
[    0.000792] console [tty0] enabled
[    0.000834] Calibrating delay loop (skipped), value calculated using timer frequency.. 48.00 BogoMIPS (lpj=240000)
[    0.000871] pid_max: default: 32768 minimum: 301
[    0.001018] Mount-cache hash table entries: 1024 (order: 0, 4096 bytes)
[    0.001047] Mountpoint-cache hash table entries: 1024 (order: 0, 4096 bytes)
[    0.001768] CPU: Testing write buffer coherency: ok
[    0.002211] /cpus/cpu@0 missing clock-frequency property
[    0.002258] CPU0: thread -1, cpu 0, socket 0, mpidr 80000000
[    0.002645] Setting up static identity map for 0x40100000 - 0x40100058
[    0.003426] smp: Bringing up secondary CPUs ...
[    0.003467] smp: Brought up 1 node, 1 CPU
[    0.003487] SMP: Total of 1 processors activated (48.00 BogoMIPS).
[    0.003506] CPU: All CPU(s) started in SVC mode.
[    0.004312] devtmpfs: initialized
[    0.007103] VFP support v0.3: implementor 41 architecture 2 part 30 variant 7 rev 5
[    0.007432] clocksource: jiffies: mask: 0xffffffff max_cycles: 0xffffffff, max_idle_ns: 19112604462750000 ns
[    0.007487] futex hash table entries: 256 (order: 2, 16384 bytes)
[    0.007661] pinctrl core: initialized pinctrl subsystem
[    0.008677] NET: Registered protocol family 16
[    0.009177] DMA: preallocated 256 KiB pool for atomic coherent allocations
[    0.010565] hw-breakpoint: found 5 (+1 reserved) breakpoint and 4 watchpoint registers.
[    0.010619] hw-breakpoint: maximum watchpoint size is 8 bytes.
[    0.021787] SCSI subsystem initialized
[    0.022110] usbcore: registered new interface driver usbfs
[    0.022194] usbcore: registered new interface driver hub
[    0.022305] usbcore: registered new device driver usb
[    0.022542] pps_core: LinuxPPS API ver. 1 registered
[    0.022566] pps_core: Software ver. 5.3.6 - Copyright 2005-2007 Rodolfo Giometti <giometti@linux.it>
[    0.022614] PTP clock support registered
[    0.022849] Advanced Linux Sound Architecture Driver Initialized.
[    0.024676] clocksource: Switched to clocksource arch_sys_counter
[    0.025545] simple-framebuffer 43e89000.framebuffer: framebuffer at 0x43e89000, 0x177000 bytes, mapped to 0xc4080000
[    0.025598] simple-framebuffer 43e89000.framebuffer: format=x8r8g8b8, mode=800x480x32, linelength=3200
[    0.032464] Console: switching to colour frame buffer device 100x30
[    0.042291] simple-framebuffer 43e89000.framebuffer: fb0: simplefb registered!
[    0.056365] NET: Registered protocol family 2
[    0.060766] TCP established hash table entries: 1024 (order: 0, 4096 bytes)
[    0.064633] TCP bind hash table entries: 1024 (order: 1, 8192 bytes)
[    0.068530] TCP: Hash tables configured (established 1024 bind 1024)
[    0.072356] UDP hash table entries: 256 (order: 1, 8192 bytes)
[    0.076147] UDP-Lite hash table entries: 256 (order: 1, 8192 bytes)
[    0.080043] NET: Registered protocol family 1
[    0.084315] RPC: Registered named UNIX socket transport module.
[    0.088075] RPC: Registered udp transport module.
[    0.091645] RPC: Registered tcp transport module.
[    0.095121] RPC: Registered tcp NFSv4.1 backchannel transport module.
[    0.100809] workingset: timestamp_bits=30 max_order=14 bucket_order=0
[    0.113370] NFS: Registering the id_resolver key type
[    0.117011] Key type id_resolver registered
[    0.120371] Key type id_legacy registered
[    0.127941] Block layer SCSI generic (bsg) driver version 0.4 loaded (major 249)
[    0.131513] io scheduler noop registered
[    0.135139] io scheduler deadline registered
[    0.138854] io scheduler cfq registered (default)
[    0.146714] sun8i-v3s-pinctrl 1c20800.pinctrl: initialized sunXi PIO driver
[    0.220735] Serial: 8250/16550 driver, 8 ports, IRQ sharing disabled
[    0.227786] console [ttyS0] disabled
[    0.251583] 1c28000.serial: ttyS0 at MMIO 0x1c28000 (irq = 31, base_baud = 1500000) is a U6_16550A
[    0.848035] console [ttyS0] enabled
[    0.855760] [drm] Initialized
[    0.863902] libphy: Fixed MDIO Bus: probed
[    0.871725] usbcore: registered new interface driver r8152
[    0.880595] ehci_hcd: USB 2.0 'Enhanced' Host Controller (EHCI) Driver
[    0.890419] ehci-platform: EHCI generic platform driver
[    0.898991] ohci_hcd: USB 1.1 'Open' Host Controller (OHCI) Driver
[    0.908456] ohci-platform: OHCI generic platform driver
[    0.917390] udc-core: couldn't find an available UDC - added [g_cdc] to list of pending drivers
[    0.930446] sun6i-rtc 1c20400.rtc: rtc core: registered rtc-sun6i as rtc0
[    0.940696] sun6i-rtc 1c20400.rtc: RTC enabled
[    0.948511] i2c /dev entries driver
[    0.956564] input: ns2009_ts as /devices/platform/soc/1c2ac00.i2c/i2c-0/0-0048/input/input0
[    0.969581] sunxi-wdt 1c20ca0.watchdog: Watchdog enabled (timeout=16 sec, nowayout=0)
[    1.034728] sunxi-mmc 1c0f000.mmc: base:0xc405d000 irq:23
[    1.044616] usbcore: registered new interface driver usbhid
[    1.053855] usbhid: USB HID core driver
[    1.062990] NET: Registered protocol family 17
[    1.071189] Key type dns_resolver registered
[    1.079087] Registering SWP/SWPB emulation handler
[    1.096124] usb_phy_generic.0.auto supply vcc not found, using dummy regulator
[    1.107737] musb-hdrc musb-hdrc.1.auto: MUSB HDRC host driver
[    1.117147] musb-hdrc musb-hdrc.1.auto: new USB bus registered, assigned bus number 1
[    1.129958] hub 1-0:1.0: USB hub found
[    1.137625] hub 1-0:1.0: 1 port detected
[    1.146035] using random self ethernet address
[    1.153992] using random host ethernet address
[    1.162969] usb0: HOST MAC a6:74:be:d3:7e:31
[    1.170719] usb0: MAC 4e:23:66:b5:de:02
[    1.177823] g_cdc gadget: CDC Composite Gadget, version: King Kamehameha Day 2008
[    1.188642] g_cdc gadget: g_cdc ready
[    1.195912] sun6i-rtc 1c20400.rtc: setting system clock to 1970-01-01 00:46:28 UTC (2788)
[    1.207862] vcc3v0: disabling
[    1.214259] vcc5v0: disabling
[    1.220569] ALSA device list:
[    1.226771]   No soundcards found.
[    1.237099] Waiting for root device /dev/mmcblk0p2...
[    1.282022] mmc0: host does not support reading read-only switch, assuming write-enable
[    1.295435] mmc0: new high speed SDHC card at address 0001
[    1.305023] mmcblk0: mmc0:0001 SD 7.44 GiB 
[    1.314418]  mmcblk0: p1 p2
[    1.335967] EXT4-fs (mmcblk0p2): couldn't mount as ext3 due to feature incompatibilities
[    1.348690] EXT4-fs (mmcblk0p2): couldn't mount as ext2 due to feature incompatibilities
[    1.369515] EXT4-fs (mmcblk0p2): recovery complete
[    1.377534] EXT4-fs (mmcblk0p2): mounted filesystem with ordered data mode. Opts: (null)
[    1.388804] VFS: Mounted root (ext4 filesystem) on device 179:2.
[    1.399538] devtmpfs: mounted
[    1.407052] Freeing unused kernel memory: 1024K
[    1.434340] random: fast init done
[    1.538371] EXT4-fs (mmcblk0p2): re-mounted. Opts: data=ordered
[    2.699734] g_cdc gadget: high-speed config #1: CDC Composite (ECM + ACM)

Welcome to Lichee Pi
Lichee login:
</pre>

<p>
<br><a href="../../mcu.htm">返回上一頁</a>
</p>

</div>
</div>
</div>
</body>
</html>
