<!--
 ____________________________________________________________
|                                                            |
|    DESIGN + Pat Heard { http://fullahead.org }             |
|      DATE + 2006.09.12                                     |
| COPYRIGHT + Free use if this notice is kept in place.      |
|____________________________________________________________|

-->

<!DOCTYPE html PUBLIC "-//W3C//DTD XHTML 1.0 Strict//EN"
    "http://www.w3.org/TR/xhtml1/DTD/xhtml1-strict.dtd">
<html xmlns="http://www.w3.org/1999/xhtml" xml:lang="en" lang="en">
<head>
  <title>司徒的教學網站</title>
  <meta http-lowast="content-type" content="application/xhtml+xml; charset=UTF-8" />
  <meta name="author" content="fullahead.org" />
  <meta name="keywords" content="XHTML, CSS, template, FullAhead" />
  <meta name="description" content="A valid, XHTML 1.0 template" />
  <meta name="robots" content="index, follow, noarchive" />
  <meta name="googlebot" content="noarchive" />
  <meta name="viewport" content="width=device-width, initial-scale=1.0, user-scalable=yes, minimum-scale=0.1, maximum-scale=100.0"/>

  <link rel="shortcut icon" href="../../website.ico">
  <link rel="stylesheet" type="text/css" href="../../styles/shCore.css" />
  <link rel="stylesheet" type="text/css" href="../../styles/shThemeDefault.css" />
  <link rel="stylesheet" type="text/css" href="../../css/html.css" media="screen, projection, tv " />
  <link rel="stylesheet" type="text/css" href="../../css/layout.css" media="screen, projection, tv" />
  <link rel="stylesheet" type="text/css" href="../../css/print.css" media="print" />
  
  <script type="text/javascript" src="../../scripts/shCore.js"></script>
  <script type="text/javascript" src="../../scripts/shBrushCpp.js"></script>

  <!-- Conditional comment to apply opacity fix for IE #content background.
       Invalid CSS, but can be removed without harming design -->
  <!--[if gt IE 5]>
  <link rel="stylesheet" type="text/css" href="css/ie.css" media="screen, projection, tv " />
  <![endif]-->
</head>

<body>
<script type="text/javascript">SyntaxHighlighter.all();</script>
<div id="wrapper">
<div id="content">
<script type="text/javascript" src="../../header.js"></script>
<div id="page">
<h3>Nokia N810</h3>
<p><b>分區表</b></p>
<hr size="1">
<pre>
[    0.570312] OMAP2 OneNAND driver initializing
[    0.570312] omap2-onenand omap2-onenand: initializing on CS0, phys base 0x04000000, virtual base c8880000
[    0.570312] OneNAND Manufacturer: Samsung (0xec)
[    0.570312] Muxed OneNAND 256MB 1.8V 16-bit (0x40)
[    0.570312] OneNAND version 0x0022
[    0.593750] Scanning device for bad blocks
[    0.679687] onenand_bbt_wait: controller error = 0x2440
[    0.679687] Bad eraseblock 1399 at 0x0aee0000
[    0.718750] Creating 5 MTD partitions on "omap2-onenand":
[    0.718750] 0x00000000-0x00020000 : "bootloader"
[    0.718750] 0x00020000-0x00080000 : "config"
[    0.718750] 0x00080000-0x00280000 : "kernel"
[    0.726562] 0x00280000-0x00480000 : "initfs"
[    0.726562] 0x00480000-0x10000000 : "rootfs"
</pre><br>

<pre>
cat /proc/partitions 
major minor  #blocks  name

  31     0        128 mtdblock0
  31     1        384 mtdblock1
  31     2       2048 mtdblock2
  31     3       4224 mtdblock3
  31     4     255360 mtdblock4
 254     0    7862272 mmcblk0
 254     1    7269381 mmcblk0p1
 254     2     586372 mmcblk0p2
 254     8    1966080 mmcblk1
 254     9    1966072 mmcblk1p1
</pre>

<p>
<br><a href="../../umpc.htm">返回上一頁</a>
</p>

</div>
</div>
</div>
</body>
</html>
