<!--
 ____________________________________________________________
|                                                            |
|    DESIGN + Pat Heard { http://fullahead.org }             |
|      DATE + 2006.09.12                                     |
| COPYRIGHT + Free use if this notice is kept in place.      |
|____________________________________________________________|

-->

<!DOCTYPE html PUBLIC "-//W3C//DTD XHTML 1.0 Strict//EN"
    "http://www.w3.org/TR/xhtml1/DTD/xhtml1-strict.dtd">
<html xmlns="http://www.w3.org/1999/xhtml" xml:lang="en" lang="en">
<head>
  <title>司徒的教學網站</title>
  <meta http-lowast="content-type" content="application/xhtml+xml; charset=UTF-8" />
  <meta name="author" content="fullahead.org" />
  <meta name="keywords" content="XHTML, CSS, template, FullAhead" />
  <meta name="description" content="A valid, XHTML 1.0 template" />
  <meta name="robots" content="index, follow, noarchive" />
  <meta name="googlebot" content="noarchive" />
  <meta name="viewport" content="width=device-width, initial-scale=1.0, user-scalable=yes, minimum-scale=0.1, maximum-scale=100.0"/>

  <link rel="shortcut icon" href="../../website.ico">
  <link rel="stylesheet" type="text/css" href="../../styles/shCore.css" />
  <link rel="stylesheet" type="text/css" href="../../styles/shThemeDefault.css" />
  <link rel="stylesheet" type="text/css" href="../../css/html.css" media="screen, projection, tv " />
  <link rel="stylesheet" type="text/css" href="../../css/layout.css" media="screen, projection, tv" />
  <link rel="stylesheet" type="text/css" href="../../css/print.css" media="print" />
  
  <script type="text/javascript" src="../../scripts/shCore.js"></script>
  <script type="text/javascript" src="../../scripts/shBrushCpp.js"></script>

  <!-- Conditional comment to apply opacity fix for IE #content background.
       Invalid CSS, but can be removed without harming design -->
  <!--[if gt IE 5]>
  <link rel="stylesheet" type="text/css" href="css/ie.css" media="screen, projection, tv " />
  <![endif]-->
</head>

<body>
<script type="text/javascript">SyntaxHighlighter.all();</script>
<div id="wrapper">
<div id="content">
<script type="text/javascript" src="../../header.js"></script>
<div id="page">
<h3>S5P6818</h3>
<p><b>Flash Image(SDCard)</b></p>
<hr size="1">
<p>
步驟如下：
</p>
<pre>
$ cd
$ git clone https://github.com/steward-fu/nanopi-m3_os
$ cd nanopi-m3_os
$ 7za x s5p6818-debian-sd8g-20180615.img.zip
$ sudo dd if=s5p6818-debian-sd8g-20180615.img of=/dev/sdx bs=1M
</pre>
<p>
P.S. login:root, password:fa
</p>

<p>
Baudrate: 115200bps
</p>
<pre>
--------------------------------------------------------------------------------
 Second Boot by Nexell Co. : Ver0.3.6 - Built on Jun 29 2016 15:19:53
--------------------------------------------------------------------------------

DDR3 POR Init Start 0
Lock value  = 190
GATE CYC    = 0x00000492
GATE CODE   = 0x00000000
Read  DQ    = 0x08080808
Write DQ    = 0x08080808


DDR3 Init Done!
CCI Init!
Wakeup CPU Wakeup Sub CPU 1234567
CPU Wakeup done! WFI is expected.
CPU0 is Master!

Loading from sdmmc...
 Image Loading Done!
Launch to 0x42C00000


U-Boot 2014.07-g6a68a7f (Jul 15 2018 - 21:26:49)

PLL : [0] =  800000000, [1] =  800000000, [2] =  614394000, [3] =  800000000
(0) PLL1: CPU  FCLK =  800000000, HCLK = 200000000 (G0)
(7) PLL1: CPU  FCLK =  800000000, HCLK = 200000000 (G1)
(2) PLL3: MEM  FCLK =  800000000, DCLK = 800000000, BCLK = 400000000, PCLK = 200000000
(1) PLL0: BUS  BCLK =  400000000, PCLK = 200000000
(8) PLL0: CCI4 BCLK =  400000000, PCLK = 200000000
(3) PLL0: G3D  BCLK =  400000000
(4) PLL0: CODA BCLK =  400000000, PCLK = 200000000
(5) PLL0: DISP BCLK =  400000000, PCLK = 200000000
(6) PLL0: HDMI PCLK =  100000000
I2C:   ready
DRAM:  256 MiB
Heap = 0x43000000~0x45000000
Code = 0x42c00000~0x42c75984
GLD  = 0x42bffeb8
GLBD = 0x42bffe68
SP   = 0x42bffe68,0x42bffe50(CURR)
PC   = 0x42c06220
TAGS = 0x40000100 
PAGE = 0x42c80000~0x42c8c000
MACH = [4330]   
VER  = 0      
BOARD= [nanopi3]    
LCD  = N/A (-1)
MMC:   NXP DWMMC: 0, NXP DWMMC: 1, NXP DWMMC: 2
In:    serial
Out:   serial
Err:   serial
switch to partitions #0, OK
mmc0 is current device
HDMI: display.0, preset 0 (1280 *  720)
HDMI: PHY Ready!!!
DONE: Logo bmp 800 by 480 (3bpp), len=1152056 
DRAW: 0x47000000 -&gt; 0x46000000 
Hit any key to stop autoboot:  0 
## Booting kernel from Legacy Image at 48000000 ...
   Image Name:   Linux-3.4.39-s5p6818
   Image Type:   ARM Linux Kernel Image (uncompressed)
   Data Size:    4423576 Bytes = 4.2 MiB
   Load Address: 40008000
   Entry Point:  40008000
   Verifying Checksum ... OK
   Loading Kernel Image ... OK

Starting kernel ...

[    0.000000] Booting Linux on physical CPU 0
[    0.000000] Initializing cgroup subsys cpuset
[    0.000000] Initializing cgroup subsys cpu
[    0.000000] Linux version 3.4.39-s5p6818 (root@jensen) (gcc version 4.9.3 (ctng-1.21.0-229g-FA) ) #4 SMP PREEMPT Mon Jun 11 11:33:59 CST 2018
[    0.000000] CPU: ARMv7 Processor [410fd033] revision 3 (ARMv7), cr=10c5387d
[    0.000000] CPU: PIPT / VIPT nonaliasing data cache, VIPT aliasing instruction cache
[    0.000000] Machine: NANOPI3
[    0.000000] Ignoring unrecognised tag 0x00000000
[    0.000000] Display: HDMI selected
[    0.000000] nxp_reserve_mem: reserve CMA: size 159100928
[    0.000000] NXP/CMA: Reserved 0x65e45000/0x097bb000 for 'ion'
[    0.000000] NXP/CMA: success register cma region for 'ion'
[    0.000000] Memory policy: ECC disabled, Data cache writealloc
[    0.000000] CPU : iomap[ 0]: p 0xc0000000 -&gt; v 0xf0000000 len=0x300000
[    0.000000] CPU : iomap[ 1]: p 0xe0000000 -&gt; v 0xf0300000 len=0x100000
[    0.000000] CPU : iomap[ 2]: p 0xfff00000 -&gt; v 0xf0400000 len=0x100000
[    0.000000] CPU : iomap[ 3]: p 0x2c000000 -&gt; v 0xf0500000 len=0x100000
[    0.000000] CPU : iomap[ 4]: p 0x00000000 -&gt; v 0xf0600000 len=0x100000
[    0.000000] CPU : DMA Zone Size =16M, CORE 8
[    0.000000] s5p6818-NanoPi3: Board initialized
[    0.000000] CPU : Clock Generator= 58 EA, DVFS = support, PLL.1
[    0.000000] PLL : [0] =  800000000, [1] =  800000000, [2] =  614394000, [3] =  800000000
[    0.000000] (0) PLL1: CPU  FCLK =  800000000, HCLK = 200000000 (G0)
[    0.000000] (7) PLL1: CPU  FCLK =  800000000, HCLK = 200000000 (G1)
[    0.000000] (2) PLL3: MEM  FCLK =  800000000, DCLK = 800000000, BCLK = 400000000, PCLK = 200000000
[    0.000000] (1) PLL0: BUS  BCLK =  400000000, PCLK = 200000000
[    0.000000] (8) PLL0: CCI4 BCLK =  400000000, PCLK = 200000000
[    0.000000] (3) PLL0: G3D  BCLK =  400000000
[    0.000000] (4) PLL0: CODA BCLK =  400000000, PCLK = 200000000
[    0.000000] (5) PLL0: DISP BCLK =  400000000, PCLK = 200000000
[    0.000000] (6) PLL0: HDMI PCLK =  100000000
[    0.000000] PERCPU: Embedded 9 pages/cpu @c119d000 s12608 r8192 d16064 u36864
[    0.000000] Built 1 zonelists in Zone order, mobility grouping on.  Total pages: 260096
[    0.000000] Kernel command line: console=ttySAC0,115200n8 root=/dev/mmcblk0p2 rootfstype=ext4 rootwait init=/sbin/init systemd.show_status=false g_ether.host_addr=82:cf:ce0
[    0.000000] PID hash table entries: 4096 (order: 2, 16384 bytes)
[    0.000000] Dentry cache hash table entries: 131072 (order: 7, 524288 bytes)
[    0.000000] Inode-cache hash table entries: 65536 (order: 6, 262144 bytes)
[    0.000000] allocated 2097152 bytes of page_cgroup
[    0.000000] please try 'cgroup_disable=memory' option if you don't want memory cgroups
[    0.000000] Memory: 1024MB = 1024MB total
[    0.000000] Memory: 867928k/867928k available, 180648k reserved, 272384K highmem
[    0.000000] Virtual kernel memory layout:
[    0.000000]     vector  : 0xffff0000 - 0xffff1000   (   4 kB)
[    0.000000]     fixmap  : 0xfff00000 - 0xfffe0000   ( 896 kB)
[    0.000000]     vmalloc : 0xef800000 - 0xfee00000   ( 246 MB)
[    0.000000]     lowmem  : 0xc0000000 - 0xef600000   ( 758 MB)
[    0.000000]     pkmap   : 0xbfe00000 - 0xc0000000   (   2 MB)
[    0.000000]     modules : 0xbf000000 - 0xbfe00000   (  14 MB)
[    0.000000]       .text : 0xc0008000 - 0xc07ef1f8   (8093 kB)
[    0.000000]       .init : 0xc07f0000 - 0xc0827140   ( 221 kB)
[    0.000000]       .data : 0xc0828000 - 0xc08aad38   ( 524 kB)
[    0.000000]        .bss : 0xc08aad5c - 0xc098f148   ( 913 kB)
[    0.000000] SLUB: Genslabs=11, HWalign=64, Order=0-3, MinObjects=0, CPUs=8, Nodes=1
[    0.000000] Preemptible hierarchical RCU implementation.
[    0.000000] NR_IRQS:272
[    0.000000] GIC   @f0009000: start   0 (gic 31)
[    0.000000] GPIO  @f001a000: start 106, mask 0xffffffff (gpio 85)
[    0.000000] GPIO  @f001b000: start 138, mask 0xffffffff (gpio 86)
[    0.000000] GPIO  @f001c000: start 170, mask 0xffffffff (gpio 87)
[    0.000000] GPIO  @f001d000: start 202, mask 0xffffffff (gpio 88)
[    0.000000] GPIO  @f001e000: start 234, mask 0xffffffff (gpio 89)
[    0.000000] ALIVE @f0010800: start 266, mask 0x000000ff (alive 36, num 6)
[    0.000000] timer.0: source,  10000000(HZ:250), mult:3355443200
[    0.000000] timer.1: event ,  10000000(HZ:250), mult:42949673
[    0.000000] sched_clock: 32 bits at 250 Hz, resolution 4000000ns, wraps every 4294967292ms
[    0.000000] Console: colour dummy device 80x30
[    0.000000] console [tty1] enabled
[    0.000000] Calibrating delay loop... 1594.36 BogoMIPS (lpj=3188736)
[    0.048000] pid_max: default: 32768 minimum: 301
[    0.048000] Security Framework initialized
[    0.048000] SELinux:  Initializing.
[    0.048000] Mount-cache hash table entries: 512
[    0.048000] Initializing cgroup subsys cpuacct
[    0.048000] Initializing cgroup subsys memory
[    0.048000] Initializing cgroup subsys devices
[    0.048000] Initializing cgroup subsys freezer
[    0.048000] CPU: Testing write buffer coherency: ok
[    0.048000] CPU0: thread -1, cpu 0, socket 0, mpidr 80000000
[    0.048000] hw perfevents: no hardware support available
[    0.048000] Setting up static identity map for 0x405e3fe0 - 0x405e4038
[    0.096000] CPU1: thread -1, cpu 1, socket 0, mpidr 80000001
[    0.136000] CPU2: thread -1, cpu 2, socket 0, mpidr 80000002
[    0.172000] CPU3: thread -1, cpu 3, socket 0, mpidr 80000003
[    0.216000] CPU4: thread -1, cpu 0, socket 4, mpidr 80040400
[    0.256000] CPU5: thread -1, cpu 1, socket 4, mpidr 80040401
[    0.296000] CPU6: thread -1, cpu 2, socket 4, mpidr 80040402
[    0.336000] CPU7: thread -1, cpu 3, socket 4, mpidr 80040403
[    0.336000] Brought up 8 CPUs
[    0.336000] SMP: Total of 8 processors activated (12754.94 BogoMIPS).
[    0.336000] devtmpfs: initialized
[    0.344000] VFP support v0.3: implementor 41 architecture 3 part 40 variant 3 rev 3
[    0.344000] pwm: max = 50000000 hz
[    0.348000] prepare_gpio_suspend:
[    0.348000]   alfn[0][0]: 0x00000000, alfn[0][1]: 0x00000000
[    0.348000]   alfn[1][0]: 0x66800000, alfn[1][1]: 0x55555566
[    0.348000]   alfn[2][0]: 0x55555555, alfn[2][1]: 0x00555555
[    0.348000]   alfn[3][0]: 0x00000000, alfn[3][1]: 0x00000000
[    0.348000]   alfn[4][0]: 0x00000000, alfn[4][1]: 0x55540000
[    0.348000] dummy: 
[    0.348000] NET: Registered protocol family 16
[    0.348000] [Register machine platform devices]
[    0.348000] mach: add amba device pl08xdmac.0 
[    0.348000] mach: add amba device pl08xdmac.1 
[    0.348000] mach: add device uart0
[    0.348000] mach: add device uart1
[    0.348000] mach: add device uart2
[    0.352000] mach: add device uart3
[    0.352000] mach: add device uart4
[    0.352000] mach: add device syncgen [2]
[    0.352000] mach: add device hdmi 
[    0.352000] mach: add device i2c bus (array:3) 
[    0.352000] mach: add device Real Time Clock  
[    0.352000] mach: add device generic pwm (array:4)
[    0.352000] mach: add device generic gpio (array:6)
[    0.352000] mach: add device i2s (array:1) 
[    0.352000] mach: add device spdif tx
[    0.352000] mach: add device usb_ehci
[    0.352000] mach: add device usb_ohci
[    0.352000] mach: add device usb otg
[    0.352000] mach: add device ion-nxp
[    0.356000] mach: add graphic device opengl|es
[    0.356000] mach: add device spi0 
[    0.356000] [Register board platform devices]
[    0.356000] plat: board revision 7
[    0.356000] plat: reset USB hub
[    0.356000] plat: add dynamic frequency (pll.1)
[    0.356000] plat: add device TMU
[    0.356000] plat: add framebuffer
[    0.356000] plat: boot from mmc.0
[    0.356000] plat: add device sdmmc [0]
[    0.356000] plat: add device sdmmc [1]
[    0.356000] plat: add backlight pwm device
[    0.356000] plat: add device keypad
[    0.356000] plat: add device spdif playback
[    0.356000] plat: add device asoc-es8316
[    0.356000] plat: add device nxp-v4l2
[    0.360000] plat: register spidev
[    0.360000] plat: add touch(ft5x0x) device
[    0.360000] plat: add touch(goodix) device
[    0.360000] plat: goodix: irq=186 (80)
[    0.360000] plat: add touch(himax) device
[    0.360000] plat: add touch(it7260) device
[    0.360000] plat: add onewire ts device
[    0.360000] plat: add iio adc device
[    0.360000] plat: add adxl34x device
[    0.360000] plat: add bmp085 device
[    0.360000] plat: add ds1307 device
[    0.360000] plat: add pcf8591 device
[    0.360000] plat: add device nxp-gmac
[    0.360000] plat: add device gpio_led
[    0.360000] plat: add device pwm_led
[    0.360000] 
[    0.360000] hw-breakpoint: found 5 (+1 reserved) breakpoint and 4 watchpoint registers.
[    0.360000] hw-breakpoint: maximum watchpoint size is 8 bytes.
[    0.384000] bio: create slab &lt;bio-0&gt; at 0
[    0.384000] gpiochip_add: registered GPIOs 0 to 31 on device: GPIOA
[    0.384000] gpiochip_add: registered GPIOs 32 to 63 on device: GPIOB
[    0.384000] gpiochip_add: registered GPIOs 64 to 95 on device: GPIOC
[    0.384000] gpiochip_add: registered GPIOs 96 to 127 on device: GPIOD
[    0.384000] gpiochip_add: registered GPIOs 128 to 159 on device: GPIOE
[    0.384000] gpiochip_add: registered GPIOs 160 to 165 on device: GPIOALV
[    0.384000] pl08xdmac pl08xdmac.0: Unbalanced pm_runtime_enable!
[    0.384000] pl08xdmac pl08xdmac.0: initialized 8 virtual memcpy channels
[    0.384000] pl08xdmac pl08xdmac.0: initialized 16 virtual slave channels
[    0.388000] pl08xdmac pl08xdmac.0: DMA: PL080 rev1 at 0xc0000000 irq 33
[    0.388000] pl08xdmac pl08xdmac.1: Unbalanced pm_runtime_enable!
[    0.388000] pl08xdmac pl08xdmac.1: initialized 8 virtual memcpy channels
[    0.388000] pl08xdmac pl08xdmac.1: initialized 15 virtual slave channels
[    0.388000] pl08xdmac pl08xdmac.1: DMA: PL080 rev1 at 0xc0001000 irq 34
[    0.388000] nxp_ion_probe success!!!
[    0.388000] SCSI subsystem initialized
[    0.388000] usbcore: registered new interface driver usbfs
[    0.388000] usbcore: registered new interface driver hub
[    0.388000] usbcore: registered new device driver usb
[    0.392000] i2c-gpio i2c-gpio.3: using pins 159 (SDA) and 158 (SCL)
[    0.392000] s3c-i2c s3c2440-i2c.0: i2c-0: S3C I2C adapter
[    0.392000] s3c-i2c s3c2440-i2c.0: slave address 0x10
[    0.392000] s3c-i2c s3c2440-i2c.0: bus frequency set to 390 KHz
[    0.392000] s3c-i2c s3c2440-i2c.1: i2c-1: S3C I2C adapter
[    0.392000] s3c-i2c s3c2440-i2c.1: slave address 0x10
[    0.392000] s3c-i2c s3c2440-i2c.1: bus frequency set to 97 KHz
[    0.396000] s3c-i2c s3c2440-i2c.2: i2c-2: S3C I2C adapter
[    0.396000] s3c-i2c s3c2440-i2c.2: slave address 0x10
[    0.396000] s3c-i2c s3c2440-i2c.2: bus frequency set to 195 KHz
[    0.396000] Linux media interface: v0.10
[    0.396000] Linux video capture interface: v2.00
[    0.396000] pps_core: LinuxPPS API ver. 1 registered
[    0.396000] pps_core: Software ver. 5.3.6 - Copyright 2005-2007 Rodolfo Giometti &lt;giometti@linux.it&gt;
[    0.396000] PTP clock support registered
[    0.400000] axp_mfd 3-0034: AXP (CHIP ID: 0x06) detected
[    0.404000] axp22_ldo1: 3000 mV 
[    0.412000] axp22_aldo1: 700 &lt;--&gt; 3300 mV at 3300 mV 
[    0.416000] axp22_aldo2: 700 &lt;--&gt; 3300 mV at 1800 mV 
[    0.420000] axp22_aldo3: 700 &lt;--&gt; 3300 mV at 1000 mV 
[    0.424000] axp22_dldo1: 700 &lt;--&gt; 3300 mV at 3300 mV 
[    0.424000] axp22_dldo2: No configuration
[    0.424000] axp22_dldo2: 700 &lt;--&gt; 3300 mV at 700 mV 
[    0.428000] axp22_dldo3: No configuration
[    0.428000] axp22_dldo3: 700 &lt;--&gt; 3300 mV at 700 mV 
[    0.428000] axp22_dldo4: No configuration
[    0.432000] axp22_dldo4: 700 &lt;--&gt; 3300 mV at 700 mV 
[    0.436000] axp22_eldo1: 700 &lt;--&gt; 3300 mV at 1800 mV 
[    0.440000] axp22_eldo2: 700 &lt;--&gt; 3300 mV at 3300 mV 
[    0.440000] axp22_eldo3: No configuration
[    0.440000] axp22_eldo3: 700 &lt;--&gt; 3300 mV at 700 mV 
[    0.444000] axp22_dc5ldo: No configuration
[    0.444000] axp22_dc5ldo: 700 &lt;--&gt; 1400 mV at 1200 mV 
[    0.448000] axp22_dcdc1: 1600 &lt;--&gt; 3400 mV at 3300 mV 
[    0.452000] axp22_dcdc2: 600 &lt;--&gt; 1540 mV at 1200 mV 
[    0.456000] axp22_dcdc3: 600 &lt;--&gt; 1860 mV at 1200 mV 
[    0.460000] axp22_dcdc4: 600 &lt;--&gt; 1540 mV at 1500 mV 
[    0.464000] axp22_dcdc5: 1000 &lt;--&gt; 2550 mV at 1500 mV 
[    0.468000] axp22_ldoio0: 700 &lt;--&gt; 3300 mV at 3800 mV 
[    0.472000] axp22_ldoio1: 700 &lt;--&gt; 3300 mV at 3800 mV 
[    0.472000] Advanced Linux Sound Architecture Driver Version 1.0.25.
[    0.472000] Switching to clocksource source timer
[    0.476000] Clockevents: could not switch to one-shot mode:
[    0.476000] Clockevents: could not switch to one-shot mode:
[    0.476000] Clockevents: could not switch to one-shot mode:
[    0.476000] Clockevents: could not switch to one-shot mode: dummy_timer is not functional.
[    0.476000]  dummy_timer is not functional.
[    0.476000] Could not switch to high resolution mode on CPU 7
[    0.476000] Could not switch to high resolution mode on CPU 6
[    0.476000] Clockevents: could not switch to one-shot mode:
[    0.476000] Clockevents: could not switch to one-shot mode: dummy_timer is not functional.
[    0.476000]  dummy_timer is not functional.
[    0.476000] Could not switch to high resolution mode on CPU 4
[    0.476000] Could not switch to high resolution mode on CPU 5
[    0.476000]  dummy_timer is not functional.
[    0.476000] Clockevents: could not switch to one-shot mode:
[    0.476000] Clockevents: could not switch to one-shot mode: dummy_timer is not functional.
[    0.476000]  dummy_timer is not functional.
[    0.476000] Could not switch to high resolution mode on CPU 0
[    0.476000] Could not switch to high resolution mode on CPU 3
[    0.476000] Could not switch to high resolution mode on CPU 2
[    0.476000]  dummy_timer is not functional.
[    0.476000] Could not switch to high resolution mode on CPU 1
[    0.500000] NET: Registered protocol family 2
[    0.500000] IP route cache hash table entries: 32768 (order: 5, 131072 bytes)
[    0.500000] TCP established hash table entries: 131072 (order: 8, 1048576 bytes)
[    0.500000] TCP bind hash table entries: 65536 (order: 8, 1572864 bytes)
[    0.504000] TCP: Hash tables configured (established 131072 bind 65536)
[    0.504000] TCP: reno registered
[    0.504000] UDP hash table entries: 512 (order: 3, 32768 bytes)
[    0.504000] UDP-Lite hash table entries: 512 (order: 3, 32768 bytes)
[    0.504000] NET: Registered protocol family 1
[    0.504000] RPC: Registered named UNIX socket transport module.
[    0.504000] RPC: Registered udp transport module.
[    0.504000] RPC: Registered tcp transport module.
[    0.504000] RPC: Registered tcp NFSv4.1 backchannel transport module.
[    0.504000] Unpacking initramfs...
[    0.672000] Initramfs unpacking failed: junk in compressed archive
[    0.676000] Freeing initrd memory: 4096K
[    0.676000] Disply Reset Status : On
[    0.680000] Display HDMI register operation 
[    0.680000] Display.0 fps=161 (6 ms), wait= 4 jiffies, Pixelclk=200000000hz
[    0.680000] bt_bcm: rfkill initialized
[    0.680000] audit: initializing netlink socket (disabled)
[    0.680000] type=2000 audit(0.676:1): initialized
[    0.684000] highmem bounce pool size: 64 pages
[    0.692000] NFS: Registering the id_resolver key type
[    0.692000] fuse init (API version 7.18)
[    0.692000] msgmni has been set to 1171
[    0.696000] Block layer SCSI generic (bsg) driver version 0.4 loaded (major 249)
[    0.696000] io scheduler noop registered
[    0.696000] io scheduler deadline registered
[    0.696000] io scheduler cfq registered (default)
[    0.696000] display.0 connected to fb.0  ...
[    0.696000] nxp-fb.0: dma addr = 0x65e45000, buf[0xe527c340]
[    0.696000] nxp-fb.0: dma addr = 0x661c9000, buf[0xe527c500]
[    0.740000] hdmi_stop entered
[    0.740000] nxp-fb 0: out[0], 1280 * 720 - 32 bpp (phys:65e45000 virt:0xef831000 max:7372800)
[    0.756000] Console: switching to colour frame buffer device 160x45
[    0.776000] spu1705: REQ 0x21: i2c xfer error -6
[    0.776000] spu1705 3-002d: failed to detect chip
[    0.780000] nxp-uart.0: ttySAC0 at MMIO 0xc00a1000 (irq = 39) is a S3C6400/10
[    0.808000] console [ttySAC0] enabled
[    0.812000] nxp-uart.1: ttySAC1 at MMIO 0xc00a0000 (irq = 38) is a S3C6400/10
[    0.820000] nxp-uart.2: ttySAC2 at MMIO 0xc00a2000 (irq = 40) is a S3C6400/10
[    0.828000] nxp-uart.3: ttySAC3 at MMIO 0xc00a3000 (irq = 41) is a S3C6400/10
[    0.832000] nxp-uart.4: ttySAC4 at MMIO 0xc006d000 (irq = 42) is a S3C6400/10
[    0.840000] iio-adc  initialized
[    0.848000] loop: module loaded
[    0.848000] tun: Universal TUN/TAP device driver, 1.6
[    0.852000] tun: (C) 1999-2004 Max Krasnyansky &lt;maxk@qualcomm.com&gt;
[    0.860000]  -- nxpmac initialize --
[    0.860000] stmmac - user ID: 0x37, Synopsys ID: 0x37
[    0.868000]  Ring mode enabled
[    0.872000]  DMA HW capability register supported
[    0.872000]  Enhanced/Alternate descriptors
[    0.880000]  Enabled extended descriptors
[    0.884000]  RX Checksum Offload Engine supported (type 2)
[    0.888000]  TX Checksum insertion supported
[    0.892000]  Wake-Up On Lan supported
[    0.896000]  Enable RX Mitigation via HW Watchdog Timer
[    0.944000] stmmac: probed
[    0.948000] eth0: PHY ID 001cc915 at 0 IRQ 257 (stmmac-0:00)
[    0.952000] eth0: PHY ID 001cc915 at 7 IRQ 257 (stmmac-0:07) active
[    0.960000] PPP generic driver version 2.4.2
[    0.964000] PPP BSD Compression module registered
[    0.968000] PPP Deflate Compression module registered
[    0.980000] PPP MPPE Compression module registered
[    0.984000] NET: Registered protocol family 24
[    0.992000] usbcore: registered new interface driver asix
[    0.996000] usbcore: registered new interface driver cdc_ether
[    1.000000] usbcore: registered new interface driver net1080
[    1.008000] usbcore: registered new interface driver cdc_subset
[    1.012000] usbcore: registered new interface driver zaurus
[    1.016000] usbcore: registered new interface driver cdc_ncm
[    1.024000] ehci_hcd: USB 2.0 'Enhanced' Host Controller (EHCI) Driver
[    1.028000] nxp-ehci nxp-ehci: SLsi Synopsys EHCI Host Controller
[    1.036000] nxp-ehci nxp-ehci: new USB bus registered, assigned bus number 1
[    1.044000] nxp-ehci nxp-ehci: irq 82, io mem 0xc0030000
[    1.060000] nxp-ehci nxp-ehci: USB 0.0 started, EHCI 1.00
[    1.064000] usb usb1: New USB device found, idVendor=1d6b, idProduct=0002
[    1.068000] usb usb1: New USB device strings: Mfr=3, Product=2, SerialNumber=1
[    1.076000] usb usb1: Product: SLsi Synopsys EHCI Host Controller
[    1.080000] usb usb1: Manufacturer: Linux 3.4.39-s5p6818 ehci_hcd
[    1.084000] usb usb1: SerialNumber: nxp-ehci
[    1.088000] hub 1-0:1.0: USB hub found
[    1.092000] hub 1-0:1.0: 3 ports detected
[    1.096000] dwc_otg: version 3.00a 10-AUG-2012 (platform bus)
[    1.300000] Core Release: 2.93a
[    1.304000] Setting default values for core params
[    1.308000] Finished setting default values for core params
[    1.408000] usb 1-1: new high-speed USB device number 2 using nxp-ehci
[    1.516000] Using Descriptor DMA mode
[    1.520000] Dedicated Tx FIFOs mode
[    1.524000] dwc_otg dwc_otg: DWC OTG Controller
[    1.528000] dwc_otg dwc_otg: new USB bus registered, assigned bus number 2
[    1.532000] dwc_otg dwc_otg: irq 81, io mem 0x00000000
[    1.540000] usb usb2: New USB device found, idVendor=1d6b, idProduct=0002
[    1.544000] usb usb2: New USB device strings: Mfr=3, Product=2, SerialNumber=1
[    1.544000] usb 1-1: New USB device found, idVendor=05e3, idProduct=0610
[    1.544000] usb 1-1: New USB device strings: Mfr=0, Product=1, SerialNumber=0
[    1.544000] usb 1-1: Product: USB2.0 Hub
[    1.544000] hub 1-1:1.0: USB hub found
[    1.544000] hub 1-1:1.0: 4 ports detected
[    1.568000] usb usb2: Product: DWC OTG Controller
[    1.572000] usb usb2: Manufacturer: Linux 3.4.39-s5p6818 dwc_otg_hcd
[    1.576000] usb usb2: SerialNumber: dwc_otg
[    1.580000] hub 2-0:1.0: USB hub found
[    1.584000] hub 2-0:1.0: 1 port detected
[    1.588000] ohci_hcd: USB 1.1 'Open' Host Controller (OHCI) Driver
[    1.596000] nxp-ohci nxp-ohci: SLsi Synopsys OHCI Host Controller
[    1.600000] nxp-ohci nxp-ohci: new USB bus registered, assigned bus number 3
[    1.608000] nxp-ohci nxp-ohci: irq 82, io mem 0xc0020000
[    1.672000] usb usb3: New USB device found, idVendor=1d6b, idProduct=0001
[    1.676000] usb usb3: New USB device strings: Mfr=3, Product=2, SerialNumber=1
[    1.684000] HDMI HPD State 0x0
[    1.688000] usb usb3: Product: SLsi Synopsys OHCI Host Controller
[    1.692000] usb usb3: Manufacturer: Linux 3.4.39-s5p6818 ohci_hcd
[    1.700000] usb usb3: SerialNumber: nxp-ohci
[    1.704000] hub 3-0:1.0: USB hub found
[    1.708000] hub 3-0:1.0: 3 ports detected
[    1.712000] Initializing USB Mass Storage driver...
[    1.716000] usbcore: registered new interface driver usb-storage
[    1.724000] USB Mass Storage support registered.
[    1.728000] usbcore: registered new interface driver usbserial
[    1.732000] usbcore: registered new interface driver usbserial_generic
[    1.740000] USB Serial support registered for generic
[    1.744000] usbserial: USB Serial Driver core
[    1.748000] usbcore: registered new interface driver ftdi_sio
[    1.756000] USB Serial support registered for FTDI USB Serial Device
[    1.760000] ftdi_sio: v1.6.0:USB FTDI Serial Converters Driver
[    1.768000] usbcore: registered new interface driver option
[    1.772000] USB Serial support registered for GSM modem (1-port)
[    1.780000] usbcore: registered new interface driver pl2303
[    1.784000] USB Serial support registered for pl2303
[    1.788000] g_ether gadget: using random self ethernet address
[    1.796000] usb0: MAC 82:9a:5f:7e:12:af
[    1.800000] usb0: HOST MAC 82:cf:ce:fa:68:18
[    1.804000] g_ether gadget: Ethernet Gadget, version: Memorial Day 2008
[    1.812000] g_ether gadget: g_ether ready
[    1.816000] mousedev: PS/2 mouse device common for all mice
[    1.820000] input: Nexell Keypad as /devices/platform/nxp-keypad/input/input0
[    1.828000] usbcore: registered new interface driver xpad
[    1.832000] i2c-core: driver [IT7260-ts] using legacy suspend method
[    1.840000] i2c-core: driver [IT7260-ts] using legacy resume method
[    1.844000] &lt;&lt;-GTP-INFO-&gt;&gt; GTP driver installing...
[    1.852000] himax_ts 2-0048: Unable to get DevId
[    1.856000] touchscreen-1wire        initialized
[    1.860000] backlight-1wire  initialized
[    1.864000] onewire: REQ 0x60: i2c write error -6
[    1.872000] input: fa_ts_input as /devices/virtual/input/input1
[    1.876000] ts-if    initialized
[    1.880000] [RTC] day=2016.01.01 time=08:06:37
[    1.884000] nxp-rtc nxp-rtc.0: rtc core: registered nxp-rtc as rtc0
[    1.892000] i2c /dev entries driver
[    1.896000] lirc_dev: IR Remote Control driver registered, major 248 
[    1.904000] IR NEC protocol handler initialized
[    1.908000] IR RC5(x) protocol handler initialized
[    1.912000] IR RC6 protocol handler initialized
[    1.916000] IR JVC protocol handler initialized
[    1.924000] IR Sony protocol handler initialized
[    1.928000] IR RC5 (streamzap) protocol handler initialized
[    1.932000] IR SANYO protocol handler initialized
[    1.936000] IR LIRC bridge handler initialized
[    1.940000] gspca_main: v2.14.0 registered
[    1.952000] ...................................ov5640_probe 2234
[    1.956000] ...................................ov5640_video_probe 2193
[    1.964000] ov5640 0-003c: reg_read: i2c read error, reg: 300a
[    1.968000] OV5640 read error!!!!!!!!!!!!!!!
[    1.972000] ov5640_initialize_ctrls.............1794...........
[    1.980000] usbcore: registered new interface driver uvcvideo
[    1.984000] USB Video Class driver (1.1.1)
[    1.988000] Driver for 1-wire Dallas network protocol.
[    1.996000] device-mapper: uevent: version 1.0.3
[    2.000000] device-mapper: ioctl: 4.22.0-ioctl (2011-10-19) initialised: dm-devel@redhat.com
[    2.008000] DVFS: ASV[3] IDS 22mA, Ro 134 -&gt; Table [IDS 38mA, Ro 170]
[    2.016000] DVFS: regulator vdd_arm_1.3V
[    2.020000] DVFS: cpu DVFS with PLL.1 [tables=11]
[    2.028000] cpuidle: using governor ladder
[    2.032000] cpuidle: using governor menu
[    2.036000] Synopsys Designware Multimedia Card Interface Driver
[    2.040000] dw_mmc dw_mmc.0: Using internal DMA controller.
[    2.052000] mmc0: no vmmc regulator found
[    2.056000] dw_mmc dw_mmc.0: Using external card detect irq 267 (io 161)
[    2.064000] dw_mmc dw_mmc.0: Version ID is 250a
[    2.068000] dw_mmc dw_mmc.0: DW MMC controller at irq 75, 32 bit host data width, 32 deep fifo hw timeout 500 ms
[    2.076000] dw_mmc dw_mmc.1: Using internal DMA controller.
[    2.080000] mmc_host mmc0: Bus speed (slot 0) = 50000000Hz (slot req 400000Hz, actual 396825HZ div = 63)
[    2.092000] mmc1: no vmmc regulator found
[    2.096000] dw_mmc dw_mmc.1: Version ID is 250a
[    2.100000] dw_mmc dw_mmc.1: DW MMC controller at irq 76, 32 bit host data width, 32 deep fifo hw timeout 500 ms
[    2.112000] usbcore: registered new interface driver usbhid
[    2.116000] usbhid: USB HID core driver
[    2.120000] snd pcm: register sound platform 'nxp-pcm'
[    2.124000] snd i2s: ch 0, master, iis mode, 48000(47999)hz, 32 FBITs, MCLK=12287880hz, RFS=256
[    2.132000] mmc_host mmc0: Bus speed (slot 0) = 50000000Hz (slot req 50000000Hz, actual 50000000HZ div = 0)
[    2.144000] mmc0: new high speed SDHC card at address 0001
[    2.148000] mmcblk0: mmc0:0001 00000 29.2 GiB 
[    2.152000]  mmcblk0: p1 p2
[    2.172000] mmc_host mmc1: Bus speed (slot 0) = 50000000Hz (slot req 400000Hz, actual 396825HZ div = 63)
[    2.248000] asoc: ES8316 HiFi &lt;-&gt; nxp-i2s.0 mapping ok
[    2.252000] spdif-tx: 48000(47999)Hz, MCLK=12287880hz HDMI out
[    2.260000] asoc: dit-hifi &lt;-&gt; nxp-spdif-tx mapping ok
[    2.264000] GACT probability NOT on
[    2.268000] Mirror/redirect action on
[    2.272000] u32 classifier
[    2.276000]     Actions configured
[    2.280000] Netfilter messages via NETLINK v0.30.
[    2.284000] nf_conntrack version 0.5.0 (13625 buckets, 54500 max)
[    2.292000] ctnetlink v0.93: registering with nfnetlink.
[    2.296000] NF_TPROXY: Transparent proxy support initialized, version 4.1.0
[    2.304000] NF_TPROXY: Copyright (c) 2006-2007 BalaBit IT Ltd.
[    2.308000] xt_time: kernel timezone is -0000
[    2.316000] ip_tables: (C) 2000-2006 Netfilter Core Team
[    2.320000] arp_tables: (C) 2002 David S. Miller
[    2.324000] TCP: cubic registered
[    2.328000] Initializing XFRM netlink socket
[    2.332000] NET: Registered protocol family 10
[    2.336000] Mobile IPv6
[    2.340000] ip6_tables: (C) 2000-2006 Netfilter Core Team
[    2.344000] IPv6 over IPv4 tunneling driver
[    2.348000] NET: Registered protocol family 17
[    2.352000] NET: Registered protocol family 15
[    2.356000] NET: Registered protocol family 35
[    2.360000] Registering the dns_resolver key type
[    2.364000] Registering SWP/SWPB emulation handler
[    2.372000] axp22_dcdc5: incomplete constraints, leaving on
[    2.376000] axp22_dcdc4: incomplete constraints, leaving on
[    2.384000] axp22_dcdc3: incomplete constraints, leaving on
[    2.388000] axp22_dcdc2: incomplete constraints, leaving on
[    2.392000] axp22_dcdc1: incomplete constraints, leaving on
[    2.400000] axp22_dc5ldo: incomplete constraints, leaving on
[    2.404000] axp22_eldo2: incomplete constraints, leaving on
[    2.412000] axp22_eldo1: incomplete constraints, leaving on
[    2.420000] axp22_dldo1: incomplete constraints, leaving on
[    2.424000] axp22_aldo3: incomplete constraints, leaving on
[    2.428000] axp22_aldo2: incomplete constraints, leaving on
[    2.432000] axp22_aldo1: incomplete constraints, leaving on
[    2.440000] axp22_ldo1: incomplete constraints, leaving on
[    2.444000] otg_wakelock_init: No USB transceiver found
[    2.448000] nxp-rtc nxp-rtc.0: setting system clock to 2016-01-01 08:06:38 UTC (1451635598)
[    2.456000] tmu[0] = trim 45:0, ret 1
[    2.460000] TMU: register tmu.0 to hwmon (max 1400000khz)
[    2.468000] ALSA device list:
[    2.468000]   #0: I2S-ES8316
[    2.472000]   #1: SPDIF-Transciever
[    2.476000] Freeing init memory: 220K
[    2.480000] Write protecting the kernel text section c0008000 - c07c1000
[    2.488000] rodata_test: attempting to write to read-only section:
[    2.492000] write to read-only section trapped, success
[    5.112000] EXT4-fs (mmcblk0p2): mounted filesystem with ordered data mode. Opts: (null)
[    5.136000] EXT4-fs (mmcblk0p2): re-mounted. Opts: data=ordered
[    5.680000] systemd[1]: systemd 215 running in system mode. (+PAM +AUDIT +SELINUX +IMA +SYSVINIT +LIBCRYPTSETUP +GCRYPT +ACL +XZ -SECCOMP -APPARMOR)
[    5.696000] systemd[1]: Detected architecture 'arm'.
[    6.044000] systemd[1]: Starting Forward Password Requests to Wall Directory Watch.
[    6.056000] systemd[1]: Started Forward Password Requests to Wall Directory Watch.
[    6.068000] systemd[1]: Expecting device dev-ttySAC0.device...
[    6.076000] systemd[1]: Expecting device dev-ttyAMA0.device...
[    6.088000] systemd[1]: Starting Remote File Systems (Pre).
[    6.092000] systemd[1]: Reached target Remote File Systems (Pre).
[    6.100000] systemd[1]: Starting Dispatch Password Requests to Console Directory Watch.
[    6.108000] systemd[1]: Started Dispatch Password Requests to Console Directory Watch.
[    6.112000] systemd[1]: Starting Paths.
[    6.116000] systemd[1]: Reached target Paths.
[    6.124000] systemd[1]: Starting Arbitrary Executable File Formats File System Automount Point.
[    6.132000] systemd[1]: Set up automount Arbitrary Executable File Formats File System Automount Point.
[    6.140000] systemd[1]: Starting Encrypted Volumes.
[    6.144000] systemd[1]: Reached target Encrypted Volumes.
[    6.152000] systemd[1]: Starting Swap.
[    6.156000] systemd[1]: Reached target Swap.
[    6.160000] systemd[1]: Starting Root Slice.
[    6.164000] systemd[1]: Created slice Root Slice.
[    6.168000] systemd[1]: Starting User and Session Slice.
[    6.172000] systemd[1]: Created slice User and Session Slice.
[    6.180000] systemd[1]: Starting /dev/initctl Compatibility Named Pipe.
[    6.184000] systemd[1]: Listening on /dev/initctl Compatibility Named Pipe.
[    6.192000] systemd[1]: Starting Delayed Shutdown Socket.
[    6.196000] systemd[1]: Listening on Delayed Shutdown Socket.
[    6.204000] systemd[1]: Starting Journal Socket (/dev/log).
[    6.208000] systemd[1]: Listening on Journal Socket (/dev/log).
[    6.216000] systemd[1]: Starting udev Control Socket.
[    6.220000] systemd[1]: Listening on udev Control Socket.
[    6.224000] systemd[1]: Starting udev Kernel Socket.
[    6.228000] systemd[1]: Listening on udev Kernel Socket.
[    6.236000] systemd[1]: Starting Journal Socket.
[    6.240000] systemd[1]: Listening on Journal Socket.
[    6.244000] systemd[1]: Starting System Slice.
[    6.248000] systemd[1]: Created slice System Slice.
[    6.252000] systemd[1]: Starting system-getty.slice.
[    6.260000] systemd[1]: Created slice system-getty.slice.
[    6.264000] systemd[1]: Starting system-serial\x2dgetty.slice.
[    6.272000] systemd[1]: Created slice system-serial\x2dgetty.slice.
[    6.276000] systemd[1]: Starting Increase datagram queue length...
[    6.284000] systemd[1]: Starting Nameserver information manager...
[    6.288000] systemd[1]: Mounted Huge Pages File System.
[    6.292000] systemd[1]: Mounting POSIX Message Queue File System...
[    6.312000] systemd[1]: Starting Create list of required static device nodes for the current kernel...
[    6.320000] systemd[1]: Mounting Debug File System...
[    6.360000] systemd[1]: Started Set Up Additional Binary Formats.
[    6.372000] systemd[1]: Starting Load Kernel Modules...
[    6.380000] systemd[1]: Starting udev Coldplug all Devices...
[    6.388000] systemd[1]: Starting Slices.
[    6.396000] systemd[1]: Reached target Slices.
[    6.396000] systemd[1]: Starting system-systemd\x2dfsck.slice.
[    6.404000] systemd[1]: Created slice system-systemd\x2dfsck.slice.
[    6.408000] systemd[1]: Expecting device dev-mmcblk0p1.device...
[    6.416000] systemd[1]: Mounted Debug File System.
[    6.416000] Loading modules backported from Linux version v4.4.2-0-g1cb8570
[    6.416000] Backport generated by backports.git v4.4.2-1-0-gbec4037
[    6.428000] systemd[1]: Mounted POSIX Message Queue File System.
[    6.460000] systemd[1]: Started Increase datagram queue length.
[    6.528000] systemd[1]: Started Create list of required static device nodes for the current kernel.
[    6.564000] systemd[1]: Started Nameserver information manager.
[    6.604000] systemd[1]: Starting Create Static Device Nodes in /dev...
[    6.620000] systemd[1]: Starting Syslog Socket.
[    6.620000] systemd[1]: Listening on Syslog Socket.
[    6.624000] systemd[1]: Starting Journal Service...
[    6.632000] systemd[1]: Started Journal Service.
[    6.804000] systemd-udevd[224]: starting version 215
[    6.868000] mmc1: queuing unknown CIS tuple 0x80 (2 bytes)
[    6.876000] mmc1: queuing unknown CIS tuple 0x80 (3 bytes)
[    6.880000] mmc1: queuing unknown CIS tuple 0x80 (3 bytes)
[    6.888000] mmc1: queuing unknown CIS tuple 0x80 (7 bytes)
[    6.980000] mmc_host mmc1: Bus speed (slot 0) = 50000000Hz (slot req 50000000Hz, actual 50000000HZ div = 0)
[    6.988000] mmc1: new high speed SDIO card at address 0001
[    7.136000] wl_create_event_handler(): thread:wl_event_handler:128 started
[    7.140000] dhd_attach(): thread:dhd_watchdog_thread:129 started
[    7.144000] dhd_attach(): thread:dhd_dpc:12a started
[    7.148000] dhd_attach(): thread:dhd_rxf:12b started
[    7.288000] cfg80211: World regulatory domain updated:
[    7.288000] cfg80211:  DFS Master region: unset
[    7.296000] cfg80211:   (start_freq - end_freq @ bandwidth), (max_antenna_gain, max_eirp), (dfs_cac_time)
[    7.316000] cfg80211:   (2402000 KHz - 2472000 KHz @ 40000 KHz), (N/A, 2000 mBm), (N/A)
[    7.320000] Bluetooth: Core ver 2.21
[    7.320000] NET: Registered protocol family 31
[    7.320000] Bluetooth: HCI device and connection manager initialized
[    7.320000] Bluetooth: HCI socket layer initialized
[    7.320000] Bluetooth: L2CAP socket layer initialized
[    7.320000] Bluetooth: SCO socket layer initialized
[    7.324000] Bluetooth: HCI UART driver ver 2.3
[    7.324000] Bluetooth: HCI UART protocol H4 registered
[    7.324000] Bluetooth: HCI UART protocol BCM registered
[    7.328000] Bluetooth: BNEP (Ethernet Emulation) ver 1.3
[    7.328000] Bluetooth: BNEP filters: protocol multicast
[    7.328000] Bluetooth: BNEP socket layer initialized
[    7.340000] setting PHY_BASEADDR_POWER_GATE, set 1
[    7.340000] setting PHY_BASEADDR_PMU_ISOLATE+4, set 0
[    7.340000] setting PHY_BASEADDR_PMU_ISOLATE+8, set 0
[    7.344000] setting PHY_BASEADDR_PMU_ISOLATE, set 1
[    7.344000] read PHY_BASEADDR_PMU_ISOLATE + 0xC
[    7.344000] Wait Power UP Ack(powerUpAck=0x00000000)
[    7.344000] setting ClockGen, set 1
[    7.344000] setting Reset VR addr(0xf0012008)
[    7.344000] setting PHY_BASEADDR_VR_PMU addr(0xf0072000)
[    7.344000] Vr: VR device driver loaded(ver1.2) for s5p6818
[    7.352000] bt_bcm: rfkill set_block On  GPIOB.8
[    7.392000] bt_bcm: wake peer by RTS, ok
[    7.440000] cfg80211:   (2457000 KHz - 2482000 KHz @ 40000 KHz), (N/A, 2000 mBm), (N/A)
[    7.448000] cfg80211:   (2474000 KHz - 2494000 KHz @ 20000 KHz), (N/A, 2000 mBm), (N/A)
[    7.456000] cfg80211:   (5170000 KHz - 5250000 KHz @ 80000 KHz, 160000 KHz AUTO), (N/A, 2000 mBm), (N/A)
[    7.464000] cfg80211:   (5250000 KHz - 5330000 KHz @ 80000 KHz, 160000 KHz AUTO), (N/A, 2000 mBm), (0 s)
[    7.476000] cfg80211:   (5490000 KHz - 5730000 KHz @ 160000 KHz), (N/A, 2000 mBm), (0 s)
[    7.484000] cfg80211:   (5735000 KHz - 5835000 KHz @ 80000 KHz), (N/A, 2000 mBm), (N/A)
[    7.492000] cfg80211:   (57240000 KHz - 63720000 KHz @ 2160000 KHz), (N/A, 0 mBm), (N/A)
[    7.900000] EXT4-fs (mmcblk0p1): mounted filesystem with ordered data mode. Opts: (null)
[    8.340000] systemd-journald[213]: Received request to flush runtime journal from PID 1
[    8.656000] bt_bcm: rfkill set_block Off GPIOB.8
[    8.688000] bt_bcm: rfkill set_block On  GPIOB.8
[    8.732000] bt_bcm: wake peer by RTS, ok
[   10.712000] eth0: device MAC address ae:6c:7c:95:c9:54
[   10.736000] ADDRCONF(NETDEV_UP): usb0: link is not ready
[   11.064000] mmc_host mmc1: Bus speed (slot 0) = 50000000Hz (slot req 400000Hz, actual 396825HZ div = 63)
[   11.080000] mmc1: queuing unknown CIS tuple 0x80 (2 bytes)
[   11.084000] mmc1: queuing unknown CIS tuple 0x80 (3 bytes)
[   11.092000] mmc1: queuing unknown CIS tuple 0x80 (3 bytes)
[   11.096000] mmc1: queuing unknown CIS tuple 0x80 (7 bytes)
[   11.184000] mmc_host mmc1: Bus speed (slot 0) = 50000000Hz (slot req 50000000Hz, actual 50000000HZ div = 0)

Debian GNU/Linux 8 NanoPi3 ttySAC0

NanoPi3 login: 
</pre><br>

<p>
<br><a href="../../mcu.htm">返回上一頁</a>
</p>

</div>
</div>
</div>
</body>
</html>
