<!--
 ____________________________________________________________
|                                                            |
|    DESIGN + Pat Heard { http://fullahead.org }             |
|      DATE + 2006.09.12                                     |
| COPYRIGHT + Free use if this notice is kept in place.      |
|____________________________________________________________|

-->

<!DOCTYPE html PUBLIC "-//W3C//DTD XHTML 1.0 Strict//EN"
    "http://www.w3.org/TR/xhtml1/DTD/xhtml1-strict.dtd">
<html xmlns="http://www.w3.org/1999/xhtml" xml:lang="en" lang="en">
<head>
  <title>司徒的教學網站</title>
  <meta http-lowast="content-type" content="application/xhtml+xml; charset=UTF-8" />
  <meta name="author" content="fullahead.org" />
  <meta name="keywords" content="XHTML, CSS, template, FullAhead" />
  <meta name="description" content="A valid, XHTML 1.0 template" />
  <meta name="robots" content="index, follow, noarchive" />
  <meta name="googlebot" content="noarchive" />
  <meta name="viewport" content="width=device-width, initial-scale=1.0, user-scalable=yes, minimum-scale=0.1, maximum-scale=100.0"/>

  <link rel="shortcut icon" href="../../website.ico">
  <link rel="stylesheet" type="text/css" href="../../styles/shCore.css" />
  <link rel="stylesheet" type="text/css" href="../../styles/shThemeDefault.css" />
  <link rel="stylesheet" type="text/css" href="../../css/html.css" media="screen, projection, tv " />
  <link rel="stylesheet" type="text/css" href="../../css/layout.css" media="screen, projection, tv" />
  <link rel="stylesheet" type="text/css" href="../../css/print.css" media="print" />
  
  <script type="text/javascript" src="../../scripts/shCore.js"></script>
  <script type="text/javascript" src="../../scripts/shBrushCpp.js"></script>

  <!-- Conditional comment to apply opacity fix for IE #content background.
       Invalid CSS, but can be removed without harming design -->
  <!--[if gt IE 5]>
  <link rel="stylesheet" type="text/css" href="css/ie.css" media="screen, projection, tv " />
  <![endif]-->
</head>

<body>
<script type="text/javascript">SyntaxHighlighter.all();</script>
<div id="wrapper">
<div id="content">
<script type="text/javascript" src="../../header.js"></script>
<div id="page">
<h3>TRIMUI SMART</h3>
<p><b>dmesg</b></p>
<hr size="1">
<p>
如下：
</p>
<pre>
[    0.000000] Booting Linux on physical CPU 0
[    0.000000] Linux version 3.4.39 (alfchen@alfchen-NUC) (gcc version 6.4.1 (OpenWrt/Linaro GCC 6.4-2017.11 2017-11) ) #547 Sat Sep 24 16:55:30 UTC 2022
[    0.000000] CPU: ARMv7 Processor [410fc075] revision 5 (ARMv7), cr=10c5387d
[    0.000000] CPU: PIPT / VIPT nonaliasing data cache, VIPT aliasing instruction cache
[    0.000000] Machine: sun8i
[    0.000000] cma: CMA: reserved 32 MiB at 46000000
[    0.000000] Memory policy: ECC disabled, Data cache writeback
[    0.000000] On node 0 totalpages: 32768
[    0.000000] free_area_init_node: node 0, pgdat c06dd1a0, node_mem_map c072d000
[    0.000000]   Normal zone: 256 pages used for memmap
[    0.000000]   Normal zone: 0 pages reserved
[    0.000000]   Normal zone: 32512 pages, LIFO batch:7
[    0.000000] script_init enter!
[    0.000000] script_init exit!
[    0.000000] pcpu-alloc: s0 r0 d32768 u32768 alloc=1*32768
[    0.000000] pcpu-alloc: [0] 0 
[    0.000000] Built 1 zonelists in Zone order, mobility grouping on.  Total pages: 32512
[    0.000000] Kernel command line: boot_type=2 disp_para=2 fb_base=0x47000000 config_size=29696 console=ttyS2,115200 earlyprintk=ttyS2,115200 root=/dev/mmcblk0p7 init=/pseudo_init rdinit=/rdinit rootwait ion_cma_list=28m,32m,64m,128m,256m loglevel=7 partitions=bootlogo@mmcblk0p2:env@mmcblk0p5:boot@mmcblk0p6:rootfs@mmcblk0p7:rootfs_data@mmcblk0p8:misc@mmcblk0p9:private@mmcblk0p10:UDISK@mmcblk0p1 coherent_pool=256K rootfstype=ext4
[    0.000000] PID hash table entries: 512 (order: -1, 2048 bytes)
[    0.000000] Dentry cache hash table entries: 16384 (order: 4, 65536 bytes)
[    0.000000] Inode-cache hash table entries: 8192 (order: 3, 32768 bytes)
[    0.000000] Memory: 128MB = 128MB total
[    0.000000] Memory: 89548k/89548k available, 41524k reserved, 0K highmem
[    0.000000] Virtual kernel memory layout:
[    0.000000]     vector  : 0xffff0000 - 0xffff1000   (   4 kB)
[    0.000000]     fixmap  : 0xfff00000 - 0xfffe0000   ( 896 kB)
[    0.000000]     vmalloc : 0xc8800000 - 0xff000000   ( 872 MB)
[    0.000000]     lowmem  : 0xc0000000 - 0xc8000000   ( 128 MB)
[    0.000000]     pkmap   : 0xbfe00000 - 0xc0000000   (   2 MB)
[    0.000000]     modules : 0xbf000000 - 0xbfe00000   (  14 MB)
[    0.000000]       .text : 0xc0008000 - 0xc0661000   (6500 kB)
[    0.000000]       .init : 0xc0661000 - 0xc0686000   ( 148 kB)
[    0.000000]       .data : 0xc0686000 - 0xc06dddd0   ( 352 kB)
[    0.000000]        .bss : 0xc06dddf4 - 0xc072c1b0   ( 313 kB)
[    0.000000] NR_IRQS:544
[    0.000000] 532 ahb1 set parent pll_periph0d2
[    0.000000] Architected local timer running at 24.00MHz.
[    0.000000] Switching to timer-based delay loop
[    0.000000] sched_clock: 32 bits at 24MHz, resolution 41ns, wraps every 178956ms
[    0.000000] Console: colour dummy device 80x30
[    0.000115] Calibrating delay loop (skipped), value calculated using timer frequency.. 4800.00 BogoMIPS (lpj=24000000)
[    0.000131] pid_max: default: 32768 minimum: 301
[    0.000241] Mount-cache hash table entries: 512
[    0.000659] CPU: Testing write buffer coherency: ok
[    0.000832] Setting up static identity map for 0x404f5cb0 - 0x404f5d08
[    0.001337] devtmpfs: initialized
[    0.003008] VFP support v0.3: implementor 41 architecture 2 part 30 variant 7 rev 5
[    0.003160] pinctrl core: initialized pinctrl subsystem
[    0.005123] NET: Registered protocol family 16
[    0.006311] DMA: preallocated 256 KiB pool for atomic coherent allocations
[    0.006572] script_sysfs_init success
[    0.006720] sunxi_dump_init success
[    0.007551] gpiochip_add: registered GPIOs 0 to 223 on device: sunxi-pinctrl
[    0.008239] sunxi-pinctrl sunxi-pinctrl: initialized sunXi PIO driver
[    0.008854] gpiochip_add: registered GPIOs 1024 to 1031 on device: axp-pinctrl
[    0.010951] [sunxi-module]: [sunxi-module.0] probe success
[    0.011089] script config pll_isp to 360 Mhz
[    0.011111] Not Found clk pll_video in script 
[    0.011121] script config pll_ve to 360 Mhz
[    0.011134] Not Found clk pll_periph0 in script 
[    0.011140] Not Found clk pll_de in script 
[    0.011144] sunxi_default_clk_init
[    0.011150] try to set pll6ahb1 to 200000000
[    0.011157] Error not get clk pll6ahb1
[    0.011166] Error not get clk pll6ahb1try to set ahb1 to 200000000
[    0.011180] try to set apb1 to 100000000
[    0.049479] bio: create slab &lt;bio-0&gt; at 0
[    0.049797] pwm module init!
[    0.053814] SCSI subsystem initialized
[    0.054139] usbcore: registered new interface driver usbfs
[    0.054306] usbcore: registered new interface driver hub
[    0.054487] usbcore: registered new device driver usb
[    0.054945] twi_chan_cfg()348 - [twi0] has no twi_regulator.
[    0.054955] twi_chan_cfg()348 - [twi1] has no twi_regulator.
[    0.056379] Advanced Linux Sound Architecture Driver Version 1.0.25.
[    0.057156] Bluetooth: Core ver 2.16
[    0.057335] NET: Registered protocol family 31
[    0.057345] Bluetooth: HCI device and connection manager initialized
[    0.057355] Bluetooth: HCI socket layer initialized
[    0.057362] Bluetooth: L2CAP socket layer initialized
[    0.057380] Bluetooth: SCO socket layer initialized
[    0.057845] cfg80211: Calling CRDA to update world regulatory domain
[    0.058743] Switching to clocksource arch_sys_counter
[    0.066919] NET: Registered protocol family 2
[    0.067116] IP route cache hash table entries: 1024 (order: 0, 4096 bytes)
[    0.067482] TCP established hash table entries: 4096 (order: 3, 32768 bytes)
[    0.067542] TCP bind hash table entries: 4096 (order: 2, 16384 bytes)
[    0.067579] TCP: Hash tables configured (established 4096 bind 4096)
[    0.067587] TCP: reno registered
[    0.067599] UDP hash table entries: 256 (order: 0, 4096 bytes)
[    0.067614] UDP-Lite hash table entries: 256 (order: 0, 4096 bytes)
[    0.067837] NET: Registered protocol family 1
[    0.068339] [pm]aw_pm_init!
[    0.068352] standby_mode = 1. 
[    0.068358] wakeup src cnt is : 3. 
[    0.068368] pmu name: pmu1_para .
[    0.068377] config_pmux_para: script_parser_fetch err. 
[    0.068383] pmu1_enable = 0x0. 
[    0.068388] pmu name: pmu2_para .
[    0.068393] config_pmux_para: script_parser_fetch err. 
[    0.068399] pmu2_enable = 0x0. 
[    0.068407] add_sys_pwr_dm: get ldo name failed
[    0.068413] add_sys_pwr_dm: get ldo name failed
[    0.068419] add_sys_pwr_dm: get ldo name failed
[    0.068425] add_sys_pwr_dm: get ldo name failed
[    0.068431] add_sys_pwr_dm: get ldo name failed
[    0.068436] add_sys_pwr_dm: get ldo name failed
[    0.068442] add_sys_pwr_dm: get ldo name failed
[    0.068448] add_sys_pwr_dm: get ldo name failed
[    0.068454] add_sys_pwr_dm: get ldo name failed
[    0.068460] add_sys_pwr_dm: get ldo name failed
[    0.068466] after inited: sys_mask config = 0x0. 
[    0.068473] dynamic_standby enalbe = 0x0. 
[    0.068512] sunxi_reg_init enter
[    0.070496] squashfs: version 4.0 (2009/01/31) Phillip Lougher
[    0.070546] msgmni has been set to 238
[    0.070954] io scheduler noop registered
[    0.070963] io scheduler deadline registered
[    0.071010] io scheduler cfq registered (default)
[    0.071018] [DISP]disp_module_init
[    0.071700] [DISP]disp_probe
[    0.071731] disp_init-----------------into
[    0.071765] cmdline,disp=2
[    0.071772] bsp_disp_init-----------------1
[    0.071776] bsp_disp_init b
[    0.071814] disp_init_lcd
[    0.071825] init lcd
[    0.071831] lcd 0
[    0.072092] lcdp-&gt;panel_info.lcd_pwm_used = 1 , bright 50, period 0
[    0.072102] lcd request pwm chn 0, freq 20000
[    0.072185] rotation_sw module is config as no used
[    0.072206] [DISP] disp_get_rotation_sw,line:77:disp 0 out of range? g_rot_sw=0
[    0.072216] [DISP] disp_init_connections,line:289:NULL pointer: 0, 0
[    0.072223] bsp_disp_init-----------------2
[    0.075432] set registered_fb[0] to 240x320
[    0.075735] set registered_fb[1] to 800x480
[    0.076013] set registered_fb[2] to 800x480
[    0.076275] set registered_fb[3] to 800x480
[    0.076554] set registered_fb[4] to 800x480
[    0.076817] set registered_fb[5] to 800x480
[    0.077085] set registered_fb[6] to 800x480
[    0.077343] set registered_fb[7] to 800x480
[    0.077364] disp_init-----------------2
[    0.077616] [DISP] lcd_clk_config,line:896:disp 0, clk: pll(340000000),clk(170000000),dclk(17000000) dsi_rate(340000000)
[    0.077632]      clk real:pll(339000000),clk(169500000),dclk(16950000) dsi_rate(0)
[    0.078258] [DISP]disp_module_init finish
[    0.078627] sw_uart_get_devinfo()2038 - uart0 has no uart_regulator.
[    0.078640] sw_uart_get_devinfo()2038 - uart1 has no uart_regulator.
[    0.078650] sw_uart_get_devinfo()2038 - uart2 has no uart_regulator.
[    0.079434] uart0: ttyS0 at MMIO 0x1c28000 (irq = 32) is a SUNXI
[    0.079972] uart1: ttyS1 at MMIO 0x1c28400 (irq = 33) is a SUNXI
[    0.080479] uart2: ttyS2 at MMIO 0x1c28800 (irq = 34) is a SUNXI
[    0.080489] sw_uart_pm()1296 - uart2 clk is already enable
[    0.080504] sw_console_setup()1696 - console setup baud 115200 parity n bits 8, flow n
[    0.194666] lcd_spi_pin_init done
[    0.762061] console [ttyS2] enabled
[    0.766805] sunxi_cmatest_init enter
[    0.766948] sunxi_cmatest_init success
[    0.771563] loop: module loaded
[    0.775665] SPI_ReadID:ff, 42, a9, 00
[    0.775671] =============== ST7789 RGB init B===============
[    1.025729] LCD_panel_io_term !
[    1.025943] [NAND]panic_buff_handle 0xc608c000 ,0x4608c000
[    1.025959] [NAND]nand init start, spinand_used_flag is 0
[    1.025966] [NAND]spinand driver is disabled 
[    1.025977] no ldo for moto, ignore it
[    1.030151] no ldo moto voltage config, ignore it
[    1.035760] sunxi_vibrator init end
[    1.035934] lradc_fetch_sysconfig_para: type 1, val.val 1
[    1.035943] charge_state script_get_item err
[    1.040708] pwmleds debug gpio driver init
[    1.045246] [pwm_leds]: pwm_leds_ctrl_init: 382===into
[    1.051047] [pwm_leds] pwm_request pwm0 fail!
[    1.055876] pwm_leds_init is err==============
[    1.061439] sunxi_spi_chan_cfg()1389 - [spi-0] has no spi_regulator.
[    1.069211] spi spi0: master is unqueued, this is deprecated
[    1.075921] RTW: module init start
[    1.075930] RTW: rtl8723ds v5.13.5-29-g0dbf6713f.20210604_COEX20210106-3b3b
[    1.075938] RTW: build time: Aug 25 2022 08:27:43
[    1.075944] RTW: rtl8723ds BT-Coex version = COEX20210106-3b3b
[    1.075997] RTW: rtw_inetaddr_notifier_register
[    1.076138] RTW: module init ret=0
[    1.076148] ehci_hcd: USB 2.0 'Enhanced' Host Controller (EHCI) Driver
[    1.103520] sunxi-ehci sunxi-ehci.1: SW USB2.0 'Enhanced' Host Controller (EHCI) Driver
[    1.112481] sunxi-ehci sunxi-ehci.1: new USB bus registered, assigned bus number 1
[    1.121133] sunxi-ehci sunxi-ehci.1: irq 104, io mem 0xf1c1a000
[    1.140037] sunxi-ehci sunxi-ehci.1: USB 0.0 started, EHCI 1.00
[    1.147467] hub 1-0:1.0: USB hub found
[    1.151711] hub 1-0:1.0: 1 port detected
[    1.156279] sunxi-ehci sunxi-ehci.1: remove, state 1
[    1.161828] usb usb1: USB disconnect, device number 1
[    1.168765] sunxi-ehci sunxi-ehci.1: USB bus 1 deregistered
[    1.175026] disp_sys_pwm_Config pwm 0, &lt;9961 / 50000&gt; 
[    1.175035] disp_sys_pwm_Config pwm 0, &lt;9961 / 50000&gt; 
[    1.185338] ohci_hcd: USB 1.1 'Open' Host Controller (OHCI) Driver
[    1.212358] sunxi-ohci sunxi-ohci.1: SW USB2.0 'Open' Host Controller (OHCI) Driver
[    1.220923] sunxi-ohci sunxi-ohci.1: new USB bus registered, assigned bus number 1
[    1.229371] sunxi-ohci sunxi-ohci.1: irq 105, io mem 0xf1c1a400
[    1.294819] hub 1-0:1.0: USB hub found
[    1.298984] hub 1-0:1.0: 1 port detected
[    1.303603] sunxi-ohci sunxi-ohci.1: remove, state 1
[    1.309176] usb usb1: USB disconnect, device number 1
[    1.315455] sunxi-ohci sunxi-ohci.1: USB bus 1 deregistered
[    1.332124] usbcore: registered new interface driver cdc_acm
[    1.338403] cdc_acm: USB Abstract Control Model driver for USB modems and ISDN adapters
[    1.347320] Initializing USB Mass Storage driver...
[    1.352924] usbcore: registered new interface driver usb-storage
[    1.359598] USB Mass Storage support registered.
[    1.365334] file system registered
[    1.371731] android_usb gadget: Mass Storage Function, version: 2009/09/11
[    1.379385] android_usb gadget: Number of LUNs=1
[    1.384567]  lun0: LUN: removable file: (no medium)
[    1.390663] android_usb gadget: android_usb ready
[    1.396508] [RTC] WARNING: Rtc time will be wrong!!
[    1.402310] sunxi-rtc sunxi-rtc: rtc core: registered sunxi-rtc as rtc0
[    1.409856] i2c /dev entries driver
[    1.414122] ++++++++++++++++ alpu_init +++++++++++++
[    1.419656] proc create success
[    1.423199] proc serial create success
[    1.427369] trimui_sunxi_gpio_init: ver Nov  6 2021
[    1.431083] serial: 0000001D50
[    1.444833] Bypass Test OK!
[    1.453636] ret=0
[    1.461402] ret=0
[    1.463743] -------- keytabcheck_init -------
[    1.463822] sunxi_pwr_key_fetch_sysconfig_para pwr_ctrl is not used in config
[    1.471760] =========script_get_err============
[    1.477260] Bluetooth: HCI UART driver ver 2.2.74e8f89.20210423-153941
[    1.484535] Bluetooth: HCI H4 protocol initialized
[    1.489845] Bluetooth: HCI Realtek H5 protocol initialized
[    1.495948] rtk_btcoex: rtk_btcoex_init: version: 1.2
[    1.501555] rtk_btcoex: create workqueue
[    1.505992] rtk_btcoex: alloc buffers 1408, 2240 for ev and l2
[    1.512538] trimui_gpio_voltage_init
[    1.512700] sunxi_cpufreq_target:1536000
[    1.512707] cpu vdd burst 1
[    1.514047] Synopsys Designware Multimedia Card Interface Driver[mmc]: SD/MMC/SDIO Host Controller Driver(v1.126 2018-10-15 14:05) Compiled in Aug 25 2022 at 08:27:41
[    1.530875] [mmc]: get mmc0's sdc_power failed
[    1.530895] [mmc]: get mmc1's sdc_power failed
[    1.530913] [mmc]: get mmc2's sdc_power failed
[    1.530922] [mmc]: MMC host used card: 0x7, boot card: 0x4, io_card 2
[    1.532054] [mmc]: sdc2 set ios: clk 0Hz bm OD pm OFF vdd 3.3V width 1 timing LEGACY(SDR12) dt B
[    1.533120] [mmc]: sdc2 set ios: clk 0Hz bm PP pm UP vdd 3.3V width 1 timing LEGACY(SDR12) dt B
[    1.533808] [mmc]: sdc0 set ios: clk 0Hz bm OD pm OFF vdd 3.3V width 1 timing LEGACY(SDR12) dt B
[    1.534882] [mmc]: sdc2 power_supply is null
[    1.538146] [mmc]: sdc1 set ios: clk 0Hz bm OD pm OFF vdd 3.3V width 1 timing LEGACY(SDR12) dt B
[    1.540963] no led1_active_low, sunxi_leds_fetch_sysconfig_para failed!
[    1.548325] =========script_get_err============
[    1.553389] [mmc]: sdc2 set ios: clk 400000Hz bm PP pm ON vdd 3.3V width 1 timing LEGACY(SDR12) dt B
[    1.553671] [led]:sunxi_led_init begin!
[    1.557924] =====led_sysconfig_para=====.
[    1.562434] led1 gpio number is 202
[    1.566299] led1_trigger gpio number is default-on
[    1.571623] led2 gpio number is 203
[    1.575486] led2_trigger gpio number is default-on
[    1.580806] led3 gpio number is 204
[    1.584671] led3_trigger gpio number is default-on
[    1.590467] Registered led device: led1
[    1.590672] Registered led device: led2
[    1.590820] [mmc]: *** sunxi_mci_dump_errinfo(L977): smc 2 err, cmd 52,  RTO !!
[    1.590902] Registered led device: led3
[    1.592483] [mmc]: *** sunxi_mci_dump_errinfo(L977): smc 2 err, cmd 52,  RTO !!
[    1.592524] [mmc]: sdc2 set ios: clk 400000Hz bm PP pm ON vdd 3.3V width 1 timing LEGACY(SDR12) dt B
[    1.595031] [mmc]: sdc2 set ios: clk 400000Hz bm PP pm ON vdd 3.3V width 1 timing LEGACY(SDR12) dt B
[    1.596867] [audiocodec] main_mic_vol type err!
[    1.601936] [mmc]: *** sunxi_mci_dump_errinfo(L977): smc 2 err, cmd 8,  RTO !!
[    1.601954] [audiocodec] headset_mic_vol  type err!
[    1.607371] *******************Try sdio*******************
[    1.614301] [mmc]: *** sunxi_mci_dump_errinfo(L977): smc 2 err, cmd 5,  RTO !!
[    1.614864] asoc: sndcodec &lt;-&gt; sunxi-codec mapping ok
[    1.620564] mmc0: req failed (CMD5): -110, retrying...
[    1.627101] [mmc]: *** sunxi_mci_dump_errinfo(L977): smc 2 err, cmd 5,  RTO !!
[    1.627253] mmc0: req failed (CMD5): -110, retrying...
[    1.633807] [mmc]: *** sunxi_mci_dump_errinfo(L977): smc 2 err, cmd 5,  RTO !!
[    1.634316] u32 classifier
[    1.637317]     Performance counters on
[    1.641595]     Actions configured
[    1.645381] Netfilter messages via NETLINK v0.30.
[    1.650643] mmc0: req failed (CMD5): -110, retrying...
[    1.656370] nf_conntrack version 0.5.0 (1911 buckets, 7644 max)
[    1.662954] [mmc]: *** sunxi_mci_dump_errinfo(L977): smc 2 err, cmd 5,  RTO !!
[    1.662978] *******************Try sd *******************
[    1.669166] ctnetlink v0.93: registering with nfnetlink.
[    1.675084] [mmc]: *** sunxi_mci_dump_errinfo(L977): smc 2 err, cmd 55,  RTO !!
[    1.675268] IPv4 over IPv4 tunneling driver
[    1.679918] [mmc]: *** sunxi_mci_dump_errinfo(L977): smc 2 err, cmd 55,  RTO !!
[    1.680608] gre: GRE over IPv4 demultiplexor driver
[    1.686035] [mmc]: *** sunxi_mci_dump_errinfo(L977): smc 2 err, cmd 55,  RTO !!
[    1.686055] ip_gre: GRE over IPv4 tunneling driver
[    1.692192] ip_tables: (C) 2000-2006 Netfilter Core Team
[    1.698111] [mmc]: *** sunxi_mci_dump_errinfo(L977): smc 2 err, cmd 55,  RTO !!
[    1.698144] *******************Try mmc*******************
[    1.704164] [mmc]: sdc2 set ios: clk 400000Hz bm OD pm ON vdd 3.3V width 1 timing LEGACY(SDR12) dt B
[    1.704412] TCP: cubic registered
[    1.708114] [mmc]: sdc2 set ios: clk 400000Hz bm OD pm ON vdd 3.3V width 1 timing LEGACY(SDR12) dt B
[    1.708196] [mmc]: sdc2 set ios: clk 400000Hz bm OD pm ON vdd 3.3V width 1 timing LEGACY(SDR12) dt B
[    1.708273] [mmc]: sdc2 set ios: clk 400000Hz bm OD pm ON vdd 3.3V width 1 timing LEGACY(SDR12) dt B
[    1.709375] NET: Registered protocol family 17
[    1.715333] [mmc]: sdc2 set ios: clk 400000Hz bm OD pm ON vdd 3.3V width 1 timing LEGACY(SDR12) dt B
[    1.716450] NET: Registered protocol family 15
[    1.721620] Bluetooth: RFCOMM TTY layer initialized
[    1.727055] Bluetooth: RFCOMM socket layer initialized
[    1.732771] Bluetooth: RFCOMM ver 1.11
[    1.736925] Bluetooth: BNEP (Ethernet Emulation) ver 1.3
[    1.742882] Bluetooth: HIDP (Human Interface Emulation) ver 1.2
[    1.749684] 8021q: 802.1Q VLAN Support v1.8
[    1.754739] ThumbEE CPU extension supported.
[    1.759525] [mmc]: sdc2 set ios: clk 400000Hz bm PP pm ON vdd 3.3V width 1 timing LEGACY(SDR12) dt B
[    1.759656] Registering SWP/SWPB emulation handler
[    1.766007] sunxi-rtc sunxi-rtc: hctosys: unable to read the hardware clock
[    1.774663] ALSA device list:
[    1.778013]   #0: audiocodec
[    1.781521] Waiting for root device /dev/mmcblk0p7...
[    1.787507] [mmc]: sdc2 set ios: clk 25000000Hz bm PP pm ON vdd 3.3V width 1 timing LEGACY(SDR12) dt B
[    1.787650] [mmc]: sdc2 set ios: clk 25000000Hz bm PP pm ON vdd 3.3V width 1 timing MMC-HS(SDR20) dt B
[    1.787697] [mmc]: sdc2 set ios: clk 50000000Hz bm PP pm ON vdd 3.3V width 1 timing MMC-HS(SDR20) dt B
[    1.787768] [mmc]: sdc2 set ios: clk 50000000Hz bm PP pm ON vdd 3.3V width 8 timing MMC-HS(SDR20) dt B
[    1.787893] mmc0: new high speed MMC card at address 0001
[    1.794329] mmcblk0: mmc0:0001 8GTF4R 7.28 GiB 
[    1.799432] mmcblk0boot0: mmc0:0001 8GTF4R partition 1 4.00 MiB
[    1.806150] mmcblk0boot1: mmc0:0001 8GTF4R partition 2 4.00 MiB
[    1.813681]  mmcblk0: p1 p2 p3 &lt; p5 p6 p7 p8 p9 p10 &gt;
[    1.819325] mmcblk0: p1 size 14948352 extends beyond EOD, truncated
[    1.828951]  mmcblk0boot1: unknown partition table
[    1.835346]  mmcblk0boot0: unknown partition table
[    1.841010] *******************mmc init ok *******************
[    1.894709] EXT4-fs (mmcblk0p7): warning: mounting unchecked fs, running e2fsck is recommended
[    1.905436] EXT4-fs (mmcblk0p7): mounted filesystem without journal. Opts: (null)
[    1.913807] VFS: Mounted root (ext4 filesystem) on device 179:7.
[    1.920995] devtmpfs: mounted
[    1.924481] Freeing init memory: 148K
[    2.100880] EXT4-fs (mmcblk0p8): mounted filesystem without journal. Opts: (null)
[    2.132006] EXT4-fs (mmcblk0p7): re-mounted. Opts: (null)
[    2.253474] EXT4-fs (mmcblk0p1): mounted filesystem with ordered data mode. Opts: (null)
[    2.431649] android_usb: already disabled
[    2.476977] adb_open
[    2.480907] adb_bind_config
[    2.484064] ep_matches, wrn: endpoint already claimed, ep(0xc06ce8ec, 0xc596fec0, ep1in-bulk)
[    2.501960] mtp_bind_config
[    2.505099] ep_matches, wrn: endpoint already claimed, ep(0xc06ce8ec, 0xc596fec0, ep1in-bulk)
[    2.505108] ep_matches, wrn: endpoint already claimed, ep(0xc06ce938, 0xc596fec0, ep1out-bulk)
[    2.505119] ep_matches, wrn: endpoint already claimed, ep(0xc06ce8ec, 0xc596fec0, ep1in-bulk)
[    2.505126] ep_matches, wrn: endpoint already claimed, ep(0xc06ce938, 0xc596fec0, ep1out-bulk)
[    2.505133] ep_matches, wrn: endpoint already claimed, ep(0xc06ce984, 0xc591ecc0, ep2in-bulk)
[    2.505141] ep_matches, wrn: endpoint already claimed, ep(0xc06ce8ec, 0xc596fec0, ep1in-bulk)
[    2.505148] ep_matches, wrn: endpoint already claimed, ep(0xc06ce938, 0xc596fec0, ep1out-bulk)
[    2.505156] ep_matches, wrn: endpoint already claimed, ep(0xc06ce984, 0xc591ecc0, ep2in-bulk)
[    2.505163] ep_matches, wrn: endpoint already claimed, ep(0xc06ce9d0, 0xc591ecc0, ep2out-bulk)
[    2.535050] [mmc]: mmc 0 detect change, present 1
[    2.612209] gpio_keys_polled_init start
[    3.030031] [mmc]: sdc0 set ios: clk 0Hz bm PP pm UP vdd 3.3V width 1 timing LEGACY(SDR12) dt B
[    3.031552] [mmc]: sdc0 power_supply is null
[    3.050050] [mmc]: sdc0 set ios: clk 400000Hz bm PP pm ON vdd 3.3V width 1 timing LEGACY(SDR12) dt B
[    3.072102] [mmc]: *** sunxi_mci_dump_errinfo(L977): smc 0 err, cmd 52,  RTO !!
[    3.072945] [mmc]: *** sunxi_mci_dump_errinfo(L977): smc 0 err, cmd 52,  RTO !!
[    3.072963] [mmc]: sdc0 set ios: clk 400000Hz bm PP pm ON vdd 3.3V width 1 timing LEGACY(SDR12) dt B
[    3.075451] [mmc]: sdc0 set ios: clk 400000Hz bm PP pm ON vdd 3.3V width 1 timing LEGACY(SDR12) dt B
[    3.076855] *******************Try sdio*******************
[    3.083790] [mmc]: *** sunxi_mci_dump_errinfo(L977): smc 0 err, cmd 5,  RTO !!
[    3.083815] mmc1: req failed (CMD5): -110, retrying...
[    3.090341] [mmc]: *** sunxi_mci_dump_errinfo(L977): smc 0 err, cmd 5,  RTO !!
[    3.090365] mmc1: req failed (CMD5): -110, retrying...
[    3.096903] [mmc]: *** sunxi_mci_dump_errinfo(L977): smc 0 err, cmd 5,  RTO !!
[    3.096919] mmc1: req failed (CMD5): -110, retrying...
[    3.103463] [mmc]: *** sunxi_mci_dump_errinfo(L977): smc 0 err, cmd 5,  RTO !!
[    3.103486] *******************Try sd *******************
[    3.110272] [mmc]: sdc0 set ios: clk 400000Hz bm PP pm ON vdd 3.3V width 1 timing LEGACY(SDR12) dt B
[    3.110389] [mmc]: sdc0 set ios: clk 400000Hz bm PP pm ON vdd 3.3V width 1 timing LEGACY(SDR12) dt B
[    3.112868] [mmc]: sdc0 set ios: clk 400000Hz bm PP pm ON vdd 3.3V width 1 timing LEGACY(SDR12) dt B
[    3.136562] [mmc]: sdc0 set ios: clk 25000000Hz bm PP pm ON vdd 3.3V width 1 timing LEGACY(SDR12) dt B
[    3.136690] [mmc]: sdc0 set ios: clk 25000000Hz bm PP pm ON vdd 3.3V width 1 timing LEGACY(SDR12) dt B
[    3.139140] [mmc]: sdc0 set ios: clk 25000000Hz bm PP pm ON vdd 3.3V width 1 timing SD-HS(SDR25) dt B
[    3.139231] [mmc]: sdc0 set ios: clk 50000000Hz bm PP pm ON vdd 3.3V width 1 timing SD-HS(SDR25) dt B
[    3.139323] [mmc]: sdc0 set ios: clk 50000000Hz bm PP pm ON vdd 3.3V width 4 timing SD-HS(SDR25) dt B
[    3.139382] mmc1: new high speed SDHC card at address 0001
[    3.150552] mmcblk1: mmc1:0001 USD 29.7 GiB 
[    3.161404]  mmcblk1: p1
[    3.176257] *******************sd init ok*******************
[    5.971390] [DISP] var_to_disp_fb,line:503:invalid bits_per_pixel :8
[    5.982680] [DISP] var_to_disp_fb,line:503:invalid bits_per_pixel :8
[    5.991052] [DISP] var_to_disp_fb,line:503:invalid bits_per_pixel :8
[    6.000503] [DISP] var_to_disp_fb,line:503:invalid bits_per_pixel :8
[    6.010668] [DISP] var_to_disp_fb,line:503:invalid bits_per_pixel :8
[    6.020413] [DISP] var_to_disp_fb,line:503:invalid bits_per_pixel :8
[    6.029979] [DISP] var_to_disp_fb,line:503:invalid bits_per_pixel :8
[    6.040102] [DISP] var_to_disp_fb,line:503:invalid bits_per_pixel :8
[    6.047545] [DISP] var_to_disp_fb,line:503:invalid bits_per_pixel :8
[    6.054855] [DISP] var_to_disp_fb,line:503:invalid bits_per_pixel :8
[    6.062341] [DISP] var_to_disp_fb,line:503:invalid bits_per_pixel :8
[    6.069612] [DISP] var_to_disp_fb,line:503:invalid bits_per_pixel :8
[    6.077060] [DISP] var_to_disp_fb,line:503:invalid bits_per_pixel :8
[    6.084610] [DISP] var_to_disp_fb,line:503:invalid bits_per_pixel :8
[    6.091878] [DISP] var_to_disp_fb,line:503:invalid bits_per_pixel :8
[    6.099134] [DISP] var_to_disp_fb,line:497:[FB]invalid format&lt;transp.offset:24,red.offset:16,green.offset:8,blue.offset:0&gt;
[    6.111870] [DISP] var_to_disp_fb,line:497:[FB]invalid format&lt;transp.offset:24,red.offset:16,green.offset:8,blue.offset:0&gt;
[    6.124710] [DISP] var_to_disp_fb,line:497:[FB]invalid format&lt;transp.offset:24,red.offset:16,green.offset:8,blue.offset:0&gt;
[    6.142286] [DISP] var_to_disp_fb,line:497:[FB]invalid format&lt;transp.offset:24,red.offset:16,green.offset:8,blue.offset:0&gt;
[    6.155027] [DISP] var_to_disp_fb,line:497:[FB]invalid format&lt;transp.offset:24,red.offset:16,green.offset:8,blue.offset:0&gt;
[    6.167573] [DISP] var_to_disp_fb,line:497:[FB]invalid format&lt;transp.offset:24,red.offset:16,green.offset:8,blue.offset:0&gt;
[    6.180371] [DISP] var_to_disp_fb,line:497:[FB]invalid format&lt;transp.offset:24,red.offset:16,green.offset:8,blue.offset:0&gt;
[    6.192910] [DISP] var_to_disp_fb,line:497:[FB]invalid format&lt;transp.offset:24,red.offset:16,green.offset:8,blue.offset:0&gt;
[    6.205656] [DISP] var_to_disp_fb,line:497:[FB]invalid format&lt;transp.offset:24,red.offset:16,green.offset:8,blue.offset:0&gt;
[    6.218197] [DISP] var_to_disp_fb,line:497:[FB]invalid format&lt;transp.offset:24,red.offset:16,green.offset:8,blue.offset:0&gt;
[    6.230941] [DISP] var_to_disp_fb,line:497:[FB]invalid format&lt;transp.offset:24,red.offset:16,green.offset:8,blue.offset:0&gt;
[    6.243499] [DISP] var_to_disp_fb,line:497:[FB]invalid format&lt;transp.offset:24,red.offset:16,green.offset:8,blue.offset:0&gt;
[    6.256224] [DISP] var_to_disp_fb,line:497:[FB]invalid format&lt;transp.offset:24,red.offset:16,green.offset:8,blue.offset:0&gt;
[    6.268773] [DISP] var_to_disp_fb,line:497:[FB]invalid format&lt;transp.offset:24,red.offset:16,green.offset:8,blue.offset:0&gt;
[    6.281526] [DISP] var_to_disp_fb,line:497:[FB]invalid format&lt;transp.offset:24,red.offset:16,green.offset:8,blue.offset:0&gt;
[    6.552781] [DISP] var_to_disp_fb,line:497:[FB]invalid format&lt;transp.offset:0,red.offset:0,green.offset:0,blue.offset:0&gt;
[    6.552803] [DISP] var_to_disp_fb,line:497:[FB]invalid format&lt;transp.offset:0,red.offset:0,green.offset:0,blue.offset:0&gt;
[    6.800057] [mmc]: sdc1 set ios: clk 0Hz bm PP pm UP vdd 3.3V width 1 timing LEGACY(SDR12) dt B
[    6.801601] [mmc]: sdc1 power_supply is null
[    6.820072] [mmc]: sdc1 set ios: clk 400000Hz bm PP pm ON vdd 3.3V width 1 timing LEGACY(SDR12) dt B
[    6.842310] [mmc]: sdc1 set ios: clk 400000Hz bm PP pm ON vdd 3.3V width 1 timing LEGACY(SDR12) dt B
[    6.844928] [mmc]: sdc1 set ios: clk 400000Hz bm PP pm ON vdd 3.3V width 1 timing LEGACY(SDR12) dt B
[    6.846967] [mmc]: *** sunxi_mci_dump_errinfo(L977): smc 1 err, cmd 8,  RTO !!
[    6.846996] *******************Try sdio*******************
[    6.854853] mmc2: card claims to support voltages below the defined range. These will be ignored.
[    6.864792] [mmc]: sdc1 set ios: clk 400000Hz bm PP pm ON vdd 3.3V width 1 timing LEGACY(SDR12) dt B
[    6.879136] [mmc]: sdc1 set ios: clk 400000Hz bm PP pm ON vdd 3.3V width 1 timing SD-HS(SDR25) dt B
[    6.879264] [mmc]: sdc1 set ios: clk 50000000Hz bm PP pm ON vdd 3.3V width 1 timing SD-HS(SDR25) dt B
[    6.879399] [mmc]: sdc1 set ios: clk 50000000Hz bm PP pm ON vdd 3.3V width 4 timing SD-HS(SDR25) dt B
[    6.879914] mmc2: new high speed SDIO card at address 0001
[    6.897779] RTW: == SDIO Card Info ==
[    6.897794] RTW:   card: c5af5400
[    6.897798] RTW:   clock: 50000000 Hz
[    6.897802] RTW:   timing spec: sd high-speed
[    6.897810] RTW:   sd3_bus_mode: FALSE
[    6.897814] RTW:   func num: 1
[    6.897819] RTW:   func1: c5a21400 (*)
[    6.897823] RTW: ================
[    6.897827] RTW: CHIP TYPE: RTL8723D
[    6.898215] RTW: Chip Version Info: CHIP_8723D_T4_1T1R_RomVer(0)
[    6.900990] RTW: SetHwReg: bMacPwrCtrlOn=1
[    6.901216] RTW: sdio_power_on_check: val_mix:0x0000063f, res:0x0000063f
[    6.901223] RTW: sdio_power_on_check: 0x100 the result of cmd52 and cmd53 is the same.
[    6.901263] RTW: sdio_power_on_check: 0x1B8 test Pass.
[    6.901301] RTW: _InitPowerOn_8723DS: Normal Mode
[    6.901317] RTW: _InitPowerOn_8723DS: LDO Mode
[    6.901349] RTW: ReadAdapterInfo8723DS, 0x4e=0x42
[    6.901384] RTW: EEPROM type is E-FUSE
[    6.903018] RTW: hal_EfuseSwitchToBank: Efuse switch bank to 0
[    6.932336] RTW: hal_ReadEFuse_WiFi: data end at address=0xa6
[    6.932375] RTW: HW EFUSE
[    6.932382] RTW: 0x000: 29 81 00 7C  E1 88 07 00  A0 04 EC 35  12 C0 A2 D8  
[    6.932405] RTW: 0x010: 27 27 26 26  26 26 27 27  26 26 26 02  FF FF FF FF  
[    6.932426] RTW: 0x020: FF FF FF FF  FF FF FF FF  FF FF FF FF  FF FF FF FF  
[    6.932448] RTW: 0x030: FF FF FF FF  FF FF FF FF  FF FF 22 22  22 22 22 22  
[    6.932469] RTW: 0x040: 21 21 21 21  21 02 FF FF  FF FF FF FF  FF FF FF FF  
[    6.932490] RTW: 0x050: FF FF FF FF  FF FF FF FF  FF FF FF FF  FF FF FF FF  
[    6.932511] RTW: 0x060: FF FF FF FF  FF FF FF FF  FF FF FF FF  FF FF FF FF  
[    6.932538] RTW: 0x070: FF FF FF FF  FF FF FF FF  FF FF FF FF  FF FF FF FF  
[    6.932560] RTW: 0x080: FF FF FF FF  FF FF FF FF  FF FF FF FF  FF FF FF FF  
[    6.932581] RTW: 0x090: FF FF FF FF  FF FF FF FF  FF FF FF FF  FF FF FF FF  
[    6.932603] RTW: 0x0A0: FF FF FF FF  FF FF FF FF  FF FF FF FF  FF FF FF FF  
[    6.932624] RTW: 0x0B0: FF FF FF FF  FF FF FF FF  20 13 1A 00  00 00 FF FF  
[    6.932645] RTW: 0x0C0: FF 29 20 11  00 00 00 FF  00 FF 11 FF  FF FF FF FF  
[    6.932666] RTW: 0x0D0: 3E 10 01 12  23 FF FF FF  20 04 4C 02  23 D7 21 02  
[    6.932687] RTW: 0x0E0: 0C 00 22 04  00 08 00 32  FF 21 02 0C  00 22 2A 01  
[    6.932708] RTW: 0x0F0: 01 00 00 00  00 00 00 00  00 00 00 00  02 00 FF FF  
[    6.932740] RTW: 0x100: 00 00 00 00  00 00 00 00  00 00 00 00  00 00 00 00  
[    6.932760] RTW: 0x110: 00 EB 00 6E  01 00 00 00  00 FF 2C 05  47 6A B8 F9  
[    6.932786] RTW: 0x120: FF FF FF FF  FF FF FF FF  FF FF FF FF  FF FF FF FF  
[    6.932807] RTW: 0x130: FF FF FF FF  FF FF FF FF  FF FF FF FF  FF FF FF FF  
[    6.932828] RTW: 0x140: FF FF FF FF  FF FF FF FF  FF FF FF FF  FF FF FF FF  
[    6.932850] RTW: 0x150: FF FF FF FF  FF FF FF FF  FF FF FF FF  FF FF FF FF  
[    6.932871] RTW: 0x160: FF FF FF FF  FF FF FF FF  FF FF FF FF  FF FF FF FF  
[    6.932892] RTW: 0x170: FF FF FF FF  FF FF FF FF  FF FF FF FF  FF FF FF FF  
[    6.932913] RTW: 0x180: FF FF FF FF  FF FF FF FF  FF FF FF FF  FF FF FF FF  
[    6.932935] RTW: 0x190: FF FF FF FF  FF FF FF FF  FF FF FF FF  FF FF FF FF  
[    6.932956] RTW: 0x1A0: FF FF FF FF  FF FF FF FF  FF FF FF FF  FF FF FF FF  
[    6.932977] RTW: 0x1B0: FF FF FF FF  FF FF FF FF  FF FF FF FF  FF FF FF FF  
[    6.932999] RTW: 0x1C0: FF FF FF FF  FF FF FF FF  FF FF FF FF  FF FF FF FF  
[    6.933024] RTW: 0x1D0: FF FF FF FF  FF FF FF FF  FF FF FF FF  FF FF FF FF  
[    6.933045] RTW: 0x1E0: FF FF FF FF  FF FF FF FF  FF FF FF FF  FF FF FF FF  
[    6.933067] RTW: 0x1F0: FF FF FF FF  FF FF FF FF  FF FF FF FF  FF FF FF FF  
[    6.934594] RTW: Hal_EfuseParseBTCoexistInfo_8723D: Enable BT-coex, ant_num=1
[    6.934609] RTW: hal_com_config_channel_plan chplan:0x20
[    6.934616] RTW: Hal_EfuseParseVoltage_8723D hwinfo[EEPROM_Voltage_ADDR_8723D] =a0
[    6.934622] RTW: Hal_EfuseParseVoltage_8723D pHalData-&gt;adjuseVoltageVal =a
[    6.934765] RTW: kfree Pwr Trim flag:1
[    6.934770] RTW: bb_gain(S1):-2
[    6.934774] RTW: bb_gain(S0):-2
[    6.935823] RTW: rtl8723d_FirmwareDownload fw: FW_NIC, size: 29262
[    6.935843] RTW: rtl8723d_FirmwareDownload: fw_ver=31 fw_subver=0000 sig=0x23d1, Month=11, Date=18, Hour=20, Minute=41
[    6.935882] RTW: rtl8723d_FirmwareDownload(): Shift for fw header!
[    6.937500] RTW: rtl8723d_FirmwareDownload by IO write!
[    7.077051] RTW: polling_fwdl_chksum: Checksum report OK! (1, 0ms), REG_MCUFWDL:0x07070305
[    7.077063] RTW: rtl8723d_FirmwareDownload: download FW count:1
[    7.077234] RTW: _8051Reset8723: Finish
[    7.095456] RTW: _FWFreeToGo: Polling FW ready OK! (507, 20ms), REG_MCUFWDL:0x070703c6
[    7.095468] RTW: rtl8723d_FirmwareDownload success. write_fw:1, 160ms
[    7.095488] RTW:  &lt;=== rtl8723d_FirmwareDownload()
[    7.106055] RTW: hal_read_mac_hidden_rpt OK! (2, 10ms), fwdl:1, id:0x19
[    7.106315] RTW: SetHwReg: bMacPwrCtrlOn=0
[    7.107537] RTW: rtw_hal_read_chip_info in 210 ms
[    7.107583] RTW: [RF_PATH] ver_id.RF_TYPE:RF_1T1R
[    7.107591] RTW: [RF_PATH] HALSPEC's rf_reg_trx_path_bmp:0x11, rf_reg_path_avail_num:1, max_tx_cnt:1
[    7.107599] RTW: [RF_PATH] PG's trx_path_bmp:0x00, max_tx_cnt:0
[    7.107606] RTW: [RF_PATH] Registry's trx_path_bmp:0x00, tx_path_lmt:0, rx_path_lmt:0
[    7.107614] RTW: [RF_PATH] HALDATA's trx_path_bmp:0x11, max_tx_cnt:1
[    7.107620] RTW: [RF_PATH] HALDATA's rf_type:RF_1T1R, NumTotalRFPath:1
[    7.107629] RTW: rtw_hal_rfpath_init trx_path_bmp:0x11(RF_1T1R), NumTotalRFPath:1, max_tx_cnt:1
[    7.107638] RTW: [TRX_Nss] HALSPEC - tx_nss:1, rx_nss:1
[    7.107645] RTW: [TRX_Nss] Registry - tx_nss:0, rx_nss:0
[    7.107650] RTW: [TRX_Nss] HALDATA - tx_nss:1, rx_nss:1
[    7.107656] RTW: rtw_hal_trxnss_init tx_nss:1, rx_nss:1
[    7.107665] RTW: txpath=0x1, rxpath=0x1
[    7.107670] RTW: txpath_1ss:0x1, num:1
[    7.107811] RTW: init_mlme_default_rate_set: support CCK
[    7.107820] RTW: init_mlme_default_rate_set: support OFDM
[    7.108488] RTW: rtw_alloc_macid((null)) if1, mac_addr:ff:ff:ff:ff:ff:ff macid:1
[    7.108505] RTW: rtw_init_pwrctrl_priv: IPS_mode=1, LPS_mode=2, LPS_level=1
[    7.108576] RTW: IQK FW offload:disable
[    7.108590] RTW: Init_ODM_ComInfo_8723d(): Fv=0 Cv=3
[    7.108647] RTW: rtw_regsty_chk_target_tx_power_valid return _FALSE for band:0, path:0, rs:0, t:-1
[    7.108731] RTW: phy_ConfigBBWithPgParaFile(): No File PHY_REG_PG.txt, Load from HWImg Array!
[    7.108751] RTW: default power by rate loaded
[    7.108761] RTW: phy_txpwr_by_rate_chk_for_path_dup duplicate 2.4G [A] to [B]
[    7.108780] RTW: init_channel_set_from_rtk_priv((null)) ChannelPlan ID:0x20, ch num:13
[    7.109106] RTW: rtw_macaddr_cfg mac addr:2c:05:47:6a:b8:f9
[    7.109290] RTW: bDriverStopped:True, bSurpriseRemoved:False, bup:0, hw_init_completed:0
[    7.109314] RTW: rtw_cfg80211_init_wiphy_band:rf_type=0
[    7.109328] RTW: [HT] HAL Support STBC = 0x01
[    7.109346] RTW: rtw_wiphy_alloc(phy0)
[    7.109379] RTW: rtw_wdev_alloc(padapter=c884e000)
[    7.109388] RTW: rtw_wiphy_register(phy0)
[    7.109922] RTW: rtw_reg_notifier(phy0)
[    7.109936] RTW: initiator:CORE, wiphy_idx:0
[    7.109940] RTW: alpha2:00
[    7.109944] RTW: dfs_region:UNSET
[    7.109948] RTW: intersect:0
[    7.109952] RTW: processed:0
[    7.109955] RTW: country_ie_env:ANY
[    7.114397] RTW: rtw_ndev_init(wlan0) if1 mac_addr=2c:05:47:6a:b8:f9
[    7.114793] RTW: rtw_ndev_notifier_call(wlan0) state:16
[    7.145571] RTW: rtw_ndev_notifier_call(wlan0) state:5
[    7.145762] *******************sdio init ok*******************
[    7.190139] Bluetooth: h5_open
[    7.194104] Bluetooth: hci_uart_register_dev
[    7.209417] rtk_btcoex: Open BTCOEX
[    7.216953] rtk_btcoex: BTCOEX hci_rev 0xaaa8
[    7.224235] rtk_btcoex: BTCOEX lmp_subver 0x2df5
[    7.404777] disp_sys_pwm_Config pwm 0, &lt;10352 / 50000&gt; 
[    7.500543] Adding 262140k swap on /mnt/UDISK/cachefile.  Priority:-1 extents:2 across:270332k SS
[    7.522286] RTW: rtw_ndev_notifier_call(wlan0) state:13
[    7.522305] RTW: _netdev_open(wlan0) , bup=0
[    7.522361] RTW: FW does not exist before power on!!
[    7.526184] RTW: SetHwReg: bMacPwrCtrlOn=1
[    7.526365] RTW: sdio_power_on_check: val_mix:0x0000063f, res:0x0000063f
[    7.526371] RTW: sdio_power_on_check: 0x100 the result of cmd52 and cmd53 is the same.
[    7.526410] RTW: sdio_power_on_check: 0x1B8 test Pass.
[    7.526443] RTW: _InitPowerOn_8723DS: Normal Mode
[    7.526457] RTW: _InitPowerOn_8723DS: LDO Mode
[    7.526566] RTW: Power on ok!
[    7.526655] RTW: rtl8723d_FirmwareDownload fw: FW_NIC, size: 29262
[    7.526665] RTW: rtl8723d_FirmwareDownload: fw_ver=31 fw_subver=0000 sig=0x23d1, Month=11, Date=18, Hour=20, Minute=41
[    7.526672] RTW: rtl8723d_FirmwareDownload(): Shift for fw header!
[    7.526688] RTW: rtl8723d_FirmwareDownload by IO write!
[    7.629896] RTW: polling_fwdl_chksum: Checksum report OK! (1, 0ms), REG_MCUFWDL:0x00070305
[    7.629908] RTW: rtl8723d_FirmwareDownload: download FW count:1
[    7.630444] RTW: _8051Reset8723: Finish
[    7.648710] RTW: _FWFreeToGo: Polling FW ready OK! (334, 20ms), REG_MCUFWDL:0x000703c6
[    7.648723] RTW: rtl8723d_FirmwareDownload success. write_fw:1, 120ms
[    7.648747] RTW:  &lt;=== rtl8723d_FirmwareDownload()
[    7.648755] RTW: HalDetectPwrDownMode(): PDN=0
[    7.648759] RTW: Set RF Chip ID to RF_6052 and RF type to 0.
[    7.770961] RTW: rtw_hal_set_macaddr_port wlan0- hw port(0) mac_addr =2c:05:47:6a:b8:f9
[    7.771079] RTW: [HW_VAR_ENABLE_RX_BAR] 0x6A2=0x500
[    7.772380] RTW: rtw_hal_set_macaddr_port wlan0- hw port(0) mac_addr =2c:05:47:6a:b8:f9
[    7.772472] RTW: #### hw_var_set_opmode() -4451 hw_port(0) mode = 2 ####
[    7.772535] RTW: rtw_rf_get_kfree_tx_gain_offset path:S1, ch:6, bb_gain_sel:0, kfree_offset:-2
[    7.772754] RTW: kfree gain_offset 0x55:0x82010 RTW:  after :0x12010
[    7.773198] RTW: rtw_rf_get_kfree_tx_gain_offset path:S0, ch:6, bb_gain_sel:0, kfree_offset:-2
[    7.773413] RTW: kfree gain_offset 0x65:0x82000 RTW:  after :0x12000
[    7.773846] RTW: MAC Address = 2c:05:47:6a:b8:f9
[    7.773857] RTW: rtw_start_drv_threads(wlan0) enter
[    7.773862] RTW: rtw_start_drv_threads(wlan0) start RTW_XMIT_THREAD
[    7.773936] RTW: rtw_start_drv_threads(wlan0) start RTW_RECV_THREAD
[    7.773972] RTW: rtw_start_drv_threads(wlan0) start RTW_CMD_THREAD
[    7.774001] RTW: rtw_recv_thread(wlan0) enter
[    7.774017] RTW: rtl8723d_start_thread(wlan0) start RTWHALXT
[    7.774048] RTW: start rtl8723ds_xmit_thread(wlan0)
[    7.774465] RTW: -871x_drv - drv_open, bup=1
[    7.774523] RTW: cfg80211_rtw_set_power_mgmt(wlan0) enabled:1, timeout:-1
[    7.774601] RTW: rtw_ndev_notifier_call(wlan0) state:1
[    7.798161] RTW: rtw_ndev_notifier_call(wlan0) state:4
[    7.799815] RTW: cfg80211_rtw_flush_pmksa(wlan0)
[    9.009108] RTW: cfg80211_rtw_get_station(wlan0) no sta info for mac=00:00:00:00:00:00
[    9.250050] Bluetooth: __hci_uart_flush: hdev c4908800 tty c5b33400
[    9.265266] Bluetooth: hci_uart_close: hdev c4908800
[    9.270814] Bluetooth: __hci_uart_flush: hdev c4908800 tty c5b33400
[    9.278155] rtk_btcoex: Close BTCOEX
[    9.282283] rtk_btcoex: -x
[    9.773463] RTW: ==&gt;rtw_ps_processor .fw_state(8)
[    9.773730] RTW: ==&gt;ips_enter cnts:1
[    9.773734] RTW: nolinked power save enter
[    9.773740] RTW: ===&gt; rtw_ips_pwr_down...................
[    9.773745] RTW: ====&gt; rtw_ips_dev_unload...
[    9.784299] RTW: SetHwReg: bMacPwrCtrlOn=0
[    9.784521] RTW: &lt;=== rtw_ips_pwr_down..................... in 10ms
[   10.533814] rtk_btcoex: Open BTCOEX
[   10.539734] rtk_btcoex: BTCOEX hci_rev 0xaaa8
[   10.544641] rtk_btcoex: BTCOEX lmp_subver 0x2df5
[   12.062206] RTW: cfg80211_rtw_get_station(wlan0) no sta info for mac=00:00:00:00:00:00
[   15.114731] RTW: cfg80211_rtw_get_station(wlan0) no sta info for mac=00:00:00:00:00:00
[   18.171960] RTW: cfg80211_rtw_get_station(wlan0) no sta info for mac=00:00:00:00:00:00
[   18.910048] Bluetooth: hu c5b3c140 retransmitting 1 pkts
[   21.225667] RTW: cfg80211_rtw_get_station(wlan0) no sta info for mac=00:00:00:00:00:00
[   24.282432] RTW: cfg80211_rtw_get_station(wlan0) no sta info for mac=00:00:00:00:00:00
[   27.333847] RTW: cfg80211_rtw_get_station(wlan0) no sta info for mac=00:00:00:00:00:00
[   30.386684] RTW: cfg80211_rtw_get_station(wlan0) no sta info for mac=00:00:00:00:00:00
[   33.439438] RTW: cfg80211_rtw_get_station(wlan0) no sta info for mac=00:00:00:00:00:00
[   36.496552] RTW: cfg80211_rtw_get_station(wlan0) no sta info for mac=00:00:00:00:00:00
</pre><br>

<p>
<br><a href="../../handheld.htm">返回上一頁</a>
</p>

</div>
</div>
</div>
</body>
</html>
