<!DOCTYPE html PUBLIC "-//W3C//DTD XHTML 1.0 Strict//EN" "http://www.w3.org/TR/xhtml1/DTD/xhtml1-strict.dtd">
<html xmlns="http://www.w3.org/1999/xhtml" xml:lang="en" lang="en">
<head><script type="text/javascript" src="../page_head.js"></script>

<h3><a href="../index.htm">掌機</a> - D-R35 Plus - <b>/proc/kmsg</b></h3>
<hr size="1"><br>
<pre>
&lt;6&gt;[    0.000000] Booting Linux on physical CPU 0x0
&lt;5&gt;[    0.000000] Linux version 4.19.128 (vmuser@ubuntu) (gcc version 9.3.0 (Buildroot 2020.02-00011-g7ea8a52)) #27 Tue Mar 26 20:07:37 CST 2024
&lt;6&gt;[    0.000000] CPU: ARMv7 Processor [410fc075] revision 5 (ARMv7), cr=10c53c7d
&lt;6&gt;[    0.000000] CPU: div instructions available: patching division code
&lt;6&gt;[    0.000000] CPU: PIPT / VIPT nonaliasing data cache, VIPT aliasing instruction cache
&lt;6&gt;[    0.000000] OF: fdt: Machine model: Generalplus EMU Board
&lt;6&gt;[    0.000000] Memory policy: Data cache writeback
&lt;7&gt;[    0.000000] On node 0 totalpages: 12288
&lt;7&gt;[    0.000000]   Normal zone: 108 pages used for memmap
&lt;7&gt;[    0.000000]   Normal zone: 0 pages reserved
&lt;7&gt;[    0.000000]   Normal zone: 12288 pages, LIFO batch:1
&lt;6&gt;[    0.000000] CPU: All CPU(s) started in SVC mode.
&lt;5&gt;[    0.000000] random: get_random_bytes called from start_kernel+0xa4/0x428 with crng_init=0
&lt;7&gt;[    0.000000] pcpu-alloc: s0 r0 d32768 u32768 alloc=1*32768
&lt;7&gt;[    0.000000] pcpu-alloc: [0] 0 
&lt;6&gt;[    0.000000] Built 1 zonelists, mobility grouping on.  Total pages: 12180
&lt;5&gt;[    0.000000] Kernel command line: rootfstype=ramfs mem=48MB gp_chunkmem.membase=0x03000000 gp_chunkmem.memsize=0x01000000
&lt;6&gt;[    0.000000] Dentry cache hash table entries: 8192 (order: 3, 32768 bytes)
&lt;6&gt;[    0.000000] Inode-cache hash table entries: 4096 (order: 2, 16384 bytes)
&lt;6&gt;[    0.000000] Memory: 38808K/49152K available (4096K kernel code, 164K rwdata, 1008K rodata, 1024K init, 154K bss, 10344K reserved, 0K cma-reserved)
&lt;5&gt;[    0.000000] Virtual kernel memory layout:
&lt;5&gt;[    0.000000]     vector  : 0xffff0000 - 0xffff1000   (   4 kB)
&lt;5&gt;[    0.000000]     fixmap  : 0xffc00000 - 0xfff00000   (3072 kB)
&lt;5&gt;[    0.000000]     vmalloc : 0xc3800000 - 0xff800000   ( 960 MB)
&lt;5&gt;[    0.000000]     lowmem  : 0xc0000000 - 0xc3000000   (  48 MB)
&lt;5&gt;[    0.000000]     modules : 0xbf000000 - 0xc0000000   (  16 MB)
&lt;5&gt;[    0.000000]       .text : 0x(ptrval) - 0x(ptrval)   (5088 kB)
&lt;5&gt;[    0.000000]       .init : 0x(ptrval) - 0x(ptrval)   (1024 kB)
&lt;5&gt;[    0.000000]       .data : 0x(ptrval) - 0x(ptrval)   ( 165 kB)
&lt;5&gt;[    0.000000]        .bss : 0x(ptrval) - 0x(ptrval)   ( 155 kB)
&lt;6&gt;[    0.000000] SLUB: HWalign=64, Order=0-3, MinObjects=0, CPUs=1, Nodes=1
&lt;6&gt;[    0.000000] NR_IRQS: 16, nr_irqs: 16, preallocated irqs: 16
&lt;6&gt;[    0.000000] arch_timer: cp15 timer(s) running at 1.00MHz (phys).
&lt;6&gt;[    0.000000] clocksource: arch_sys_counter: mask: 0xffffffffffffff max_cycles: 0x1d854df40, max_idle_ns: 3526361616960 ns
&lt;6&gt;[    0.000008] sched_clock: 56 bits at 1000kHz, resolution 1000ns, wraps every 2199023255500ns
&lt;6&gt;[    0.000020] Switching to timer-based delay loop, resolution 1000ns
&lt;6&gt;[    0.000255] Console: colour dummy device 80x30
&lt;6&gt;[    0.000653] console [tty0] enabled
&lt;6&gt;[    0.000714] Calibrating delay loop (skipped), value calculated using timer frequency.. 2.00 BogoMIPS (lpj=10000)
&lt;6&gt;[    0.000751] pid_max: default: 32768 minimum: 301
&lt;6&gt;[    0.000939] Mount-cache hash table entries: 1024 (order: 0, 4096 bytes)
&lt;6&gt;[    0.000970] Mountpoint-cache hash table entries: 1024 (order: 0, 4096 bytes)
&lt;6&gt;[    0.001782] CPU: Testing write buffer coherency: ok
&lt;6&gt;[    0.002684] Setting up static identity map for 0x100000 - 0x10003c
&lt;6&gt;[    0.006759] VFP support v0.3: implementor 41 architecture 2 part 30 variant 7 rev 5
&lt;6&gt;[    0.007010] clocksource: jiffies: mask: 0xffffffff max_cycles: 0xffffffff, max_idle_ns: 19112604462750000 ns
&lt;6&gt;[    0.007055] futex hash table entries: 256 (order: -1, 3072 bytes)
&lt;6&gt;[    0.007561] NET: Registered protocol family 16
&lt;6&gt;[    0.008159] DMA: preallocated 256 KiB pool for atomic coherent allocations
&lt;4&gt;[    0.009060] gp_register_baseclocks
&lt;5&gt;[    0.009123] [C32K], parent = ROOT,  32 KHZ en=0
&lt;5&gt;[    0.009149] [XCKGEN], parent = ROOT,  48 MHZ en=1
&lt;5&gt;[    0.009172] [X24M], parent = ROOT,  24 MHZ en=1
&lt;5&gt;[    0.009199] [pllsys], parent = X24M,  810 MHZ en=1
&lt;5&gt;[    0.009222] [pllext], parent = X24M,  135 MHZ en=1
&lt;5&gt;[    0.009245] [apll], parent = X24M,  67738 KHZ en=0
&lt;7&gt;[    0.009276] [sysclk_div], parent = pllsys,  810 MHZ en=1
&lt;7&gt;[    0.009288] [sys_clk], parent = sysclk_div,  202500 KHZ en=1
&lt;7&gt;[    0.009319] [ddr_clk], parent = sysclk_div,  0 �HZ en=1
&lt;7&gt;[    0.009330] [cpu_clk], parent = sysclk_div,  810 MHZ en=1
&lt;7&gt;[    0.009348] [spifc_clk], parent = sysclk_div,  12656250 �HZ en=1
&lt;7&gt;[    0.009362] [p12m_clk], parent = X24M,  12 MHZ en=1
&lt;7&gt;[    0.009373] [a7_cnt_clk], parent = p12m_clk,  1 MHZ en=1
&lt;7&gt;[    0.009383] [sdic_clk], parent = X24M,  0 �HZ en=1
&lt;7&gt;[    0.009396] [dsiclkx8], parent = pllext,  270 MHZ en=1
&lt;7&gt;[    0.009407] [gpu_clk_fast], parent = dsiclkx8,  270 MHZ en=0
&lt;7&gt;[    0.009420] [peri_clk], parent = pllsys,  405 MHZ en=1
&lt;7&gt;[    0.009432] [c27M], parent = peri_clk,  101250 KHZ en=0
&lt;7&gt;[    0.009444] [spu27M], parent = peri_clk,  36818181 �HZ en=1
&lt;7&gt;[    0.009456] [tmds_clk], parent = peri_clk,  17608695 �HZ en=1
&lt;7&gt;[    0.009484] [mipi_pclk], parent = peri_clk,  101250 KHZ en=0
&lt;7&gt;[    0.009498] [mipiB_pclk], parent = peri_clk,  101250 KHZ en=0
&lt;7&gt;[    0.009510] [dsi_lprx_sclk], parent = peri_clk,  202500 KHZ en=0
&lt;7&gt;[    0.009522] [sd_clk_2x], parent = pllsys,  0 �HZ en=1
&lt;7&gt;[    0.009532] [sensor_clk], parent = ROOT,  0 �HZ en=0
&lt;7&gt;[    0.009542] [mipi_phy], parent = ROOT,  0 �HZ en=0
&lt;7&gt;[    0.009554] [mipi_pclk_a], parent = mipi_phy,  0 �HZ en=0
&lt;7&gt;[    0.009566] [apck_div128], parent = apll,  529203 �HZ en=0
&lt;7&gt;[    0.009578] [pdm_clk], parent = apll,  2822416 �HZ en=0
&lt;7&gt;[    0.009590] [sdm_adc_i2s], parent = apll,  11289666 �HZ en=0
&lt;7&gt;[    0.009603] [hdmi_mclk], parent = apll,  44100 �HZ en=0
&lt;7&gt;[    0.009626] [cdsp_pclk], parent = sys_clk,  101250 KHZ en=1
&lt;7&gt;[    0.009640] [spu_mclk], parent = sys_clk,  101250 KHZ en=1
&lt;7&gt;[    0.009655] [sen2cdsp], parent = c27M,  101250 KHZ en=0
&lt;7&gt;[    0.009685] [sen2cdsp_inv], parent = c27M,  101250 KHZ en=0
&lt;7&gt;[    0.009700] [csi_mclk], parent = c27M,  101250 KHZ en=0
&lt;7&gt;[    0.009712] [csi_pclk], parent = sensor_clk,  0 �HZ en=0
&lt;7&gt;[    0.009725] [csi2_pclk], parent = sensor_clk,  0 �HZ en=0
&lt;7&gt;[    0.009739] [rtc32K], parent = C32K,  32 KHZ en=0
&lt;7&gt;[    0.009755] [gp_enable_clock][247] run, clock_name=[internal_ram0]
&lt;7&gt;[    0.009780] [internal_ram0], parent = peri_clk,  405 MHZ en=1
&lt;7&gt;[    0.009795] [gp_enable_clock][247] run, clock_name=[cpu_hw]
&lt;7&gt;[    0.009806] [cpu_hw], parent = peri_clk,  405 MHZ en=1
&lt;7&gt;[    0.009820] [yuv_remap], parent = peri_clk,  405 MHZ en=0
&lt;7&gt;[    0.009833] [gp_enable_clock][247] run, clock_name=[gpio_rtc]
&lt;7&gt;[    0.009843] [gpio_rtc], parent = peri_clk,  405 MHZ en=1
&lt;7&gt;[    0.009856] [gp_enable_clock][247] run, clock_name=[internal_ram1]
&lt;7&gt;[    0.009866] [internal_ram1], parent = peri_clk,  405 MHZ en=1
&lt;7&gt;[    0.009879] [gp_enable_clock][247] run, clock_name=[boot_rom]
&lt;7&gt;[    0.009888] [boot_rom], parent = peri_clk,  405 MHZ en=1
&lt;7&gt;[    0.009968] [gp_enable_clock][247] run, clock_name=[irq_ctrl]
&lt;7&gt;[    0.009982] [irq_ctrl], parent = peri_clk,  405 MHZ en=1
&lt;7&gt;[    0.009997] [gp_enable_clock][247] run, clock_name=[auto_fifo]
&lt;7&gt;[    0.010007] [auto_fifo], parent = peri_clk,  405 MHZ en=1
&lt;7&gt;[    0.010040] [gp_enable_clock][247] run, clock_name=[sys_ctrl]
&lt;7&gt;[    0.010050] [sys_ctrl], parent = peri_clk,  405 MHZ en=1
&lt;7&gt;[    0.010064] [gp_enable_clock][247] run, clock_name=[sys_ctrl_reg]
&lt;7&gt;[    0.010075] [sys_ctrl_reg], parent = peri_clk,  405 MHZ en=1
&lt;7&gt;[    0.010088] [gp_enable_clock][247] run, clock_name=[dma_i_f]
&lt;7&gt;[    0.010098] [dma_i_f], parent = peri_clk,  405 MHZ en=1
&lt;7&gt;[    0.010112] [gp_enable_clock][247] run, clock_name=[dma_ch0_ch1_arb]
&lt;7&gt;[    0.010123] [dma_ch0_ch1_arb], parent = peri_clk,  405 MHZ en=1
&lt;7&gt;[    0.010136] [gp_enable_clock][247] run, clock_name=[dma_ch2_ch3]
&lt;7&gt;[    0.010147] [dma_ch2_ch3], parent = peri_clk,  405 MHZ en=1
&lt;7&gt;[    0.010167] [gp_enable_clock][247] run, clock_name=[dma_ch4_ch5]
&lt;7&gt;[    0.010178] [dma_ch4_ch5], parent = peri_clk,  405 MHZ en=1
&lt;7&gt;[    0.010192] [gp_enable_clock][247] run, clock_name=[dma_ch6_ch7]
&lt;7&gt;[    0.010203] [dma_ch6_ch7], parent = peri_clk,  405 MHZ en=1
&lt;7&gt;[    0.010216] [gp_enable_clock][247] run, clock_name=[apb]
&lt;7&gt;[    0.010226] [apb], parent = peri_clk,  405 MHZ en=1
&lt;7&gt;[    0.010240] [gp_enable_clock][247] run, clock_name=[timer]
&lt;7&gt;[    0.010250] [timer], parent = peri_clk,  405 MHZ en=1
&lt;7&gt;[    0.010264] [gp_enable_clock][247] run, clock_name=[timer_base]
&lt;7&gt;[    0.010274] [timer_base], parent = peri_clk,  405 MHZ en=1
&lt;7&gt;[    0.010289] [jpg_a], parent = peri_clk,  405 MHZ en=0
&lt;7&gt;[    0.010302] [gp_enable_clock][247] run, clock_name=[ppu_fbahb]
&lt;7&gt;[    0.010313] [ppu_fbahb], parent = peri_clk,  405 MHZ en=1
&lt;7&gt;[    0.010326] [gp_enable_clock][247] run, clock_name=[ppu_reg]
&lt;7&gt;[    0.010350] [ppu_reg], parent = peri_clk,  405 MHZ en=1
&lt;7&gt;[    0.010365] [gp_enable_clock][247] run, clock_name=[tft]
&lt;7&gt;[    0.010376] [tft], parent = peri_clk,  405 MHZ en=1
&lt;7&gt;[    0.010390] [gp_enable_clock][247] run, clock_name=[stn]
&lt;7&gt;[    0.010400] [stn], parent = peri_clk,  405 MHZ en=1
&lt;7&gt;[    0.010416] [reserved_23], parent = peri_clk,  405 MHZ en=0
&lt;7&gt;[    0.010430] [gp_enable_clock][247] run, clock_name=[ppu_fb]
&lt;7&gt;[    0.010441] [ppu_fb], parent = peri_clk,  405 MHZ en=1
&lt;7&gt;[    0.010458] [ppu_mux], parent = peri_clk,  405 MHZ en=0
&lt;7&gt;[    0.010473] [usb20_host_a], parent = peri_clk,  405 MHZ en=0
&lt;7&gt;[    0.010488] [usb20_dev_a], parent = peri_clk,  405 MHZ en=0
&lt;7&gt;[    0.010502] [gp_enable_clock][247] run, clock_name=[scaler]
&lt;7&gt;[    0.010513] [scaler], parent = peri_clk,  405 MHZ en=1
&lt;7&gt;[    0.010530] [spu], parent = peri_clk,  405 MHZ en=0
&lt;7&gt;[    0.010546] [dac_mixer], parent = peri_clk,  405 MHZ en=0
&lt;7&gt;[    0.010563] [spu_slave], parent = peri_clk,  405 MHZ en=0
&lt;7&gt;[    0.010578] [uart0_reg], parent = peri_clk,  405 MHZ en=0
&lt;7&gt;[    0.010610] [uart0], parent = peri_clk,  405 MHZ en=0
&lt;7&gt;[    0.010631] [gp_enable_clock][247] run, clock_name=[uart1_reg]
&lt;7&gt;[    0.010644] [uart1_reg], parent = peri_clk,  405 MHZ en=1
&lt;7&gt;[    0.010660] [gp_enable_clock][247] run, clock_name=[uart1]
&lt;7&gt;[    0.010671] [uart1], parent = peri_clk,  405 MHZ en=1
&lt;7&gt;[    0.010688] [uart2_reg], parent = peri_clk,  405 MHZ en=0
&lt;7&gt;[    0.010704] [uart2], parent = peri_clk,  405 MHZ en=0
&lt;7&gt;[    0.010720] [i2c0], parent = peri_clk,  405 MHZ en=0
&lt;7&gt;[    0.010736] [i2c1], parent = peri_clk,  405 MHZ en=0
&lt;7&gt;[    0.010752] [i2c2], parent = peri_clk,  405 MHZ en=0
&lt;7&gt;[    0.010768] [spi0], parent = peri_clk,  405 MHZ en=0
&lt;7&gt;[    0.010785] [spi1], parent = peri_clk,  405 MHZ en=0
&lt;7&gt;[    0.010802] [sar_adc], parent = peri_clk,  405 MHZ en=0
&lt;7&gt;[    0.010818] [dac], parent = peri_clk,  405 MHZ en=0
&lt;7&gt;[    0.010834] [i2s_tx0], parent = peri_clk,  405 MHZ en=0
&lt;7&gt;[    0.010868] [i2s_rx0], parent = peri_clk,  405 MHZ en=0
&lt;7&gt;[    0.010886] [i2s_tx1], parent = peri_clk,  405 MHZ en=0
&lt;7&gt;[    0.010903] [i2s_rx1], parent = peri_clk,  405 MHZ en=0
&lt;7&gt;[    0.010921] [i2s_tx2], parent = peri_clk,  405 MHZ en=0
&lt;7&gt;[    0.010938] [i2s_rx2], parent = peri_clk,  405 MHZ en=0
&lt;7&gt;[    0.010955] [i2s_tx3], parent = peri_clk,  405 MHZ en=0
&lt;7&gt;[    0.010973] [i2s_rx3], parent = peri_clk,  405 MHZ en=0
&lt;7&gt;[    0.010991] [i2s_tx_sram], parent = peri_clk,  405 MHZ en=0
&lt;7&gt;[    0.011009] [i2s_rx_sram], parent = peri_clk,  405 MHZ en=0
&lt;7&gt;[    0.011032] [gp_enable_clock][247] run, clock_name=[reserved_55]
&lt;7&gt;[    0.011047] [reserved_55], parent = peri_clk,  405 MHZ en=1
&lt;7&gt;[    0.011064] [gp_enable_clock][247] run, clock_name=[ddr_ctrl]
&lt;7&gt;[    0.011076] [ddr_ctrl], parent = peri_clk,  405 MHZ en=1
&lt;7&gt;[    0.011095] [nand_flash_ctrl], parent = peri_clk,  405 MHZ en=0
&lt;7&gt;[    0.011113] [spi_flash_ctrl], parent = peri_clk,  405 MHZ en=0
&lt;7&gt;[    0.011144] [psca0], parent = peri_clk,  405 MHZ en=0
&lt;7&gt;[    0.011162] [psca1], parent = peri_clk,  405 MHZ en=0
&lt;7&gt;[    0.011180] [psca_y_only], parent = peri_clk,  405 MHZ en=0
&lt;7&gt;[    0.011198] [ipu], parent = peri_clk,  405 MHZ en=0
&lt;7&gt;[    0.011216] [sd0_reg], parent = peri_clk,  405 MHZ en=0
&lt;7&gt;[    0.011234] [sd0], parent = peri_clk,  405 MHZ en=0
&lt;7&gt;[    0.011252] [sd2_reg], parent = peri_clk,  405 MHZ en=0
&lt;7&gt;[    0.011270] [reserved_66], parent = peri_clk,  405 MHZ en=0
&lt;7&gt;[    0.011288] [sd2], parent = peri_clk,  405 MHZ en=0
&lt;7&gt;[    0.011306] [eth_mac], parent = peri_clk,  405 MHZ en=0
&lt;7&gt;[    0.011324] [binning_a], parent = peri_clk,  405 MHZ en=0
&lt;7&gt;[    0.011342] [binning_b], parent = peri_clk,  405 MHZ en=0
&lt;7&gt;[    0.011361] [binning_b_ch1], parent = peri_clk,  405 MHZ en=0
&lt;7&gt;[    0.011393] [binning_b_ch2], parent = peri_clk,  405 MHZ en=0
&lt;7&gt;[    0.011413] [binning_b_ch3], parent = peri_clk,  405 MHZ en=0
&lt;7&gt;[    0.011431] [gp_enable_clock][247] run, clock_name=[disp]
&lt;7&gt;[    0.011446] [disp], parent = peri_clk,  405 MHZ en=1
&lt;7&gt;[    0.011467] [tft_spi1], parent = peri_clk,  405 MHZ en=0
&lt;7&gt;[    0.011494] [tft_spi0], parent = peri_clk,  405 MHZ en=0
&lt;7&gt;[    0.011514] [mp3], parent = peri_clk,  405 MHZ en=0
&lt;7&gt;[    0.011532] [gp_enable_clock][247] run, clock_name=[lb_rotator_sram]
&lt;7&gt;[    0.011546] [lb_rotator_sram], parent = peri_clk,  405 MHZ en=1
&lt;7&gt;[    0.011566] [bch], parent = peri_clk,  405 MHZ en=0
&lt;7&gt;[    0.011583] [gp_enable_clock][247] run, clock_name=[tzasc]
&lt;7&gt;[    0.011596] [tzasc], parent = peri_clk,  405 MHZ en=1
&lt;7&gt;[    0.011616] [gp_enable_clock][247] run, clock_name=[sys_fifo]
&lt;7&gt;[    0.011629] [sys_fifo], parent = peri_clk,  405 MHZ en=1
&lt;7&gt;[    0.011649] [fir], parent = peri_clk,  405 MHZ en=0
&lt;7&gt;[    0.011669] [reserved_83], parent = peri_clk,  405 MHZ en=0
&lt;7&gt;[    0.011689] [usb_ram_b], parent = peri_clk,  405 MHZ en=0
&lt;7&gt;[    0.011721] [hdmi_audio], parent = peri_clk,  405 MHZ en=0
&lt;7&gt;[    0.011740] [gp_enable_clock][247] run, clock_name=[efuse]
&lt;7&gt;[    0.011755] [efuse], parent = peri_clk,  405 MHZ en=1
&lt;7&gt;[    0.011776] [trng], parent = peri_clk,  405 MHZ en=0
&lt;7&gt;[    0.011797] [reserved_88], parent = peri_clk,  405 MHZ en=0
&lt;7&gt;[    0.011817] [usb_sram], parent = peri_clk,  405 MHZ en=0
&lt;7&gt;[    0.011837] [hdmi], parent = peri_clk,  405 MHZ en=0
&lt;7&gt;[    0.011857] [cdsp_pixel_clk], parent = peri_clk,  405 MHZ en=0
&lt;7&gt;[    0.011878] [reserved_92], parent = peri_clk,  405 MHZ en=0
&lt;7&gt;[    0.011898] [cdsp_ahb], parent = peri_clk,  405 MHZ en=0
&lt;7&gt;[    0.011918] [usb20_host_b], parent = peri_clk,  405 MHZ en=0
&lt;7&gt;[    0.011938] [jpg_b], parent = peri_clk,  405 MHZ en=0
&lt;7&gt;[    0.011958] [rot], parent = peri_clk,  405 MHZ en=0
&lt;7&gt;[    0.011997] [mb2scan], parent = peri_clk,  405 MHZ en=0
&lt;7&gt;[    0.012019] [fft], parent = peri_clk,  405 MHZ en=0
&lt;7&gt;[    0.012040] [h264_scal], parent = peri_clk,  405 MHZ en=0
&lt;7&gt;[    0.012061] [h264], parent = peri_clk,  405 MHZ en=0
&lt;7&gt;[    0.012081] [h264_decoder], parent = peri_clk,  405 MHZ en=0
&lt;7&gt;[    0.012103] [h264_avs], parent = peri_clk,  405 MHZ en=0
&lt;7&gt;[    0.012124] [h264_avs_dec], parent = peri_clk,  405 MHZ en=0
&lt;7&gt;[    0.012145] [scan2mb], parent = peri_clk,  405 MHZ en=0
&lt;7&gt;[    0.012166] [lbp], parent = peri_clk,  405 MHZ en=0
&lt;7&gt;[    0.012187] [usb20_dev_b], parent = peri_clk,  405 MHZ en=0
&lt;7&gt;[    0.012208] [box_filter], parent = peri_clk,  405 MHZ en=0
&lt;7&gt;[    0.012229] [rotator], parent = peri_clk,  405 MHZ en=0
&lt;7&gt;[    0.012249] [gp_enable_clock][247] run, clock_name=[lb-rotator]
&lt;7&gt;[    0.012267] [lb-rotator], parent = peri_clk,  405 MHZ en=1
&lt;7&gt;[    0.012305] [gp_enable_clock][247] run, clock_name=[mipi_tx_dsi]
&lt;7&gt;[    0.012322] [mipi_tx_dsi], parent = peri_clk,  405 MHZ en=1
&lt;7&gt;[    0.012347] [gpdla], parent = peri_clk,  405 MHZ en=0
&lt;7&gt;[    0.012369] [compressor], parent = peri_clk,  405 MHZ en=0
&lt;7&gt;[    0.012391] [gpu], parent = peri_clk,  405 MHZ en=0
&lt;7&gt;[    0.012413] [security_ip], parent = peri_clk,  405 MHZ en=0
&lt;7&gt;[    0.012435] [fbc_encoder], parent = peri_clk,  405 MHZ en=0
&lt;7&gt;[    0.012456] [fbc], parent = peri_clk,  405 MHZ en=0
&lt;7&gt;[    0.012478] [fft_sram], parent = peri_clk,  405 MHZ en=0
&lt;7&gt;[    0.012507] [h264_sram], parent = peri_clk,  405 MHZ en=0
&lt;7&gt;[    0.012530] [eth_mac_sram], parent = peri_clk,  405 MHZ en=0
&lt;7&gt;[    0.012553] [reserved_120], parent = peri_clk,  405 MHZ en=0
&lt;7&gt;[    0.012576] [scan2mb_sram], parent = peri_clk,  405 MHZ en=0
&lt;7&gt;[    0.012599] [cdsp_sram], parent = peri_clk,  405 MHZ en=0
&lt;7&gt;[    0.012635] [ppu_sram], parent = peri_clk,  405 MHZ en=0
&lt;7&gt;[    0.012659] [psca0_sram], parent = peri_clk,  405 MHZ en=0
&lt;7&gt;[    0.012682] [psca1_sram], parent = peri_clk,  405 MHZ en=0
&lt;7&gt;[    0.012705] [mipi_rx_a], parent = peri_clk,  405 MHZ en=0
&lt;7&gt;[    0.012729] [mipi_rx_b], parent = peri_clk,  405 MHZ en=0
&lt;6&gt;[    0.012752] hw-breakpoint: found 5 (+1 reserved) breakpoint and 4 watchpoint registers.
&lt;6&gt;[    0.012798] hw-breakpoint: maximum watchpoint size is 8 bytes.
&lt;6&gt;[    0.027259] Advanced Linux Sound Architecture Driver Initialized.
&lt;6&gt;[    0.028193] clocksource: Switched to clocksource arch_sys_counter
&lt;6&gt;[    0.033124] Trying to unpack rootfs image as initramfs...
&lt;6&gt;[    0.343753] Freeing initrd memory: 3288K
&lt;6&gt;[    0.344562] c0060000.uart: ttyS1 at MMIO 0x0 (irq = 18, base_baud = 12656250) is a unknown
&lt;7&gt;[    0.344611] [gp_enable_clock][247] run, clock_name=[uart0]
&lt;7&gt;[    0.344643] [gp_enable_clock][247] run, clock_name=[uart0_reg]
&lt;7&gt;[    0.344657] [gp_enable_clock][247] run, clock_name=[uart0]
&lt;7&gt;[    0.344668] [gp_enable_clock][247] run, clock_name=[uart0_reg]
&lt;6&gt;[    0.344946] c0070000.uart: ttyS0 at MMIO 0x0 (irq = 19, base_baud = 12656250) is a unknown
&lt;7&gt;[    0.344985] [gp_enable_clock][247] run, clock_name=[uart1]
&lt;7&gt;[    0.345003] [gp_enable_clock][247] run, clock_name=[uart1_reg]
&lt;6&gt;[    0.713671] console [ttyS0] enabled
&lt;6&gt;[    0.717442] c0080000.uart: ttyS2 at MMIO 0x0 (irq = 20, base_baud = 12656250) is a unknown
&lt;7&gt;[    0.725681] [gp_enable_clock][247] run, clock_name=[uart2]
&lt;7&gt;[    0.725711] [gp_enable_clock][247] run, clock_name=[uart2_reg]
&lt;7&gt;[    0.725723] [gp_enable_clock][247] run, clock_name=[uart2]
&lt;7&gt;[    0.725733] [gp_enable_clock][247] run, clock_name=[uart2_reg]
&lt;4&gt;[    0.726380] [chunkmem] pbase=03000000 vbase=C4000000 size=01000000
&lt;4&gt;[    0.732566] [chunkmem] addr:03001000  size:00FFE020  ---
&lt;4&gt;[    0.737798] system bytes = 01000000 (16777216)
&lt;4&gt;[    0.742232] in use bytes = 00001FE0 (8160)
&lt;4&gt;[    0.746301] max chunk    = 00FFD000 (16764928)
&lt;4&gt;[    0.746301] 
&lt;4&gt;[    0.752705] gpioReg[0]=0xfc000000
&lt;4&gt;[    0.755952] gpioReg-&gt;gpioOutputData1=0x300
&lt;4&gt;[    0.760129] gpio dev minor : 60
&lt;4&gt;[    0.763622] board dev minor : 58
&lt;4&gt;[    0.766779] ModuleInit: timer
&lt;4&gt;[    0.769820] get timer0
&lt;4&gt;[    0.772263] get timer1
&lt;4&gt;[    0.774677] get timer2
&lt;4&gt;[    0.777102] get timer3
&lt;4&gt;[    0.779558] get timer4
&lt;4&gt;[    0.781961] get timer5
&lt;4&gt;[    0.784364] get timer6
&lt;4&gt;[    0.786760] get timer7
&lt;4&gt;[    0.789353] ModuleInit: rtc
&lt;7&gt;[    0.792074] [gp_enable_clock][247] run, clock_name=[gpio_rtc]
&lt;4&gt;[    0.792268] rtc reliable code: 0x00
&lt;4&gt;[    0.795678] reliable code not match, reset rtc
&lt;6&gt;[    0.800716] gp-rtc c0050000.rtc: rtc core: registered gp-rtc as rtc0
&lt;4&gt;[    0.807158] ModuleInit: i2c-sw-bus
&lt;4&gt;[    0.810653] ModuleInit: i2c-sw-bus end
&lt;6&gt;[    0.815420] workingset: timestamp_bits=14 max_order=14 bucket_order=0
&lt;6&gt;[    0.827731] jffs2: version 2.2. (NAND) © 2001-2006 Red Hat, Inc.
&lt;6&gt;[    0.834559] fuse init (API version 7.27)
&lt;6&gt;[    0.856708] io scheduler noop registered
&lt;6&gt;[    0.860633] io scheduler deadline registered (default)
&lt;6&gt;[    0.866074] io scheduler cfq registered
&lt;6&gt;[    0.870798] Serial: 8250/16550 driver, 32 ports, IRQ sharing enabled
&lt;6&gt;[    0.878915] brd: module loaded
&lt;6&gt;[    0.883217] loop: module loaded
&lt;4&gt;[    0.886700] pscaler_a dev minor : 48
&lt;4&gt;[    0.890483] pscaler_b dev minor : 47
&lt;4&gt;[    0.894147] pscaler_y dev minor : 46
&lt;4&gt;[    0.898004] scale dev minor : 45
&lt;6&gt;[    0.901677] mousedev: PS/2 mouse device common for all mice
&lt;6&gt;[    0.907182] i2c /dev entries driver
&lt;4&gt;[    0.910776] get i2c0
&lt;7&gt;[    0.912967] [gp_enable_clock][247] run, clock_name=[i2c0]
&lt;4&gt;[    0.913273] get i2c1
&lt;7&gt;[    0.915453] [gp_enable_clock][247] run, clock_name=[i2c1]
&lt;4&gt;[    0.915694] get i2c2
&lt;7&gt;[    0.917854] [gp_enable_clock][247] run, clock_name=[i2c2]
&lt;6&gt;[    0.929070] gp-rtc c0050000.rtc: setting system clock to 1970-01-01 00:00:03 UTC (3)
&lt;6&gt;[    0.937013] ALSA device list:
&lt;6&gt;[    0.939964]   No soundcards found.
&lt;7&gt;[    0.943501] [gp_enable_clock][247] run, clock_name=[uart1]
&lt;7&gt;[    0.943540] [gp_enable_clock][247] run, clock_name=[uart1_reg]
&lt;6&gt;[    0.945456] Freeing unused kernel memory: 1024K
&lt;6&gt;[    0.950140] Run /init as init process
&lt;5&gt;[    1.007007] random: fast init done
&lt;5&gt;[    1.088190] random: crng init done
&lt;4&gt;[    1.205479] board_config: loading out-of-tree module taints kernel.
&lt;4&gt;[    1.212641] [board_init:2305]
&lt;4&gt;[    1.215611] mux7:0xd
&lt;4&gt;[    1.217738] [0] bus num:17 wc:0x30 lowest:1 
&lt;4&gt;[    1.222021] [1] bus num:26 wc:0x30 lowest:1 
&lt;4&gt;[    1.226222] [2] bus num:28 wc:0x1 lowest:0 
&lt;4&gt;[    1.230399] [3] bus num:54 wc:0x30 lowest:1 
&lt;4&gt;[    1.234642] [4] bus num:56 wc:0x30 lowest:1 
&lt;7&gt;[    1.273443] [gp_enable_clock][247] run, clock_name=[sd0_reg]
&lt;7&gt;[    1.273493] [gp_enable_clock][247] run, clock_name=[sd0]
&lt;4&gt;[    1.273512] 
&lt;4&gt;[    1.273512] drivers/mmc/host/generalplus/gp_sdio_module.c,gp_sdio_init(),760.
&lt;7&gt;[    1.273819] [gp_enable_clock][247] run, clock_name=[sd2_reg]
&lt;7&gt;[    1.282482] [gp_enable_clock][247] run, clock_name=[sd2]
&lt;4&gt;[    1.372767] hdmi dev minor : 40
&lt;4&gt;[    1.458885] disp1 dev minor : 39
&lt;6&gt;[    1.618065] usbcore: registered new interface driver usbfs
&lt;6&gt;[    1.623692] usbcore: registered new interface driver hub
&lt;6&gt;[    1.629052] usbcore: registered new device driver usb
&lt;6&gt;[    1.773176] ehci_hcd: USB 2.0 'Enhanced' Host Controller (EHCI) Driver
&lt;4&gt;[    1.780005] **** EHCI HCD gpa7xxxa probe ****
&lt;7&gt;[    1.784358] [gp_enable_clock][247] run, clock_name=[usb20_host_a]
&lt;7&gt;[    1.784397] [gp_enable_clock][247] run, clock_name=[usb20_dev_a]
&lt;7&gt;[    1.790618] [gp_enable_clock][247] run, clock_name=[usb20_dev_a]
&lt;6&gt;[    1.791641] gpa7xxxa-ehci d0c00100.ehci: GPA7XXXA EHCI
&lt;6&gt;[    1.796748] gpa7xxxa-ehci d0c00100.ehci: new USB bus registered, assigned bus number 1
&lt;6&gt;[    1.804854] gpa7xxxa-ehci d0c00100.ehci: irq 56, io mem 0xd0c00100
&lt;6&gt;[    1.869268] gpa7xxxa-ehci d0c00100.ehci: USB 2.0 started, EHCI 1.10
&lt;6&gt;[    1.885140] hub 1-0:1.0: USB hub found
&lt;6&gt;[    2.237243] hub 1-0:1.0: 1 port detected
&lt;4&gt;[    2.293136] **** EHCI HCD gpa7xxxa probe ****
&lt;7&gt;[    2.297531] [gp_enable_clock][247] run, clock_name=[usb20_host_b]
&lt;7&gt;[    2.297586] [gp_enable_clock][247] run, clock_name=[usb20_dev_b]
&lt;7&gt;[    2.303816] [gp_enable_clock][247] run, clock_name=[usb20_dev_b]
&lt;6&gt;[    2.304846] gpa7xxxa-ehci d0e00100.ehci: GPA7XXXA EHCI
&lt;6&gt;[    2.309974] gpa7xxxa-ehci d0e00100.ehci: new USB bus registered, assigned bus number 2
&lt;6&gt;[    2.317992] gpa7xxxa-ehci d0e00100.ehci: irq 57, io mem 0xd0e00100
&lt;7&gt;[    2.324553] [gp_enable_clock][247] run, clock_name=[sd2]
&lt;7&gt;[    2.324585] [gp_enable_clock][247] run, clock_name=[sd2_reg]
&lt;4&gt;[    2.324599] 2 drvl2_sd_init drvl2_sd_flush done
&lt;4&gt;[    2.368382] CMD8 OK!
&lt;4&gt;[    2.394813] STATE_READY success !
&lt;4&gt;[    2.398048] sd pinmux support 1.8V. mux=0x100000, 0x40784000
&lt;4&gt;[    2.403701] Support 1.8v!!
&lt;4&gt;[    2.406403] CMD11 ok!
&lt;6&gt;[    2.455306] gpa7xxxa-ehci d0e00100.ehci: USB 2.0 started, EHCI 1.10
&lt;6&gt;[    2.462788] hub 2-0:1.0: USB hub found
&lt;4&gt;[    2.486399] sd bus sta ok!
&lt;6&gt;[    2.489176] hub 2-0:1.0: 1 port detected
&lt;6&gt;[    2.513019] ohci_hcd: USB 1.1 'Open' Host Controller (OHCI) Driver
&lt;4&gt;[    2.519502] **** OHCI HCD gpa7xxxa probe ****
&lt;6&gt;[    2.523847] gpa7xxxa-ohci d0c00080.ohci: GPA7XXXA OHCI
&lt;6&gt;[    2.528985] gpa7xxxa-ohci d0c00080.ohci: new USB bus registered, assigned bus number 3
&lt;6&gt;[    2.536887] gpa7xxxa-ohci d0c00080.ohci: irq 54, io mem 0xd0c00080
&lt;4&gt;[    2.543022] [ohci_gpa7xxxa_start][28]
&lt;4&gt;[    2.546742] [ohci_gpa7xxxa_start]fminterval=0x9de2edf
&lt;4&gt;[    2.568307] SD30 voltage switching OK!!
&lt;4&gt;[    2.590935] success switch sd to 4 bit. try_count=0, response=0x00000920
&lt;4&gt;[    2.597964] *-Support Hi-Speed SDR25-*
&lt;4&gt;[    2.602052] 2Query sw func grp 1=0x1f80
&lt;4&gt;[    2.605803] *-Support SDR50-*
&lt;4&gt;[    2.609140] 1Query func can sw =0x2
&lt;4&gt;[    2.700443] SDHC_CARD. c_size=119275 total_sector=122138624
&lt;4&gt;[    2.705966] max_speed=96000000
&lt;6&gt;[    2.712088] hub 3-0:1.0: USB hub found
&lt;4&gt;[    2.718315] sd clk delay=0x0
&lt;4&gt;[    2.721469] 0 tune ok!
&lt;4&gt;[    2.723742] sd clk delay=0x1
&lt;4&gt;[    2.726924] 1 tune ok!
&lt;4&gt;[    2.729216] sd clk delay=0x2
&lt;4&gt;[    2.732378] 2 tune ok!
&lt;4&gt;[    2.734649] sd clk delay=0x3
&lt;4&gt;[    2.737832] 3 tune ok!
&lt;4&gt;[    2.740124] sd clk delay=0x4
&lt;4&gt;[    2.743286] 4 tune ok!
&lt;4&gt;[    2.745557] sd clk delay=0x5
&lt;4&gt;[    2.748747] 5 tune ok!
&lt;4&gt;[    2.751018] sd clk delay=0x6
&lt;4&gt;[    2.754200] 6 tune ok!
&lt;4&gt;[    2.756470] sd clk delay=0x7
&lt;4&gt;[    2.759663] 7 tune ok!
&lt;4&gt;[    2.761933] sd clk delay=0x8
&lt;4&gt;[    2.765116] 8 tune ok!
&lt;4&gt;[    2.767386] sd clk delay=0x9
&lt;4&gt;[    2.770582] 9 tune ok!
&lt;4&gt;[    2.772854] sd clk delay=0xa
&lt;4&gt;[    2.776037] 10 tune ok!
&lt;4&gt;[    2.778401] sd clk delay=0xb
&lt;4&gt;[    2.781577] 11 tune ok!
&lt;4&gt;[    2.783934] sd clk delay=0xc
&lt;4&gt;[    2.787117] 12 tune ok!
&lt;4&gt;[    2.789482] sd clk delay=0xd
&lt;4&gt;[    2.792657] 13 tune ok!
&lt;4&gt;[    2.795014] sd clk delay=0xe
&lt;4&gt;[    2.798197] 14 tune ok!
&lt;4&gt;[    2.800555] sd clk delay=0xf
&lt;4&gt;[    2.803737] 15 tune ok!
&lt;4&gt;[    2.806095] sd clk delay=0x10
&lt;4&gt;[    2.809373] 16 tune ok!
&lt;4&gt;[    2.811731] sd clk delay=0x11
&lt;4&gt;[    2.815000] 17 tune ok!
&lt;4&gt;[    2.817357] sd clk delay=0x12
&lt;4&gt;[    2.820635] 18 tune ok!
&lt;4&gt;[    2.822993] sd clk delay=0x13
&lt;4&gt;[    2.826262] 19 tune ok!
&lt;4&gt;[    2.828625] sd clk delay=0x14
&lt;4&gt;[    2.831889] 20 tune ok!
&lt;4&gt;[    2.834246] sd clk delay=0x15
&lt;4&gt;[    2.837515] 21 tune ok!
&lt;4&gt;[    2.839881] sd clk delay=0x16
&lt;4&gt;[    2.843143] 22 tune ok!
&lt;4&gt;[    2.845500] sd clk delay=0x17
&lt;4&gt;[    2.848775] 23 tune ok!
&lt;4&gt;[    2.851133] sd clk delay=0x18
&lt;4&gt;[    2.854402] 24 tune ok!
&lt;4&gt;[    2.856759] sd clk delay=0x19
&lt;4&gt;[    2.860037] 25 tune ok!
&lt;4&gt;[    2.862395] sd clk delay=0x1a
&lt;4&gt;[    2.865664] 26 tune ok!
&lt;4&gt;[    2.868021] sd clk delay=0x1b
&lt;4&gt;[    2.871299] 27 tune ok!
&lt;4&gt;[    2.873656] sd clk delay=0x1c
&lt;4&gt;[    2.876926] 28 tune ok!
&lt;4&gt;[    2.879291] sd clk delay=0x1d
&lt;4&gt;[    2.882553] 29 tune ok!
&lt;4&gt;[    2.884910] sd clk delay=0x1e
&lt;4&gt;[    2.888180] 30 tune ok!
&lt;4&gt;[    2.890545] sd clk delay=0x1f
&lt;4&gt;[    2.893807] 31 tune ok!
&lt;4&gt;[    2.896164] sd clk delay=0x10
&lt;6&gt;[    2.908416] hub 3-0:1.0: 1 port detected
&lt;4&gt;[    2.927055] **** OHCI HCD gpa7xxxa probe ****
&lt;6&gt;[    2.931475] gpa7xxxa-ohci d0e00080.ohci: GPA7XXXA OHCI
&lt;6&gt;[    2.936571] gpa7xxxa-ohci d0e00080.ohci: new USB bus registered, assigned bus number 4
&lt;6&gt;[    2.944520] gpa7xxxa-ohci d0e00080.ohci: irq 55, io mem 0xd0e00080
&lt;4&gt;[    2.950647] [ohci_gpa7xxxa_start][28]
&lt;4&gt;[    2.954327] [ohci_gpa7xxxa_start]fminterval=0x9de2edf
&lt;6&gt;[    3.051268] hub 4-0:1.0: USB hub found
&lt;6&gt;[    3.062375] hub 4-0:1.0: 1 port detected
&lt;5&gt;[    3.149460] SCSI subsystem initialized
&lt;6&gt;[    3.424799] usbcore: registered new interface driver usbhid
&lt;6&gt;[    3.430387] usbhid: USB HID core driver
&lt;4&gt;[    3.570909] get spi0
&lt;4&gt;[    3.573066] spi_addr_base=0xfc090000
&lt;7&gt;[    3.576602] [gp_enable_clock][247] run, clock_name=[spi0]
&lt;4&gt;[    3.662617] spidev listed directly in DT
&lt;4&gt;[    3.662846] get spi1
&lt;4&gt;[    3.668947] spi_addr_base=0xfc0a0000
&lt;7&gt;[    3.672453] [gp_enable_clock][247] run, clock_name=[spi1]
&lt;4&gt;[    3.801199] sys_clk:202500000
&lt;4&gt;[    3.804208] watchdog dev minor : 38
&lt;7&gt;[    3.952998] [gp_aes_init_module:736] aes init module
&lt;7&gt;[    3.953236] [gp_aes_probe:629] aes probe
&lt;7&gt;[    3.953273] [gpHalAesRegBaseAddr:79] aes_addr_base=0xc39d8000
&lt;7&gt;[    3.953278] [gpHalAesRegBaseAddr:80] aesReg_addr=0xc39d8100
&lt;4&gt;[    3.953388] aes dev minor : 37
&lt;7&gt;[    4.051321] [gp_hash_init_module:722] hash init module
&lt;7&gt;[    4.051550] [gp_hash_probe:616] hash probe
&lt;7&gt;[    4.051587] [gpHalHashRegBaseAddr:79] hash_addr_base=0xc39e0000
&lt;7&gt;[    4.051592] [gpHalHashRegBaseAddr:80] hashReg_addr=0xc39e0118
&lt;4&gt;[    4.051688] hash dev minor : 36
&lt;4&gt;[    4.134228] gpa7xxxa_audio_codec_driver_probe enter. name is gpa7xxxa-playback-codec, dev_name is gpa7xxxa-playback-codec
&lt;4&gt;[    4.145564] soc-audio soc-audio.0: ASoC: machine gpa7xxxaevm-playback-audio should use snd_soc_register_card()
&lt;6&gt;[    4.156726] soc-audio soc-audio.0: gpa7xxxa-playback-codec &lt;-&gt; gpa7xxxa-playback-dai mapping ok
&lt;4&gt;[    4.379739] dac_addr_base=0xfc0e0000
&lt;4&gt;[    4.383508] gpa7xxxaevm_audio_init exit, 0
&lt;4&gt;[    4.388339] =&gt;0xff:0xf:0xff:0x0:0xff:0xcc
&lt;4&gt;[    4.392284] cp succ2, Tuning clk passed!!
&lt;4&gt;[    4.396267] sd**div=0x2
&lt;4&gt;[    4.398710] sd**rate=90000000
&lt;4&gt;[    4.401649] sd[1] clock rate=90000000, root rate=270000000 divider=3
&lt;4&gt;[    4.408318] sd_data_bus_width=4
&lt;4&gt;[    4.411373] sd_secured_mode=0
&lt;4&gt;[    4.414324] sd_sd_card_type=0
&lt;4&gt;[    4.417276] sd_speed_class=10
&lt;4&gt;[    4.420247] sd_flow_write_au_sectors=49152 erase_au=8
&lt;4&gt;[    4.425265] sd_erase_size_au=8
&lt;4&gt;[    4.428309] sd_uhs_speed_grade=3
&lt;4&gt;[    4.431513] sd_uhs_au_sectors=8192
&lt;4&gt;[    4.434901] sd[1]: init OK!
&lt;4&gt;[    4.613606] adc_addr_base=0xfc0d0000
&lt;4&gt;[    4.723873] drvdata=fbd66f36,input=9861ecf4
&lt;6&gt;[    4.728287] input: adc-keys as /devices/platform/adc-keys/input/input0
&lt;7&gt;[    4.734866] [gp_enable_clock][247] run, clock_name=[sar_adc]
&lt;7&gt;[    4.734905] [gp_enable_clock][247] run, clock_name=[i2s_rx_sram]
&lt;4&gt;[    4.904312] gp_disp1_fb_clk_en = 1 !!! 
&lt;7&gt;[    4.908102] [gp_enable_clock][247] run, clock_name=[hdmi]
&lt;7&gt;[    4.908154] [gp_enable_clock][247] run, clock_name=[hdmi_audio]
&lt;7&gt;[    4.908168] [gp_enable_clock][247] run, clock_name=[tft]
&lt;7&gt;[    4.908257] [gp_enable_clock][247] run, clock_name=[ppu_reg]
&lt;7&gt;[    4.908268] [gp_enable_clock][247] run, clock_name=[ppu_fb]
&lt;7&gt;[    4.908277] [gp_enable_clock][247] run, clock_name=[ppu_fbahb]
&lt;4&gt;[    4.908287] [gpHalDisp1Init:121]
&lt;4&gt;[    4.911436] pdisp1Reg-&gt;disp1Ctrl = 0x38335 
&lt;4&gt;[    4.918097] disp1 init 0
&lt;4&gt;[    4.918104] device 1 init
&lt;4&gt;[    4.920643] DSI test !!! 
&lt;4&gt;[    4.925787] [gpHalDisp1SetEnable:1060], enable = 0 
&lt;4&gt;[    4.930660] pdisp1Reg-&gt;disp1Ctrl = 0x38335 
&lt;4&gt;[    4.935577] &gt;&gt; read sector 0 ok!Tag1=0, Tag2=0, Tag3=aa550000
&lt;6&gt;[    4.942601]  sdcardb: sdcardb1
&lt;4&gt;[    5.006986] [gpHalPPUDisp1SetFbFormat:512], enable = 0 
&lt;4&gt;[    5.012208] pPPUFunreg-&gt;ppuEnable = 0x80 
&lt;4&gt;[    5.035103] [gpHalDisp1SetEnable:1060], enable = 1 
&lt;4&gt;[    5.039993] pdisp1Reg-&gt;disp1Ctrl = 0x38335 
&lt;4&gt;[    5.109075] FAT-fs (sdcardb1): Volume was not properly unmounted. Some data may be corrupt. Please run fsck.
&lt;6&gt;[    7.378429] Adding 262140k swap on /usr/retro/swapfile.  Priority:-2 extents:1 across:262140k SS
</pre>

<br><script type="text/javascript" src="../tail.js"></script>
