<!DOCTYPE html PUBLIC "-//W3C//DTD XHTML 1.0 Strict//EN" "http://www.w3.org/TR/xhtml1/DTD/xhtml1-strict.dtd">
<html xmlns="http://www.w3.org/1999/xhtml" xml:lang="en" lang="en">
<head><script type="text/javascript" src="../page_head.js"></script>

<h3><a href="../umpc.htm">微電腦</a> - King Jim Pomera DM250 - Stock - <b>dmesg</b></h3>
<hr size="1"><br>
<pre>
[    0.000000] Booting Linux on physical CPU 0xf00
[    0.000000] Initializing cgroup subsys cpu
[    0.000000] Initializing cgroup subsys cpuacct
[    0.000000] Linux version 3.10.0 (onyx2dev@onyxpc) (gcc version 4.9.3 (Timesys 20160222) ) #1 SMP PREEMPT Fri Nov 11 18:23:18 JST 2022
[    0.000000] CPU: ARMv7 Processor [410fc075] revision 5 (ARMv7), cr=10c5387d
[    0.000000] CPU: PIPT / VIPT nonaliasing data cache, VIPT aliasing instruction cache
[    0.000000] Machine: Rockchip RK3128, model: rockchip,rk3128
[    0.000000] rockchip_uboot_logo_setup: mem: 2000000@9dc00000, offset:1000000
[    0.000000] rockchip_uboot_mem_reserve: reserve 2000000@9dc00000 for uboot logo
[    0.000000] rockchip_ion_reserve
[    0.000000] ion heap(cma): base(0) size(800000) align(0)
[    0.000000] ion heap(vmalloc): base(0) size(0) align(0)
[    0.000000] cma: CMA: reserved 64 MiB at 98000000
[    0.000000] ion_reserve: cma reserved base 98000000 size 8388608
[    0.000000] cma: CMA: reserved 64 MiB at 74000000
[    0.000000] Memory policy: ECC disabled, Data cache writealloc
[    0.000000] Boot mode: REBOOT (6) flag: NORMAL (0xc3524200)
[    0.000000] On node 0 totalpages: 262144
[    0.000000] free_area_init_node: node 0, pgdat c0a89e00, node_mem_map c0bb6000
[    0.000000]   Normal zone: 1024 pages used for memmap
[    0.000000]   Normal zone: 0 pages reserved
[    0.000000]   Normal zone: 131072 pages, LIFO batch:31
[    0.000000]   HighMem zone: 1024 pages used for memmap
[    0.000000]   HighMem zone: 131072 pages, LIFO batch:31
[    0.000000] PERCPU: Embedded 9 pages/cpu @c13dc000 s13952 r8192 d14720 u36864
[    0.000000] pcpu-alloc: s13952 r8192 d14720 u36864 alloc=9*4096
[    0.000000] pcpu-alloc: [0] 0 [0] 1 [0] 2 [0] 3 
[    0.000000] Built 1 zonelists in Zone order, mobility grouping on.  Total pages: 261120
[    0.000000] rockchip jtag enabled
[    0.000000] PID hash table entries: 2048 (order: 1, 8192 bytes)
[    0.000000] Dentry cache hash table entries: 65536 (order: 6, 262144 bytes)
[    0.000000] Inode-cache hash table entries: 32768 (order: 5, 131072 bytes)
[    0.000000] allocated 2097152 bytes of page_cgroup
[    0.000000] please try 'cgroup_disable=memory' option if you don't want memory cgroups
[    0.000000] Memory: 1024MB = 1024MB total
[    0.000000] Memory: 821516k/821516k available, 227060k reserved, 425984K highmem
[    0.000000] Virtual kernel memory layout:
[    0.000000]     vector  : 0xffff0000 - 0xffff1000   (   4 kB)
[    0.000000]     fixmap  : 0xfff00000 - 0xfffe0000   ( 896 kB)
[    0.000000]     vmalloc : 0xe0800000 - 0xff000000   ( 488 MB)
[    0.000000]     lowmem  : 0xc0000000 - 0xe0000000   ( 512 MB)
[    0.000000]     pkmap   : 0xbfe00000 - 0xc0000000   (   2 MB)
[    0.000000]     modules : 0xbf000000 - 0xbfe00000   (  14 MB)
[    0.000000]       .text : 0xc0008000 - 0xc0984088   (9713 kB)
[    0.000000]       .init : 0xc0985000 - 0xc09db680   ( 346 kB)
[    0.000000]       .data : 0xc09dc000 - 0xc0a95950   ( 743 kB)
[    0.000000]        .bss : 0xc0a95950 - 0xc0bb5184   (1151 kB)
[    0.000000] SLUB: HWalign=64, Order=0-3, MinObjects=0, CPUs=4, Nodes=1
[    0.000000] Preemptible hierarchical RCU implementation.
[    0.000000] 	RCU dyntick-idle grace-period acceleration is enabled.
[    0.000000] NR_IRQS:16 nr_irqs:16 16
[    0.000000] rk_clk_tree_init start! cru base = 0xfed00000
[    0.000000] rk_get_uboot_display_flag: uboot_logo_on = 1
[    0.000000] rkclk_init_clks: cnt_parent = 25
[    0.000000] rkclk_init_clks: cnt_rate = 17
[    0.000000] Architected cp15 timer(s) running at 24.00MHz (phys).
[    0.000000] Switching to timer-based delay loop
[    0.000000] sched_clock: ARM arch timer >56 bits at 24000kHz, resolution 41ns
[    0.000000] process version: 0
[    0.000000] channel:0, lkg:22
[    0.000000] channel:0, lkg:22
[    0.000000] channel:0, lkg:22
[    0.000000] sched_clock: 32 bits at 100 Hz, resolution 10000000ns, wraps every 4294967286ms
[    0.207983] Calibrating delay loop (skipped), value calculated using timer frequency.. 48.00 BogoMIPS (lpj=240000)
[    0.208009] pid_max: default: 32768 minimum: 301
[    0.208214] Security Framework initialized
[    0.208244] SELinux:  Initializing.
[    0.208291] SELinux:  Starting in permissive mode
[    0.208377] Mount-cache hash table entries: 512
[    0.209573] Initializing cgroup subsys debug
[    0.209601] Initializing cgroup subsys memory
[    0.209665] Initializing cgroup subsys freezer
[    0.209725] CPU: Testing write buffer coherency: ok
[    0.210254] /cpus/cpu@0 missing clock-frequency property
[    0.210282] /cpus/cpu@1 missing clock-frequency property
[    0.210301] /cpus/cpu@2 missing clock-frequency property
[    0.210320] /cpus/cpu@3 missing clock-frequency property
[    0.210388] CPU0: thread -1, cpu 0, socket 15, mpidr 80000f00
[    0.210464] Setting up static identity map for 0xc06e7060 - 0xc06e70b8
[    0.212850] last_log: 0x70100000 map to 0xe0804000 and copy to 0xe0886000, size 0x80000 early 0x1408 (version 3.0)
[    0.286083] CPU1: Booted secondary processor
[    0.286143] CPU1: thread -1, cpu 1, socket 15, mpidr 80000f01
[    0.305794] CPU2: Booted secondary processor
[    0.305840] CPU2: thread -1, cpu 2, socket 15, mpidr 80000f02
[    0.325538] CPU3: Booted secondary processor
[    0.325583] CPU3: thread -1, cpu 3, socket 15, mpidr 80000f03
[    0.325766] Brought up 4 CPUs
[    0.325815] SMP: Total of 4 processors activated (192.00 BogoMIPS).
[    0.325829] CPU: All CPU(s) started in SVC mode.
[    0.327249] devtmpfs: initialized
[    0.336005] pinctrl core: initialized pinctrl subsystem
[    0.336504] regulator-dummy: no parameters
[    0.343349] NET: Registered protocol family 16
[    0.364710] DMA: preallocated 256 KiB pool for atomic coherent allocations
[    0.365252] ion_snapshot: 0x70198000 map to 0xe0907000 and copy to 0xc0b90654 (version 0.1)
[    0.365559] Registered FIQ tty driver
[    0.367956] console [ttyFIQ0] enabled
[    0.368348] Registered fiq debugger ttyFIQ0
[    0.369490] rockchip_get_bank_data:name=/pinctrl@20008000/gpio0@2007c000 start=0x2007c000,end=0x2007c0ff
[    0.369635] rockchip_get_bank_data:name=/pinctrl@20008000/gpio1@20080000 start=0x20080000,end=0x200800ff
[    0.369720] rockchip_get_bank_data:name=/pinctrl@20008000/gpio2@20084000 start=0x20084000,end=0x200840ff
[    0.369801] rockchip_get_bank_data:name=/pinctrl@20008000/gpio3@20088000 start=0x20088000,end=0x200880ff
[    0.369891] rockchip_get_bank_data:name=/pinctrl@20008000/gpio15@2008A000 start=0x20086000,end=0x200860ff
[    0.369965] rockchip_pinctrl_probe:name=rk312x-GPIO,type=5
[    0.369996] rockchip_pinctrl_probe:name=base start=0x20008000,end=0x200080a7
[    0.370026] rockchip_pinctrl_probe:name=mux start=0x200080a8,end=0x200080f3
[    0.370054] rockchip_pinctrl_probe:name=pull start=0x20008118,end=0x20008137
[    0.370083] rockchip_pinctrl_probe:name=drv start=0x20008100,end=0x20008103
[    0.370234] gpiochip_add: registered GPIOs 0 to 31 on device: gpio0
[    0.370342] gpiochip_add: registered GPIOs 32 to 63 on device: gpio1
[    0.370439] gpiochip_add: registered GPIOs 64 to 95 on device: gpio2
[    0.370544] gpiochip_add: registered GPIOs 96 to 127 on device: gpio3
[    0.370641] gpiochip_add: registered GPIOs 128 to 159 on device: gpio15
[    0.372849] rockchip_pinctrl_probe:init ok
[    0.380747] rk_iommu 1010e300.vop_mmu: (vop) Enter
[    0.380803] rk_iommu 1010e300.vop_mmu: skip request vop mmu irq
[    0.380914] rk_iommu 1010e300.vop_mmu: IOVMM: Created 0x3ffff000 B IOVMM from 0x10000000.
[    0.380943] rk_iommu 1010e300.vop_mmu: (vop) Initialized
[    0.381227] rk_iommu 10104440.hevc_mmu: (hevc) Enter
[    0.381385] rk_iommu 10104440.hevc_mmu: IOVMM: Created 0x3ffff000 B IOVMM from 0x10000000.
[    0.381417] rk_iommu 10104440.hevc_mmu: (hevc) Initialized
[    0.381683] rk_iommu 10106800.vpu_mmu: (vpu) Enter
[    0.381810] rk_iommu 10106800.vpu_mmu: IOVMM: Created 0x3ffff000 B IOVMM from 0x10000000.
[    0.381841] rk_iommu 10106800.vpu_mmu: (vpu) Initialized
[    0.382088] rk_iommu 10108800.iep_mmu: (iep) Enter
[    0.382229] rk_iommu 10108800.iep_mmu: IOVMM: Created 0x3ffff000 B IOVMM from 0x10000000.
[    0.382259] rk_iommu 10108800.iep_mmu: (iep) Initialized
[    0.383594] hw-breakpoint: found 5 (+1 reserved) breakpoint and 4 watchpoint registers.
[    0.383625] hw-breakpoint: maximum watchpoint size is 8 bytes.
[    0.383911] DDR DEBUG: version 1.02 20140828
[    0.383934] DDR DEBUG: DRAM Type:DDR3
[    0.383960] DDR DEBUG: 1 CS, ROW=15, Bank=8, COL=10, Total Capability=1024MB
[    0.384008] DDR DEBUG: init success!!! freq=300MHz
[    0.427202] bio: create slab <bio-0> at 0
[    0.428878] SCSI subsystem initialized
[    0.429218] usbcore: registered new interface driver usbfs
[    0.429318] usbcore: registered new interface driver hub
[    0.429528] usbcore: registered new device driver usb
[    0.430541] of_get_named_gpio_flags exited with status 116
[    0.430613] of_get_named_gpio_flags exited with status 113
[    0.431305] of_get_named_gpio_flags exited with status 1
[    0.431346] of_get_named_gpio_flags exited with status 0
[    0.431732] rockchip_i2c 20072000.i2c: i2c-0: Rockchip I2C adapter
[    0.432705] pps_core: LinuxPPS API ver. 1 registered
[    0.432733] pps_core: Software ver. 5.3.6 - Copyright 2005-2007 Rodolfo Giometti <giometti@linux.it>
[    0.432784] PTP clock support registered
[    0.434010] Rockchip ion module is successfully loaded (v1.1)
[    0.434272] Advanced Linux Sound Architecture Driver Initialized.
[    0.435106] Bluetooth: Core ver 2.16
[    0.435186] NET: Registered protocol family 31
[    0.435208] Bluetooth: HCI device and connection manager initialized
[    0.435243] Bluetooth: HCI socket layer initialized
[    0.435272] Bluetooth: L2CAP socket layer initialized
[    0.435327] Bluetooth: SCO socket layer initialized
[    0.435767] cfg80211: Calling CRDA to update world regulatory domain
[    0.475154] tc3589x 0-0045: manufacturer: 0x3, version: 0xc0
[    0.476687] tc3589x 0-0045: added keypad block
[    0.476843] rk818_i2c_probe,line=1427
[    0.477147] rk818_pre_init,line=1343
[    0.483036] of_get_named_gpio_flags exited with status 41
[    0.483068] of_get_named_gpio_flags exited with status 33
[    0.483115] rk818_i2c_probe: rk818_pmic_sleep=0
[    0.487057] vdd_arm: 700 <--> 1487 mV at 1100 mV 
[    0.491339] vdd_logic: 700 <--> 1487 mV at 1087 mV 
[    0.495175] rk818_dcdc3: 1200 mV 
[    0.499449] vccio: 1800 <--> 3300 mV at 3000 mV 
[    0.503300] rk818_ldo1: 3300 mV 
[    0.507068] rk818_ldo2: 3000 mV 
[    0.510829] rk818_ldo3: 1100 mV 
[    0.514578] rk818_ldo4: 2800 mV 
[    0.518349] rk818_ldo5: 3000 mV 
[    0.522120] rk818_ldo6: 1200 mV 
[    0.524927] rk_battery_charger_detect_cb , battery_charger_detect 1
[    0.526006] rk818_ldo7: 1800 mV 
[    0.529825] rk818_ldo8: 3300 mV 
[    0.532687] vcc_sd: 1800 <--> 3000 mV at 3000 mV 
[    0.534138] rk818_ldo10: at 3000 mV 
[    0.535924] rk818_irq_init: rk818_pmic_irq=1
[    0.536537] i2c-core: driver [rk818] using legacy suspend method
[    0.536565] i2c-core: driver [rk818] using legacy resume method
[    0.536717] rk818_rtc_probe,line=912
[    0.544715] rk818-rtc rk818-rtc: rtc core: registered rk818 as rtc0
[    0.551831] rk818_load_LRTC(): restored from NV. LRTC=1668488410(0x63731cda)
[    0.554126] rk818_rtc_probe:ok
[    0.554939] Switching to clocksource arch_sys_counter
[    0.590041] uboot-logo-on:1
[    0.590121] rk-fb rockchip-fb: rk fb ion client create success!
[    0.590152] rk-fb rockchip-fb: rockchip framebuffer driver probe
[    0.590578] rk-screen rk_screen.9: rockchip screen probe success
[    0.591125] rk31xx-lvds rk31xx-lvds: rk31xx lvds driver probe success
[    0.591725] of_get_named_gpio_flags exited with status 24
[    0.592269] graphics fb0: rockchip framebuffer registerd:fb0
[    0.592995] graphics fb1: rockchip framebuffer registerd:fb1
[    0.593375] graphics fb2: rockchip framebuffer registerd:fb2
[    0.603874] rk312x-lcdc lcdc0: set lcdc0 dclk failed
[    0.603913] rk312x-lcdc lcdc0: lcdc0: dclk:49500000>>fps:58 
[    0.603939] rk312x-lcdc lcdc0: wakeup from standby!
[    0.618190] alloc_buffer:ion_phy_addr=0x10000000
[    0.623346] fb0:phy:10000000>>vir:e0938000>>len:0x800000
[    0.624085] unsupport bit=1 now
[    0.624402] rk_fb_data_fmt:un supported bits_per_pixel:-1073089932
[    0.638027] rk312x-lcdc lcdc0: lcdc0 probe ok, iommu enabled
[    0.641106] NET: Registered protocol family 2
[    0.642004] TCP established hash table entries: 4096 (order: 3, 32768 bytes)
[    0.642139] TCP bind hash table entries: 4096 (order: 3, 32768 bytes)
[    0.642252] TCP: Hash tables configured (established 4096 bind 4096)
[    0.642356] TCP: reno registered
[    0.642386] UDP hash table entries: 256 (order: 1, 8192 bytes)
[    0.642433] UDP-Lite hash table entries: 256 (order: 1, 8192 bytes)
[    0.642814] NET: Registered protocol family 1
[    0.643063] rk818-bat: not support dc
[    0.672103] rk818-bat: dsoc=100 cap=5800 v=4165 ov=4144 rv=0 min=0 psoc=100 pcap=5800
[    0.696631] rk818-bat: driver version 7.0
[    0.697058] Unpacking initramfs...
[    5.636943] rk818-bat: changed: dsoc=100, rsoc=100, v=4172, ov=4144 c=-1, cap=5800, f=5800, st=finish
[    5.637001] rk818-bat: dl=100, rl=100, v=4172, halt=0, halt_n=0, max=0, init=0, sw=0, calib=0, below0=0, force=0
[    6.739189] Freeing initrd memory: 40072K (dbbf0000 - de312000)
[    6.740172] hw perfevents: enabled with ARMv7_Cortex_A7 PMU driver, 5 counters available
[    6.740885] probe device vpu_combo.10
[    6.741075] vcodec vpu_combo.10: failed on clk_get clk_cabac
[    6.741199] vpu_combo.10: power on
[    6.741361] probe device 10106000.vpu_service
[    6.741428] checking hw id 4831
[    6.742772] probe device 10104000.hevc_service
[    6.742847] checking hw id 6867
[    6.743783] vpu_combo.10: power off...
[    6.743853] done
[    6.743870] init success
[    6.744025] rknandbase v1.0 2014-03-31
[    6.744291] rknand_probe clk rate = 148500000
[    6.744533] rknand_driver:ret = 0 
[    6.744768] Lineo Warp!! module loaded
[    6.745557] audit: initializing netlink socket (disabled)
[    6.745636] type=2000 audit(1668488426.300:1): initialized
[    6.747677] bounce pool size: 64 pages
[    6.757972] fuse init (API version 7.22)
[    6.758790] msgmni has been set to 978
[    6.758879] SELinux:  Registering netfilter hooks
[    6.762353] Block layer SCSI generic (bsg) driver version 0.4 loaded (major 247)
[    6.762389] io scheduler noop registered
[    6.762409] io scheduler deadline registered
[    6.762622] io scheduler cfq registered (default)
[    6.763512] of_get_named_gpio_flags exited with status 27
[    6.778364] rga 1010c000.rga: rga ion client create success!
[    6.778673] rga: Driver loaded succesfully
[    6.778792] rga: Module initialized.
[    6.779732] IEP Power ON
[    6.779812] iep ion client create success!
[    6.780320] IEP Power OFF
[    6.780360] IEP Driver loaded succesfully
[    6.780500] Module initialized.
[    6.783229] dma-pl330 20078000.pdma: Loaded driver for PL330 DMAC-2364208
[    6.783270] dma-pl330 20078000.pdma: 	DBUFF-64x8bytes Num_Chans-8 Num_Peri-16 Num_Events-16
[    6.784268] rk_serial.c v1.8 2014-03-04
[    6.784605] 20060000.serial: ttyS0 at MMIO 0x20060000 (irq = 52) is a rk29_serial.0
[    6.785074] serial 20060000.serial: membase e2146000
[    6.785430] 20064000.serial: ttyS1 at MMIO 0x20064000 (irq = 53) is a rk29_serial.1
[    6.786111] serial 20064000.serial: membase e215a000
[    6.795037] loop: module loaded
[    6.796839] SCSI Media Changer driver v0.25 
[    6.797044] tun: Universal TUN/TAP device driver, 1.6
[    6.797096] tun: (C) 1999-2004 Max Krasnyansky <maxk@qualcomm.com>
[    6.797407] PPP generic driver version 2.4.2
[    6.797743] PPP BSD Compression module registered
[    6.797769] PPP Deflate Compression module registered
[    6.797807] PPP MPPE Compression module registered
[    6.797829] NET: Registered protocol family 24
[    6.797886] SLIP: version 0.8.4-NET3.019-NEWTTY (dynamic channels, max=256) (6 bit encapsulation enabled).
[    6.797911] CSLIP: code copyright 1989 Regents of the University of California.
[    6.797935] Rockchip WiFi SYS interface (V1.00) ... 
[    6.798001] esp_mem_init enter date Nov 11 2022 18:11:08
[    6.798023] esp_mem_init VERSION [V2.3]
[    6.798109] esp_mem_init complete 
[    6.798129] hso: drivers/net/usb/hso.c: Option Wireless
[    6.798283] usbcore: registered new interface driver hso
[    6.798377] usbcore: registered new interface driver cdc_ether
[    6.798465] usbcore: registered new interface driver cdc_eem
[    6.798545] usbcore: registered new interface driver rndis_host
[    6.798621] usbcore: registered new interface driver cdc_subset
[    6.798744] usbcore: registered new interface driver ipheth
[    6.798846] usbcore: registered new interface driver cdc_ncm
[    6.798923] usbcore: registered new interface driver cdc_mbim
[    6.798945] ehci_hcd: USB 2.0 'Enhanced' Host Controller (EHCI) Driver
[    6.800921] EHCI: ehci_rk_probe e2180000 e2180010
[    6.800958] rockchip_ehci_host 101c0000.usb: EHCI Host Controller
[    6.801013] rockchip_ehci_host 101c0000.usb: new USB bus registered, assigned bus number 1
[    6.801753] rockchip_ehci_host 101c0000.usb: irq 43, io mem 0x101c0000
[    6.813326] rockchip_ehci_host 101c0000.usb: USB 2.0 started, EHCI 1.00
[    6.813478] usb usb1: New USB device found, idVendor=1d6b, idProduct=0002
[    6.813511] usb usb1: New USB device strings: Mfr=3, Product=2, SerialNumber=1
[    6.813538] usb usb1: Product: EHCI Host Controller
[    6.813563] usb usb1: Manufacturer: Linux 3.10.0 ehci_hcd
[    6.813588] usb usb1: SerialNumber: 101c0000.usb
[    6.814617] hub 1-0:1.0: USB hub found
[    6.814667] hub 1-0:1.0: 1 port detected
[    6.815039] EHCI: ehci_rk_probe ok
[    6.815215] ohci_hcd: USB 1.1 'Open' Host Controller (OHCI) Driver
[    6.815446] ohci-rockchip 101e0000.usb: RK OHCI Host Controller
[    6.815506] ohci-rockchip 101e0000.usb: new USB bus registered, assigned bus number 2
[    6.815585] ohci-rockchip 101e0000.usb: irq 64, io mem 0x101e0000
[    6.876373] usb usb2: New USB device found, idVendor=1d6b, idProduct=0001
[    6.876409] usb usb2: New USB device strings: Mfr=3, Product=2, SerialNumber=1
[    6.876437] usb usb2: Product: RK OHCI Host Controller
[    6.876461] usb usb2: Manufacturer: Linux 3.10.0 ohci_hcd
[    6.876486] usb usb2: SerialNumber: 101e0000.usb
[    6.877437] hub 2-0:1.0: USB hub found
[    6.877499] hub 2-0:1.0: 1 port detected
[    6.878106] usbcore: registered new interface driver cdc_wdm
[    6.878266] usbcore: registered new interface driver usb-storage
[    6.878455] usbcore: registered new interface driver usbserial
[    6.878542] usbcore: registered new interface driver usbserial_generic
[    6.878616] usbserial: USB Serial support registered for generic
[    6.878696] usbcore: registered new interface driver option
[    6.878775] usbserial: USB Serial support registered for GSM modem (1-port)
[    6.878922] usb20_otg: version 3.10a 21-DEC-2012
[    6.879551] e2200040
[    6.879581] Core Release: 2.91a
[    6.879602] Setting default values for core params
[    6.879865] Using Buffer DMA mode
[    6.879890] Periodic Transfer Interrupt Enhancement - disabled
[    6.879912] Multiprocessor Interrupt Enhancement - disabled
[    6.879933] OTG VER PARAM: 0, OTG VER FLAG: 0
[    6.879951] ^^^^^^^^^^^^^^^^^Device Mode
[    6.879991] Dedicated Tx FIFOs mode
[    6.880028] pcd_init otg_dev = d09e43c0
[    6.880356] usb20_otg 10180000.usb: DWC OTG Controller
[    6.880416] usb20_otg 10180000.usb: new USB bus registered, assigned bus number 3
[    6.880474] usb20_otg 10180000.usb: irq 42, io mem 0x00000000
[    6.880610] usb usb3: New USB device found, idVendor=1d6b, idProduct=0002
[    6.880642] usb usb3: New USB device strings: Mfr=3, Product=2, SerialNumber=1
[    6.880669] usb usb3: Product: DWC OTG Controller
[    6.880694] usb usb3: Manufacturer: Linux 3.10.0 dwc_otg_hcd
[    6.880718] usb usb3: SerialNumber: 10180000.usb
[    6.881688] hub 3-0:1.0: USB hub found
[    6.881735] hub 3-0:1.0: 1 port detected
[    6.882425] usb20_host: version 3.10a 21-DEC-2012
[    6.883814] input: tc3589x-keypad as /devices/20072000.i2c/i2c-0/0-0045/tc3589x-keypad/input/input0
[    6.918624] i2c /dev entries driver
[    6.920413] device-mapper: uevent: version 1.0.3
[    6.921003] device-mapper: ioctl: 4.24.0-ioctl (2013-01-15) initialised: dm-devel@redhat.com
[    6.921682] Bluetooth: HCI UART driver ver 2.2
[    6.921794] Bluetooth: HCI H4 protocol initialized
[    6.921817] Bluetooth: HCILL protocol initialized
[    6.947106] cpufreq version 1.0, suspend freq 816 MHz
[    6.947496] cpuidle: using governor ladder
[    6.947521] cpuidle: using governor menu
[    6.947597] Synopsys Designware Multimedia Card Interface Driver
[    6.948028] dwmmc_rockchip 1021c000.rksdmmc: Version ID is 270a
[    6.948528] dwmmc_rockchip 1021c000.rksdmmc: Using external DMA controller.
[    6.948979] 3586..dw_mci_init_slot: fmin=400000, fmax=50000000 [mmc0]
[    6.949009] mmc0 : Rockchip specific MHSC: Ver 1.13 2014-09-05
[    6.949053] of_get_named_gpio_flags: can't parse gpios property
[    6.949261] 1464..dw_mci_set_ios:  no card. [mmc0]
[    6.960945] 1464..dw_mci_set_ios:  no card. [mmc0]
[    6.970906] dwc_otg_hcd_suspend, usb device mode
[    6.980686] rk_sdmmc: BOOT dw_mci_setup_bus: argue clk_mmc workaround out 800000Hz for init[mmc0]
[    6.980764] dwmmc_rockchip 1021c000.rksdmmc: DW MMC controller at irq 48, 32 bit host data width, 256 deep fifo
[    6.980796] dwmmc_rockchip 1021c000.rksdmmc: 1 slots initialized
[    6.981538] dwmmc_rockchip 10214000.rksdmmc: Version ID is 270a
[    6.982261] dwmmc_rockchip 10214000.rksdmmc: Using external DMA controller.
[    6.982646] 3586..dw_mci_init_slot: fmin=400000, fmax=37500000 [mmc1]
[    6.982669] mmc1 : Rockchip specific MHSC: Ver 1.13 2014-09-05
[    6.982705] of_get_named_gpio_flags: can't parse gpios property
[    6.983718] 1464..dw_mci_set_ios:  no card. [mmc1]
[    7.000317] 1464..dw_mci_set_ios:  no card. [mmc1]
[    7.020029] dwmmc_rockchip 10214000.rksdmmc: DW MMC controller at irq 46, 32 bit host data width, 256 deep fifo
[    7.020055] dwmmc_rockchip 10214000.rksdmmc: 1 slots initialized
[    7.020448] dwmmc_rockchip 10218000.rksdmmc: Version ID is 270a
[    7.020739] dwmmc_rockchip 10218000.rksdmmc: Using external DMA controller.
[    7.021066] 3586..dw_mci_init_slot: fmin=200000, fmax=50000000 [mmc2]
[    7.021087] mmc2 : Rockchip specific MHSC: Ver 1.13 2014-09-05
[    7.021123] of_get_named_gpio_flags: can't parse gpios property
[    7.021397] 1464..dw_mci_set_ios:  no card. [mmc2]
[    7.033193] mmc0: BKOPS_EN bit is not set
[    7.035235] mmc_host mmc0: Bus speed (slot 0) = 50000000Hz (slot req 50000000Hz, actual 50000000HZ div = 0)
[    7.035271] rk_sdmmc: BOOT dw_mci_setup_bus: argue clk_mmc workaround out normal clock [mmc0]
[    7.035291] rk_sdmmc: BOOT dw_mci_setup_bus: workaround div = 1, host->bus_hz = 100000000 [mmc0]
[    7.035380] rk_sdmmc: BOOT Bus speed=50000000Hz,Bus width=8bits.[mmc0]
[    7.035617] mmc0: new high speed DDR MMC card at address 0001
[    7.036398] mmcblk0: mmc0:0001 008GB0 7.28 GiB 
[    7.036703] mmcblk0rpmb: mmc0:0001 008GB0 partition 3 4.00 MiB
[    7.037554]      uboot: 0x000400000 -- 0x000c00000 (8 MB)
[    7.037580]     kernel: 0x000c00000 -- 0x001800000 (12 MB)
[    7.037599]   resource: 0x001800000 -- 0x001e00000 (6 MB)
[    7.037617]       boot: 0x001e00000 -- 0x005e00000 (64 MB)
[    7.037635]       warp: 0x005e00000 -- 0x025e00000 (512 MB)
[    7.037653]    ro_data: 0x025e00000 -- 0x035e00000 (256 MB)
[    7.037672]     public: 0x035e00000 -- 0x085e00000 (1280 MB)
[    7.037690]   user_dic: 0x085e00000 -- 0x0c5e00000 (1024 MB)
[    7.037709]        sys: 0x0c5e00000 -- 0x0c6200000 (4 MB)
[    7.037727]       sys2: 0x0c6200000 -- 0x0c6400000 (2 MB)
[    7.037745]   sys_info: 0x0c6400000 -- 0x0c6500000 (1 MB)
[    7.037764]   user_lib: 0x0c6500000 -- 0x0d6500000 (256 MB)
[    7.037782]  test_mode: 0x0d6500000 -- 0x0d8500000 (32 MB)
[    7.037801] recover_kernel: 0x0d8500000 -- 0x0d9100000 (12 MB)
[    7.037819] recover_boot: 0x0d9100000 -- 0x0dd100000 (64 MB)
[    7.037838] org_kernel: 0x0dd100000 -- 0x0ddd00000 (12 MB)
[    7.037858] org_resource: 0x0ddd00000 -- 0x0de300000 (6 MB)
[    7.037876]   org_boot: 0x0de300000 -- 0x0e2300000 (64 MB)
[    7.037895]   org_warp: 0x0e2300000 -- 0x102300000 (512 MB)
[    7.037914] org_ro_data: 0x102300000 -- 0x10a300000 (128 MB)
[    7.037933] org_user_dic: 0x112300000 -- 0x112700000 (4 MB)
[    7.037952] org_user_lib: 0x112700000 -- 0x122700000 (256 MB)
[    7.037971]   sync_dir: 0x122700000 -- 0x132700000 (256 MB)
[    7.037990]     backup: 0x132700000 -- 0x132900000 (2 MB)
[    7.038009] auto_backup: 0x132900000 -- 0x182900000 (1280 MB)
[    7.038029]      trash: 0x182900000 -- 0x1aa900000 (640 MB)
[    7.038048]    reserve: 0x1aa900000 -- 0x1d1c00000 (627 MB)
[    7.039651] 1464..dw_mci_set_ios:  no card. [mmc2]
[    7.038121]  mmcblk0: p1 p2 p3 p4 p5 p6 p7 p8 p9 p10 p11 p12 p13 p14 p15 p16 p17 p18 p19 p20 p21 p22 p23 p24 p25 p26 p271464..dw_mci_set_ios:  no card. [mmc1]
[    7.059372] 1464..dw_mci_set_ios:  no card. [mmc2]
[    7.059393] dwmmc_rockchip 10218000.rksdmmc: DW MMC controller at irq 47, 32 bit host data width, 256 deep fifo
[    7.059406] dwmmc_rockchip 10218000.rksdmmc: 1 slots initialized
[    7.059814] hidraw: raw HID events driver (C) Jiri Kosina
[    7.060340] usbcore: registered new interface driver usbhid
[    7.060361] usbhid: USB HID core driver
[    7.060990] zram: Created 1 device(s) ...
[    7.061777] ashmem: initialized
[    7.062067] logger: created 256K log 'log_main'
[    7.062300] logger: created 256K log 'log_events'
[    7.062518] logger: created 256K log 'log_radio'
[    7.062733] logger: created 256K log 'log_system'
[    7.064085] of_get_named_gpio_flags exited with status 2
[    7.064110] of_get_named_gpio_flags exited with status 2
[    7.064568] input: rk29-keypad as /devices/2006c000.adc/key.19/input/input1
[    7.065376] u32 classifier
[    7.065397]     Actions configured
[    7.065418] Netfilter messages via NETLINK v0.30.
[    7.065513] nf_conntrack version 0.5.0 (15510 buckets, 62040 max)
[    7.066215] ctnetlink v0.93: registering with nfnetlink.
[    7.066329] NF_TPROXY: Transparent proxy support initialized, version 4.1.0
[    7.066348] NF_TPROXY: Copyright (c) 2006-2007 BalaBit IT Ltd.
[    7.066969] xt_time: kernel timezone is -0000
[    7.067401] ip_tables: (C) 2000-2006 Netfilter Core Team
[    7.067709] arp_tables: (C) 2002 David S. Miller
[    7.067798] TCP: cubic registered
[    7.067813] Initializing XFRM netlink socket
[    7.068368] NET: Registered protocol family 10
[    7.069403] mip6: Mobile IPv6
[    7.069470] ip6_tables: (C) 2000-2006 Netfilter Core Team
[    7.069743] sit: IPv6 over IPv4 tunneling driver
[    7.070499] NET: Registered protocol family 17
[    7.070555] NET: Registered protocol family 15
[    7.070695] Bridge firewalling registered
[    7.070722] Ebtables v2.0 registered
[    7.071017] Bluetooth: RFCOMM TTY layer initialized
[    7.071113] Bluetooth: RFCOMM socket layer initialized
[    7.071132] Bluetooth: RFCOMM ver 1.11
[    7.071149] Bluetooth: BNEP (Ethernet Emulation) ver 1.3
[    7.071164] Bluetooth: BNEP filters: protocol multicast
[    7.071192] Bluetooth: BNEP socket layer initialized
[    7.071210] Bluetooth: HIDP (Human Interface Emulation) ver 1.2
[    7.071233] Bluetooth: HIDP socket layer initialized
[    7.071288] l2tp_core: L2TP core driver, V2.0
[    7.071318] l2tp_ppp: PPPoL2TP kernel driver, V2.0
[    7.071335] [WLAN_RFKILL]: Enter rfkill_wlan_init
[    7.071577] [WLAN_RFKILL]: Enter rfkill_wlan_probe
[    7.071602] [WLAN_RFKILL]: wlan_platdata_parse_dt: wifi_chip_type = ap6236
[    7.071621] [WLAN_RFKILL]: wlan_platdata_parse_dt: enable wifi power control.
[    7.071638] [WLAN_RFKILL]: wlan_platdata_parse_dt: disable wifi io reference voltage control.
[    7.071656] [WLAN_RFKILL]: wlan_platdata_parse_dt: wifi power controled by gpio.
[    7.071711] of_get_named_gpio_flags exited with status 30
[    7.071725] [WLAN_RFKILL]: wlan_platdata_parse_dt: get property: WIFI,poweren_gpio = 30, flags = 1.
[    7.071751] of_get_named_gpio_flags exited with status 123
[    7.071764] [WLAN_RFKILL]: wlan_platdata_parse_dt: get property: WIFI,reset_gpio = 123, flags = 0.
[    7.071787] of_get_named_gpio_flags exited with status 119
[    7.071800] [WLAN_RFKILL]: wlan_platdata_parse_dt: get property: WIFI,host_wake_irq = 119, flags = 0.
[    7.071828] [WLAN_RFKILL]: rfkill_wlan_probe: init gpio
[    7.071875] [WLAN_RFKILL]: rockchip_wifi_voltage_select: unsupport wifi & sdio reference voltage!
[    7.285619] [WLAN_RFKILL]: Exit rfkill_wlan_probe
[    7.285711] [BT_RFKILL]: Enter rfkill_rk_init
[    7.285984] of_get_named_gpio_flags exited with status 17
[    7.286001] [BT_RFKILL]: bluetooth_platdata_parse_dt: get property: uart_rts_gpios = 17.
[    7.286024] of_get_named_gpio_flags: can't parse gpios property
[    7.286042] of_get_named_gpio_flags exited with status 117
[    7.286054] [BT_RFKILL]: bluetooth_platdata_parse_dt: get property: BT,reset_gpio = 117.
[    7.286077] of_get_named_gpio_flags exited with status 122
[    7.286089] [BT_RFKILL]: bluetooth_platdata_parse_dt: get property: BT,wake_gpio = 122.
[    7.286111] of_get_named_gpio_flags exited with status 118
[    7.286123] [BT_RFKILL]: bluetooth_platdata_parse_dt: get property: BT,wake_host_irq = 118.
[    7.286234] [BT_RFKILL]: Request irq for bt wakeup host
[    7.286390] [BT_RFKILL]: ** disable irq
[    7.286571] [BT_RFKILL]: ap6236 device registered.
[    7.287244] VFP support v0.3: implementor 41 architecture 2 part 30 variant 7 rev 5
[    7.287279] rk312x_init_suspend
[    7.287293] rk312x_suspend_init
[    7.287423] rk312x_suspend_init dev node err
[    7.287481] Registering SWP/SWPB emulation handler
[    7.287502] rockchip_uboot_mem_late_init: Freeing uboot logo memory: 2000000@9dc00000
[    7.294898] ddrfreq: verion 1.2 20140526
[    7.294930] ddrfreq: normal 396MHz video_1080p 396MHz video_4k 396MHz dualview 396MHz idle 0MHz suspend 396MHz reboot 396MHz
[    7.294951] ddrfreq: auto-freq=0
[    7.294966] ddrfreq: auto-freq-table[0] 396MHz
[    7.295801] regulator-dummy: disabling
[    7.296202] pcd_pullup, is_on 0
[    7.296317] file system registered
[    7.298248] android_usb gadget: Mass Storage Function, version: 2009/09/11
[    7.298274] android_usb gadget: Number of LUNs=2
[    7.298352]  lun0: LUN: removable file: (no medium)
[    7.298371]  lun1: LUN: removable file: (no medium)
[    7.298778] android_usb gadget: android_usb ready
[    7.312060] rk818-rtc rk818-rtc: setting system clock to 2022-11-15 05:00:26 UTC (1668488426)
[    7.320154] usbcore: registered new interface driver snd-usb-audio
[    7.320181] ALSA device list:
[    7.320194]   No soundcards found.
[    7.321238] Freeing unused kernel memory: 344K (c0985000 - c09db000)
[    8.791165] EHCI: rk_ehci_hcd_enable, disable host controller
[    9.148942] udev[373]: converting old udev database
[    9.252074] udev[374]: starting version 167
[   10.036679] EXT4-fs (mmcblk0p13): mounted filesystem with ordered data mode. Opts: (null)
[   10.719875] iep dpi mode inactivity
[   14.774024] [otg id chg] last id -1 current id 256
[   14.774144] PortPower off
[   15.810882] WARN::dwc_otg_core_reset:5543: dwc_otg_core_reset() HANG! AHB Idle GRSTCTL=4000020
[   15.810882] 
[   15.810956] Using Buffer DMA mode
[   15.810985] Periodic Transfer Interrupt Enhancement - disabled
[   15.811024] Multiprocessor Interrupt Enhancement - disabled
[   15.811056] OTG VER PARAM: 0, OTG VER FLAG: 0
[   15.811083] ^^^^^^^^^^^^^^^^^Device Mode
[   16.299207] ***************vbus detect*****************
[   26.513158] rk_sdmmc: BOOT dw_mci_setup_bus: argue clk_mmc workaround out 800000Hz for init[mmc1]
[   26.621752] mmc_host mmc1: Bus speed (slot 0) = 37500000Hz (slot req 37500000Hz, actual 37500000HZ div = 0)
[   26.621881] rk_sdmmc: BOOT dw_mci_setup_bus: argue clk_mmc workaround out normal clock [mmc1]
[   26.622304] rk_sdmmc: BOOT Bus speed=37500000Hz,Bus width=4bits.[mmc1]
[   26.622451] mmc1: new high speed SD card at address b368
[   26.624692] mmcblk1: mmc1:b368 SDC   1.82 GiB 
[   26.629500]  mmcblk1: p1
[   48.113375] FAT-fs (mmcblk1p1): utf8 is not a recommended IO charset for FAT filesystems, filesystem will be case sensitive!
[   79.213433] rk_sdmmc: BOOT   The card is removed..  ===!!!!!!==[mmc1]
[   79.213433] 
[   79.403301] mmc_sd_detect(mmc1): Unable to re-detect card (-123)
[   79.403612] mmc1: card b368 removed
[   79.409454] 1464..dw_mci_set_ios:  no card. [mmc1]
[  102.123187] EXT4-fs (mmcblk0p6): mounted filesystem with ordered data mode. Opts: 
[  102.435179] Warp HD savearea 0xd02cc000-0xd02cd000
[  102.436968] Warp!! driver area 0xd10c0000-0xd10cb000
[  102.437012] Warp work area 0xd1380000-0xd13a0000
[  102.439865] Hibernation driver loaded.
[  102.440382] dwmmc_rockchip 10214000.rksdmmc: dw_mci_pm_notify:  suspend prepare
[  102.440751] PM: Basic memory bitmaps created
[  102.440784] Syncing filesystems ... done.
[  102.441049] Freezing user space processes ... (elapsed 0.001 seconds) done.
[  102.442626] Drop bdev cache ... done
[  102.443361] Shrinking memory...  done (0 pages freed)
[  102.583403] Freezing remaining freezable tasks ... (elapsed 0.001 seconds) done.
[  102.585454] Suspending console(s) (use no_console_suspend to debug)
[  102.585523] vdd_arm: unsupportable voltage range: 700000-0uV
[  102.585540] DVFS ERR:	dvfs_regulator_set_voltage_readback: now read back to check voltage
[  102.587882] DVFS ERR:	dvfs_regulator_set_voltage_readback: set ERROR AND NOT effected, volt=1025000
[  102.587912] DVFS ERR:	dvfs_scale_volt_direct: vd_arm set voltage up err ret = -22, Vnew = 0(was 1025000)mV
[  102.587938] cpufreq: cpufreq_suspend: Failed to stop governor for policy: d040df00
[  102.587958] cpufreq: cpufreq_suspend: Failed to stop governor for policy: d040df00
[  102.587976] cpufreq: cpufreq_suspend: Failed to stop governor for policy: d040df00
[  102.608614] rk818-bat: suspend: dl=100 rl=100 c=-3 v=4172 cap=5799 at=0 ch=1 st=finish
[  102.644728] of_get_named_gpio_flags exited with status 49
[  102.645743] PM: freeze of devices complete after 61.222 msecs
[  102.646412] PM: late freeze of devices complete after 0.650 msecs
[  102.647063] PM: noirq freeze of devices complete after 0.637 msecs
[  102.647081] Disabling non-boot CPUs ...
[  102.649146] CPU1: shutdown
[  102.653540] CPU2: shutdown
[  102.657480] CPU3: shutdown
[  103.183093] dram save 49291 pages
[  103.183122] maxarea 0x00080000(0x0000c000)  lowmem_maxarea 0x00061663(0x0000a99d)
[  103.183140] zonetbl 3  exttbl 0  dramtbl 454
[  103.659856] Suspended for 0.000 seconds
[  103.660019] Enabling non-boot CPUs ...
[  103.660365] CPU1: Booted secondary processor
[  103.660876] CPU1 is up
[  103.661174] CPU2: Booted secondary processor
[  103.661663] CPU2 is up
[  103.661950] CPU3: Booted secondary processor
[  103.662509] CPU3 is up
[  103.662803] PM: noirq restore of devices complete after 0.281 msecs
[  103.663213] PM: early restore of devices complete after 0.282 msecs
[  103.663476] mmc_host mmc0: Bus speed (slot 0) = 100000000Hz (slot req 50000000Hz, actual 50000000HZ div = 1)
[  103.663490] rk_sdmmc: BOOT dw_mci_setup_bus: argue clk_mmc workaround out normal clock [mmc0]
[  103.663646] 1464..dw_mci_set_ios:  no card. [mmc1]
[  103.663668] mmc_host mmc1: Bus speed (slot 0) = 37500000Hz (slot req 37500000Hz, actual 37500000HZ div = 0)
[  103.663678] rk_sdmmc: BOOT dw_mci_setup_bus: argue clk_mmc workaround out normal clock [mmc1]
[  103.664190] dwc_otg_hcd_resume, usb device mode
[  103.665429] usb usb1: root hub lost power or was reset
[  103.727803] usb usb2: root hub lost power or was reset
[  103.757575] [WLAN_RFKILL]: rockchip_wifi_voltage_select: unsupport wifi & sdio reference voltage!
[  103.763073] rk_sdmmc: BOOT   The card is inserted.  ===!!!!!!==[mmc1]
[  103.763073] 
[  103.891096] rk_battery_charger_detect_cb , battery_charger_detect 0
[  104.011791] tc3589x 0-0045: manufacturer: 0x3, version: 0xc0
[  104.013076] rk818_pre_init,line=1343
[  104.018576] rk818_ldo10: at 3000 mV 
[  104.021570] vcc_sd: 1800 <--> 3000 mV at 3000 mV 
[  104.025451] rk818_ldo8: 3300 mV 
[  104.029329] rk818_ldo7: 1800 mV 
[  104.033202] rk818_ldo6: 1200 mV 
[  104.037079] rk818_ldo5: 3000 mV 
[  104.040959] rk818_ldo4: 2800 mV 
[  104.044832] rk818_ldo3: 1100 mV 
[  104.048710] rk818_ldo2: 3000 mV 
[  104.052587] rk818_ldo1: 3300 mV 
[  104.056900] vccio: 1800 <--> 3300 mV at 3000 mV 
[  104.060808] rk818_dcdc3: 1200 mV 
[  104.065117] vdd_logic: 700 <--> 1487 mV at 1000 mV 
[  104.069434] vdd_arm: 700 <--> 1487 mV at 1100 mV 
[  104.070123] regulator-dummy: no parameters
[  104.082995] rk818_load_LRTC(): restored from NV. LRTC=1358507056(0x50f92c30)
[  104.109155] rk818-bat: dsoc=35 cap=1949 v=3734 ov=3783 rv=0 min=0 psoc=35 pcap=1949
[  104.117074] rk818-bat: algorithm rest(-1104) dsoc sub: 34
[  104.130064] rk818-bat: pmic not detect charger..
[  104.141700] rk818_bat_rtc_sleep_sec(): now=1358507061(0x50f92c35), suspend_time=1358507056(0x50f92c30) => interval_sec=5(0x00000005), 
[  104.144872] rk818-bat: resume: dl=34 rl=34 c=-481 v=3733 rv=0 cap=1949 dt=5 at=0 ch=1 st=charge off
[  104.149498] PM: restore of devices complete after 494.171 msecs
[  104.150019] cpufreq: cpufreq_resume: Failed to start governor for policy: d040df00
[  104.150042] cpufreq: cpufreq_resume: Failed to start governor for policy: d040df00
[  104.150061] cpufreq: cpufreq_resume: Failed to start governor for policy: d040df00
[  104.151496] [BT_RFKILL]: ** disable irq
[  104.152019] rk818-bat: receive bc notifier event: DISCNT..
[  104.152449] dwc_otg_hcd_suspend, usb device mode
[  104.151769] Restarting tasks ... done.
[  104.152733] PM: Basic memory bitmaps freed
[  104.152794] dwmmc_rockchip 10214000.rksdmmc: dw_mci_pm_notify:  post suspend
[  104.174317] EXT4-fs (mmcblk0p11): mounted filesystem without journal. Opts: 
[  104.206698] rk312x-lcdc lcdc0: lcdc0: dclk:49500000>>fps:58 
[  104.265290] mmc_host mmc1: Bus speed (slot 0) = 37500000Hz (slot req 400000Hz, actual 398936HZ div = 47)
[  104.265340] rk_sdmmc: BOOT dw_mci_setup_bus: argue clk_mmc workaround out 800000Hz for init[mmc1]
[  104.365119] EXT4-fs (mmcblk0p9): warning: mounting fs with errors, running e2fsck is recommended
[  104.366211] EXT4-fs (mmcblk0p9): mounted filesystem with ordered data mode. Opts: 
[  104.375404] mmc_host mmc1: Bus speed (slot 0) = 37500000Hz (slot req 37500000Hz, actual 37500000HZ div = 0)
[  104.375456] rk_sdmmc: BOOT dw_mci_setup_bus: argue clk_mmc workaround out normal clock [mmc1]
[  104.375740] rk_sdmmc: BOOT Bus speed=37500000Hz,Bus width=4bits.[mmc1]
[  104.375791] mmc1: new high speed SD card at address 81ab
[  104.376889] mmcblk1: mmc1:81ab SD02G 1.83 GiB 
[  104.379050]  mmcblk1: p1
[  104.385864] EXT4-fs (mmcblk0p10): warning: mounting fs with errors, running e2fsck is recommended
[  104.387352] EXT4-fs (mmcblk0p10): mounted filesystem with ordered data mode. Opts: 
[  104.402666] EXT4-fs (mmcblk0p6): mounted filesystem with ordered data mode. Opts: 
[  104.410049] EXT4-fs (mmcblk0p8): mounted filesystem with ordered data mode. Opts: 
[  104.975076] EXT4-fs (mmcblk0p9): warning: mounting fs with errors, running e2fsck is recommended
[  104.976162] EXT4-fs (mmcblk0p9): mounted filesystem with ordered data mode. Opts: 
[  105.028462] FAT-fs (mmcblk0p7): utf8 is not a recommended IO charset for FAT filesystems, filesystem will be case sensitive!
[  105.034601] FAT-fs (mmcblk1p1): utf8 is not a recommended IO charset for FAT filesystems, filesystem will be case sensitive!
[  105.121178] [BT_RFKILL]: ENABLE UART_RTS
[  105.229425] [BT_RFKILL]: DISABLE UART_RTS
[  105.229525] [BT_RFKILL]: bt turn on power
[  106.333591] rk818-bat: changed: dsoc=34, rsoc=34, v=3736, ov=3783 c=-257, cap=1948, f=5800, st=charge off
[  106.333641] rk818-bat: dl=34, rl=34, v=3734, halt=0, halt_n=0, max=0, init=0, sw=0, calib=0, below0=0, force=0
[  132.421551] FAT-fs (mmcblk1p1): utf8 is not a recommended IO charset for FAT filesystems, filesystem will be case sensitive!
</pre>

<br><script type="text/javascript" src="../tail.js"></script>
