<!--
 ____________________________________________________________
|                                                            |
|    DESIGN + Pat Heard { http://fullahead.org }             |
|      DATE + 2006.09.12                                     |
| COPYRIGHT + Free use if this notice is kept in place.      |
|____________________________________________________________|

-->

<!DOCTYPE html PUBLIC "-//W3C//DTD XHTML 1.0 Strict//EN"
    "http://www.w3.org/TR/xhtml1/DTD/xhtml1-strict.dtd">
<html xmlns="http://www.w3.org/1999/xhtml" xml:lang="en" lang="en">
<head>
  <title>司徒的教學網站</title>
  <meta http-lowast="content-type" content="application/xhtml+xml; charset=UTF-8" />
  <meta name="author" content="fullahead.org" />
  <meta name="keywords" content="XHTML, CSS, template, FullAhead" />
  <meta name="description" content="A valid, XHTML 1.0 template" />
  <meta name="robots" content="index, follow, noarchive" />
  <meta name="googlebot" content="noarchive" />
  <meta name="viewport" content="width=device-width, initial-scale=1.0, user-scalable=yes, minimum-scale=0.1, maximum-scale=100.0"/>

  <link rel="shortcut icon" href="../../../website.ico">
  <link rel="stylesheet" type="text/css" href="../../../styles/shCore.css" />
  <link rel="stylesheet" type="text/css" href="../../../styles/shThemeDefault.css" />
  <link rel="stylesheet" type="text/css" href="../../../css/html.css" media="screen, projection, tv " />
  <link rel="stylesheet" type="text/css" href="../../../css/layout.css" media="screen, projection, tv" />
  <link rel="stylesheet" type="text/css" href="../../../css/print.css" media="print" />
  
  <script type="text/javascript" src="../../../scripts/shCore.js"></script>
  <script type="text/javascript" src="../../../scripts/shBrushCpp.js"></script>

  <!-- Conditional comment to apply opacity fix for IE #content background.
       Invalid CSS, but can be removed without harming design -->
  <!--[if gt IE 5]>
  <link rel="stylesheet" type="text/css" href="css/ie.css" media="screen, projection, tv " />
  <![endif]-->
</head>

<body>
<script type="text/javascript">SyntaxHighlighter.all();</script>
<div id="wrapper">
<div id="content">
<script type="text/javascript" src="../../../header.js"></script>
<div id="page">
<h3>Nokia N900 &gt;&gt; Native Debian &gt;&gt; Kernel 5.3.0</h3>
<p><b>開機Log</b></p>
<hr size="1">
<p>
Log如下：
</p>
<pre>
[    0.000000] Booting Linux on physical CPU 0x0
[    0.000000] Linux version 5.3.0 (steward@n900) (gcc version 4.9.2 (Debian 4.9.2-10+deb8u1)) #2 PREEMPT Tue Nov 19 21:25:59 CST 2019
[    0.000000] CPU: ARMv7 Processor [411fc083] revision 3 (ARMv7), cr=10c5387d
[    0.000000] CPU: PIPT / VIPT nonaliasing data cache, VIPT nonaliasing instruction cache
[    0.000000] OF: fdt: Machine model: Nokia N900
[    0.000000] Memory policy: Data cache writeback
[    0.000000] CPU: All CPU(s) started in SVC mode.
[    0.000000] OMAP3430/3530 ES3.1 (l2cache iva sgx neon isp)
[    0.000000] Built 1 zonelists, mobility grouping on.  Total pages: 64770
[    0.000000] Kernel command line: root=/dev/mmcblk1p2 rootwait vram=12M console=tty0 console=ttyO2 initcall_debug no_console_suspend
[    0.000000] Dentry cache hash table entries: 32768 (order: 5, 131072 bytes, linear)
[    0.000000] Inode-cache hash table entries: 16384 (order: 4, 65536 bytes, linear)
[    0.000000] mem auto-init: stack:off, heap alloc:off, heap free:off
[    0.000000] Memory: 160956K/261120K available (6144K kernel code, 240K rwdata, 1796K rodata, 1024K init, 202K bss, 100164K reserved, 0K cma-reserved, 0K highmem)
[    0.000000] SLUB: HWalign=64, Order=0-3, MinObjects=0, CPUs=1, Nodes=1
[    0.000000] rcu: Preemptible hierarchical RCU implementation.
[    0.000000]  Tasks RCU enabled.
[    0.000000] rcu: RCU calculated value of scheduler-enlistment delay is 10 jiffies.
[    0.000000] NR_IRQS: 16, nr_irqs: 16, preallocated irqs: 16
[    0.000000] IRQ: Found an INTC at 0x(ptrval) (revision 4.0) with 96 interrupts
[    0.000000] random: get_random_bytes called from start_kernel+0x2a4/0x498 with crng_init=0
[    0.000000] Clocking rate (Crystal/Core/MPU): 19.2/332/500 MHz
[    0.000000] OMAP clockevent source: timer1 at 32768 Hz
[    0.000000] clocksource: 32k_counter: mask: 0xffffffff max_cycles: 0xffffffff, max_idle_ns: 58327039986419 ns
[    0.000000] sched_clock: 32 bits at 32kHz, resolution 30517ns, wraps every 65535999984741ns
[    0.000000] OMAP clocksource: 32k_counter at 32768 Hz
[    0.000549] Console: colour dummy device 80x30
[    0.001342] printk: console [tty0] enabled
[    0.001403] Calibrating delay loop... 496.43 BogoMIPS (lpj=2482176)
[    0.048919] pid_max: default: 32768 minimum: 301
[    0.049102] LSM: Security Framework initializing
[    0.049255] Mount-cache hash table entries: 1024 (order: 0, 4096 bytes, linear)
[    0.049346] Mountpoint-cache hash table entries: 1024 (order: 0, 4096 bytes, linear)
[    0.050689] CPU: Testing write buffer coherency: ok
[    0.050842] CPU0: Spectre v2: using BPIALL workaround
[    0.052520] Setting up static identity map for 0x80100000 - 0x80100060
[    0.052947] rcu: Hierarchical SRCU implementation.
[    0.056701] devtmpfs: initialized
[    0.085754] VFP support v0.3: implementor 41 architecture 3 part 30 variant c rev 1
[    0.086914] clocksource: jiffies: mask: 0xffffffff max_cycles: 0xffffffff, max_idle_ns: 19112604462750000 ns
[    0.087036] futex hash table entries: 256 (order: -1, 3072 bytes, linear)
[    0.087890] pinctrl core: initialized pinctrl subsystem
[    0.090148] NET: Registered protocol family 16
[    0.091888] DMA: preallocated 256 KiB pool for atomic coherent allocations
[    0.112365] omap_hwmod: mcbsp2_sidetone using broken dt data from mcbsp
[    0.113067] omap_hwmod: mcbsp3_sidetone using broken dt data from mcbsp
[    0.162017] cpuidle: using governor ladder
[    0.162170] cpuidle: using governor menu
[    0.163024] Reprogramming SDRC clock to 332000000 Hz
[    0.169525] OMAP GPIO hardware version 2.5
[    0.192810] RX-51: Enabling ARM errata 430973 workaround
[    0.194641] RX-51: Registering OMAP3 HWRNG device
[    0.195251] hw-breakpoint: debug architecture 0x4 unsupported.
[    0.196716] Reserving DMA channels 0 and 1 for HS ROM code
[    0.196777] OMAP DMA hardware revision 4.0
[    0.237945] omap-dma-engine 48056000.dma-controller: OMAP DMA engine driver
[    0.244537] omap-iommu 480bd400.mmu: 480bd400.mmu registered
[    0.245239] platform 480bc000.isp: Adding to iommu group 0
[    0.246002] usbcore: registered new interface driver usbfs
[    0.246154] usbcore: registered new interface driver hub
[    0.246337] usbcore: registered new device driver usb
[    0.248382] omap-mailbox 48094000.mailbox: omap mailbox rev 0x40
[    0.249481] Advanced Linux Sound Architecture Driver Initialized.
[    0.251586] clocksource: Switched to clocksource 32k_counter
[    0.252136] VFS: Disk quotas dquot_6.6.0
[    0.252288] VFS: Dquot-cache hash table entries: 1024 (order 0, 4096 bytes)
[    0.268280] thermal_sys: Registered thermal governor 'step_wise'
[    0.269683] NET: Registered protocol family 2
[    0.271026] tcp_listen_portaddr_hash hash table entries: 512 (order: 0, 4096 bytes, linear)
[    0.271148] TCP established hash table entries: 2048 (order: 1, 8192 bytes, linear)
[    0.271209] TCP bind hash table entries: 2048 (order: 1, 8192 bytes, linear)
[    0.271301] TCP: Hash tables configured (established 2048 bind 2048)
[    0.271545] UDP hash table entries: 256 (order: 0, 4096 bytes, linear)
[    0.271606] UDP-Lite hash table entries: 256 (order: 0, 4096 bytes, linear)
[    0.272186] NET: Registered protocol family 1
[    0.272796] Trying to unpack rootfs image as initramfs...
[    0.276519] rootfs image is not initramfs (incorrect cpio method used: use -H newc option); looks like an initrd
[    1.047241] Freeing initrd memory: 87916K
[    1.053771] Initialise system trusted keyrings
[    1.054321] workingset: timestamp_bits=30 max_order=16 bucket_order=0
[    1.067138] squashfs: version 4.0 (2009/01/31) Phillip Lougher
[    1.067962] Key type asymmetric registered
[    1.068023] Asymmetric key parser 'x509' registered
[    1.068176] io scheduler mq-deadline registered
[    1.068237] io scheduler kyber registered
[    1.070251] ti-sysc 480cb024.target-module: sysc_flags 00000100 != 00000110
[    1.071685] ti-sysc 480c9024.target-module: sysc_flags 00000100 != 00000110
[    1.074554] pinctrl-single 48002030.pinmux: 284 pins, size 568
[    1.075256] pinctrl-single 48002a00.pinmux: 46 pins, size 92
[    1.076080] pinctrl-single 480025d8.pinmux: 18 pins, size 36
[    1.079101] omapdss_dss 48050000.dss: 48050000.dss supply vdda_video not found, using dummy regulator
[    1.079467] OMAP DSS rev 2.0
[    1.079772] omapdss_dss 48050000.dss: bound 48050400.dispc (ops dispc_component_ops)
[    1.080200] omapdss_dss 48050000.dss: bound 48050c00.encoder (ops venc_component_ops)
[    1.081481] omapfb omapfb: no displays
[    1.081817] omapfb omapfb: failed to setup omapfb
[    1.084991] omap_uart 4806c000.serial: no wakeirq for uart1
[    1.085357] 4806c000.serial: ttyO1 at MMIO 0x4806c000 (irq = 89, base_baud = 3000000) is a OMAP UART1
[    1.086486] 49020000.serial: ttyO2 at MMIO 0x49020000 (irq = 90, base_baud = 3000000) is a OMAP UART2
[    1.729278] printk: console [ttyO2] enabled
[    1.735382] omap3_rom_rng: initializing
[    1.739624] omap3_rom_rng: unable to get RNG clock
[    1.744781] omap3-rom-rng: probe of omap3-rom-rng failed with error -2
[    1.769500] brd: module loaded
[    1.774505] mtdoops: mtd device (mtddev=name/number) must be supplied
[    1.794067] acx565akm spi0.2: omapfb: acx565akm rev ad LCD detected
[    1.808074] udc-core: couldn't find an available UDC - added [g_nokia] to list of pending drivers
[    1.817687] i2c /dev entries driver
[    1.823760] omap_gpio 49058000.gpio: Could not set line 0 debounce to 200000 microseconds (-22)
[    1.833068] omap_hsmmc 4809c000.mmc: Got CD GPIO
[    1.850952] rx51-audio n900-audio: could not get speaker enable gpio
[    1.858886] Initializing XFRM netlink socket
[    1.863616] NET: Registered protocol family 17
[    1.868408] NET: Registered protocol family 15
[    1.873260] NET: Registered protocol family 35
[    1.878448] Key type dns_resolver registered
[    1.883300] ThumbEE CPU extension supported.
[    1.887939] omap2_set_init_voltage: unable to find boot up OPP for vdd_mpu_iva
[    1.895599] omap2_set_init_voltage: unable to set vdd_mpu_iva
[    1.901702] omap2_set_init_voltage: unable to find boot up OPP for vdd_core
[    1.909057] omap2_set_init_voltage: unable to set vdd_core
[    1.919464] SmartReflex Class3 initialized
[    1.925384] registered taskstats version 1
[    1.929748] Loading compiled-in X.509 certificates
[    1.967590] omap-gpmc 6e000000.gpmc: GPMC revision 5.0
[    1.973205] gpmc_mem_init: disabling cs 0 mapped at 0x0-0x1000000
[    1.981384] omap2-onenand 1000000.onenand: initializing on CS0 (0x01000000), va (ptrval), DMA mode
[    1.990936] Muxed OneNAND 256MB 1.8V 16-bit (0x40)
[    1.996032] OneNAND version = 0x0031
[    2.001373] Scanning device for bad blocks
[    2.031127] OneNAND eraseblock 551 is an initial bad block
[    2.105834] omap2-onenand 1000000.onenand: optimized timings for 83 MHz
[    2.113494] 6 fixed-partitions partitions found on MTD device 1000000.onenand
[    2.121063] Creating 6 MTD partitions on "1000000.onenand":
[    2.127075] 0x000000000000-0x000000020000 : "bootloader"
[    2.133605] 0x000000020000-0x000000080000 : "config"
[    2.139587] 0x000000080000-0x0000000c0000 : "log"
[    2.145385] 0x0000000c0000-0x0000002c0000 : "kernel"
[    2.151306] 0x0000002c0000-0x0000004c0000 : "initfs"
[    2.157287] 0x0000004c0000-0x000010000000 : "rootfs"
[    2.169769] Skipping twl internal clock init and using bootloader value (unknown osc rate)
[    2.241821] random: fast init done
[    2.532318] twl 1-0048: PIH (irq 23) chaining IRQs 146..154
[    2.538299] twl 1-0048: power (irq 151) chaining IRQs 154..161
[    4.463348] twl4030_gpio twl4030-gpio: gpio (irq 146) chaining IRQs 162..179
[    5.192321] twl4030_usb 48070000.i2c:twl@48:twl4030-usb: Initialized TWL4030 USB module
[    5.321960] twl4030_madc 48070000.i2c:twl@48:madc: 48070000.i2c:twl@48:madc supply vusb3v1 not found, using dummy regulator
[   11.392089] omap_i2c 48070000.i2c: bus 1 rev3.3 at 2200 kHz
[   11.406433] omap_i2c 48072000.i2c: bus 2 rev3.3 at 100 kHz
[   11.414642] omap_i2c 48060000.i2c: bus 3 rev3.3 at 400 kHz
[   11.443939] Console: switching to colour frame buffer device 100x30
[   11.532196] omapfb omapfb: using display 'lcd' mode 800x480
[   11.913360] using random self ethernet address
[   11.923675] using random host ethernet address
[   11.933715] Mass Storage Function, version: 2009/09/11
[   11.944519] LUN: removable file: (no medium)
[   11.954528] LUN: removable file: (no medium)
[   11.964294] LUN: removable file: (no medium)
[   11.973815] Number of LUNs=2
[   11.982604] g_nokia gadget: USB CDC Phonet function
[   11.992706] g_nokia gadget: using musb-hdrc, OUT ep1out, IN ep1in
[   12.004760] usb0: HOST MAC ae:8f:63:d6:a3:d5
[   12.014282] usb0: MAC ce:a8:43:d4:d3:08
[   12.023712] g_nokia gadget: USB CDC Phonet function
[   12.034088] g_nokia gadget: using musb-hdrc, OUT ep1out, IN ep1in
[   12.045806] g_nokia gadget: N900 (PC-Suite Mode)
[   12.055969] g_nokia gadget: g_nokia ready
[   12.067138] core: _opp_supported_by_regulators: OPP minuV: 1270000 maxuV: 1270000, not supported by regulator
[   12.088317] cpu cpu0: _opp_add: OPP not supported by regulators (550000000)
[   12.102935] omap_gpio 49058000.gpio: Could not set line 0 debounce to 200000 microseconds (-22)
[   12.118011] omap_hsmmc 4809c000.mmc: Got CD GPIO
[   12.233551] mmc0: host does not support reading read-only switch, assuming write-enable
[   12.254669] rx51-audio n900-audio: tlv320aic3x-hifi &lt;-&gt; 49022000.mcbsp mapping ok
[   12.276519] mmc0: new high speed SDHC card at address b368
[   12.315704] mmcblk0: mmc0:b368 CBADS 15.0 GiB 
[   12.334045] input: RX-51 AV Jack as /devices/platform/n900-audio/sound/card0/input0
[   12.357543]  mmcblk0: p1
[   12.374542] hctosys: unable to open rtc device (rtc0)
[   12.397033] smartreflex 480cb000.smartreflex: omap_sr_probe: SmartReflex driver initialized
[   12.410491] smartreflex 480c9000.smartreflex: omap_sr_probe: SmartReflex driver initialized
[   12.425292] VCSI: disabling
[   12.463012] VDAC: disabling
[   12.501983] ALSA device list:
[   12.509979]   #0: RX-51
[   12.519287] RAMDISK: gzip image found at block 0
[   12.619293] mmc1: switch to bus width 8 failed
[   12.642211] mmc1: switch to bus width 4 failed
[   12.650726] mmc1: new high speed MMC card at address 0001
[   12.683624] mmcblk1: mmc1:0001 MMC32G 29.8 GiB 
[   12.702819] mmcblk1boot0: mmc1:0001 MMC32G partition 1 512 KiB
[   12.722808] mmcblk1boot1: mmc1:0001 MMC32G partition 2 512 KiB
[   12.743621]  mmcblk1: p1 p2 p3
[   13.286560] RAMDISK: incomplete write (8137 != 27069)
[   13.295715] write error
[   13.302093] Waiting for root device /dev/mmcblk1p2...
[   13.312866] EXT4-fs (mmcblk1p2): mounting ext3 file system using the ext4 subsystem
[   13.387390] EXT4-fs (mmcblk1p2): mounted filesystem with ordered data mode. Opts: (null)
[   13.411956] VFS: Mounted root (ext3 filesystem) readonly on device 179:10.
[   13.443847] Freeing unused kernel memory: 1024K
[   13.462219] Run /sbin/init as init process
Mount failed for selinuxfs on /sys/fs/selinux:  No such file or directory
INIT: version 2.88 booting
[info] Using makefile-style concurrent boot in runlevel S.
[....] Starting the hotplug events dispatcher: udevd[   15.013763] systemd-udevd[226]: starting version 215
[   15.079498] random: udevd: uninitialized urandom read (16 bytes read)
[   15.107818] random: udevd: uninitialized urandom read (16 bytes read)
. ok 
[....] Synthesizing the initial hotplug events...[   15.570587] ti-soc-thermal 48002524.bandgap: This OMAP thermal sensor is unreliable. You've been warned
[   15.673858] ti-soc-thermal 48002524.bandgap: Non-trimmed BGAP, Temp not accurate
[   16.025146] mc: Linux media interface: v0.10
done.
[   16.060180] omap_ssi 48058000.ssi-controller: ssi controller 0 initialized (1 ports)!
[   16.111480] lis3lv02d: 8 bits sensor found
[   16.200592] input: twl4030_pwrbutton as /devices/platform/68000000.ocp/48070000.i2c/i2c-1/1-0048/48070000.i2c:twl@48:pwrbutton/input/input1
[   16.272369] input: ST LIS3LV02DL Accelerometer as /devices/platform/lis3lv02d/input/input2
[   16.294372] omap_ssi_port 4805a000.ssi-port: ssi port 0 successfully initialized
[....] Waiting for /dev to be fully populated...[   16.312377] input: twl4030:vibrator as /devices/platform/68000000.ocp/48070000.i2c/i2c-1/1-0048/48070000.i2c:twl@48:audio/twl4030-vibra/in3
[   16.345550] videodev: Linux video capture interface: v2.00
[   16.455627] input: gpio_keys as /devices/platform/gpio_keys/input/input4
[   16.530548] et8ek8 3-003e: could not get clock
[   16.571929] twl_rtc 48070000.i2c:twl@48:rtc: Enabling TWL-RTC
[   16.619934] input: TWL4030 Keypad as /devices/platform/68000000.ocp/48070000.i2c/i2c-1/1-0048/48070000.i2c:twl@48:keypad/input/input5
[   16.705261] tsl2563 2-0029: model 7, rev. 0
[   16.717102] twl_rtc 48070000.i2c:twl@48:rtc: registered as rtc0
[   16.752960] power_supply bq27200-0: Not all required supplies found, defer probe
[   16.829650] input: TSC2005 touchscreen as /devices/platform/68000000.ocp/48098000.spi/spi_master/spi0/spi0.0/input/input6
[   16.868865] bq27xxx-battery 2-0055: failed to register battery
[   16.906494] et8ek8 3-003e: could not get clock
[   16.972381] power_supply bq27200-0: Not all required supplies found, defer probe
[   17.124969] bq27xxx-battery 2-0055: failed to register battery
[   17.230346] et8ek8 3-003e: could not get clock
[   17.274688] power_supply bq27200-0: Not all required supplies found, defer probe
[   17.292846] omap_wdt: OMAP Watchdog Timer Rev 0x31: initial timeout 60 sec
[   17.343231] bq27xxx-battery 2-0055: failed to register battery
[   17.415954] et8ek8 3-003e: could not get clock
[   17.469665] power_supply bq27200-0: Not all required supplies found, defer probe
[   17.539215] bq27xxx-battery 2-0055: failed to register battery
[   17.578002] omap3isp 480bc000.isp: ignoring dependency for device, assuming no driver
[   17.685852] omap3isp 480bc000.isp: 480bc000.isp supply vdd-csiphy1 not found, using dummy regulator
[   17.797729] smc91x: not found (-19).
[   17.832611] cfg80211: Loading compiled-in X.509 certificates for regulatory database
[   17.845977] omap_i2c 48072000.i2c: controller timed out
[   17.880523] omap3isp 480bc000.isp: 480bc000.isp supply vdd-csiphy2 not found, using dummy regulator
[   18.020324] power_supply bq24150a-0: hwmon: 'bq24150a-0' is not a valid name attribute, please fix
[   18.056182] omap3isp 480bc000.isp: Revision 2.0 found
[   18.112609] isp1704_charger isp1707: registered with product id isp1707
[   18.126464] si4713 2-0063: chip found @ 0xc6 (OMAP I2C adapter)
[   18.159210] lp5523x 2-0032: lp5523 Programmable led chip found
[   18.191650] et8ek8 3-003e: could not get clock
[   18.230926] power_supply rx51-battery: hwmon: 'rx51-battery' is not a valid name attribute, please fix
[   18.252624] omap-iommu 480bd400.mmu: 480bd400.mmu: version 1.1
[   18.299285] power_supply bq27200-0: bq27200-0: Found supply : bq24150a-0
[   18.327941] cfg80211: Loaded X.509 cert 'sforshee: 00b28ddf47aef9cea7'
[   18.367370] bq2415x-charger 2-006b: automode supported, waiting for events
[   18.404510] omap3isp 480bc000.isp: Entity type for entity OMAP3 ISP CCP2 was not initialized!
[   18.450653] power_supply bq27200-0: hwmon: 'bq27200-0' is not a valid name attribute, please fix
[   18.481842] random: crng init done
[   18.494995] bq2415x-charger 2-006b: driver registered
[   18.540344] omap3isp 480bc000.isp: Entity type for entity OMAP3 ISP CSI2a was not initialized!
[   18.703216] platform regulatory.0: Direct firmware load for regulatory.db failed with error -2
[   18.742980] omap3isp 480bc000.isp: Entity type for entity OMAP3 ISP CCDC was not initialized!
[   18.824584] platform regulatory.0: Falling back to sysfs fallback for: regulatory.db
[   18.884826] omap3isp 480bc000.isp: Entity type for entity OMAP3 ISP preview was not initialized!
[   19.004943] omap3isp 480bc000.isp: Entity type for entity OMAP3 ISP resizer was not initialized!
[   19.098815] omap3isp 480bc000.isp: Entity type for entity OMAP3 ISP AEWB was not initialized!
[   19.194580] omap3isp 480bc000.isp: Entity type for entity OMAP3 ISP AF was not initialized!
[   19.292022] omap3isp 480bc000.isp: Entity type for entity OMAP3 ISP histogram was not initialized!
[   19.391357] et8ek8 3-003e: meta_reglist version V14 03-June-2008
[   19.404510] mousedev: PS/2 mouse device common for all mice
[   19.441406] HSI/SSI char device loaded
[   19.770721] radio-si4713 radio-si4713: New device successfully probed
[   19.788452] cfg80211: failed to load regulatory.db
[   19.900756] wl1251: WARNING MAC address in eeprom or nvs data is not valid
[   19.921264] wl1251: WARNING Setting random MAC address: 00:1f:df:70:33:8f
[   19.941040] wl1251: loaded
[   19.953277] wl1251: initialized
done.
[....] Setting preliminary keymap...done.
[....] Activating swap...[   24.511962] Adding 2097148k swap on /dev/mmcblk1p3.  Priority:-2 extents:1 across:2097148k SS
done.
[   24.676086] EXT4-fs (mmcblk1p2): re-mounted. Opts: (null)
[....] Checking root file system...fsck from util-linux 2.20.1
Debian: clean, 220143/1806896 files, 5471152/7226112 blocks
done.
[   24.993103] EXT4-fs (mmcblk1p2): re-mounted. Opts: (null)
[....] Activating lvm and md swap...done.
[....] Checking file systems...fsck from util-linux 2.20.1
fsck.fat 3.0.26 (2014-03-07)
/dev/mmcblk1p1: 5 files, 359417/516190 clusters
done.
[....] Cleaning up temporary files... /tmp. ok 
[   27.485412] fuse: init (API version 7.31)
[info] Loading kernel module fuse.
[....] Mounting local filesystems...done.
[....] Activating swapfile swap...done.
[....] Cleaning up temporary files.... ok 
[....] Setting kernel variables ...done.
[....] Configuring network interfaces...done.
[....] Cleaning up temporary files.... ok 
[....] Setting up ALSA...done.
[info] Setting console screen modes.
setterm: cannot (un)set powersave mode: Inappropriate ioctl for device
[....] Setting up console font and keymap...WARNING: Unknown X keysym "Retrun"
WARNING: Unknown X keysym "Retrun"
WARNING: Unknown X keysym "Retrun"
WARNING: Unknown X keysym "Retrun"
WARNING: Unknown key type PC_FN_LEVEL2
WARNING: Unknown key type PC_FN_LEVEL2
WARNING: Unknown key type PC_FN_LEVEL2
WARNING: Unknown key type PC_FN_LEVEL2
WARNING: Unknown key type PC_FN_LEVEL2
WARNING: Unknown key type PC_FN_LEVEL2
WARNING: Unknown key type PC_FN_LEVEL2
WARNING: Unknown key type PC_FN_LEVEL2
WARNING: Unknown key type PC_FN_LEVEL2
WARNING: Unknown key type PC_FN_LEVEL2
WARNING: Unknown key type PC_FN_LEVEL2
WARNING: Unknown key type PC_FN_LEVEL2
WARNING: Unknown key type PC_FN_LEVEL2
WARNING: Unknown key type PC_FN_LEVEL2
WARNING: Unknown key type PC_FN_LEVEL2
WARNING: Unknown key type PC_FN_LEVEL2
WARNING: Unknown key type PC_FN_LEVEL2
WARNING: Unknown key type PC_FN_LEVEL2
WARNING: Unknown key type PC_FN_LEVEL2
WARNING: Unknown key type PC_FN_LEVEL2
WARNING: Unknown key type PC_FN_LEVEL2
WARNING: Unknown key type PC_FN_LEVEL2
WARNING: Unknown key type PC_FN_LEVEL2
WARNING: Unknown key type PC_FN_LEVEL2
WARNING: Unknown key type PC_FN_LEVEL2
WARNING: Unknown key type PC_FN_LEVEL2
WARNING: Unknown key type PC_FN_LEVEL2
WARNING: Unknown key type PC_FN_LEVEL2
WARNING: Unknown key type PC_FN_LEVEL2
WARNING: Unknown key type PC_FN_LEVEL2
WARNING: Unknown key type PC_FN_LEVEL2
WARNING: Unknown key type PC_FN_LEVEL2
WARNING: Unknown key type PC_FN_LEVEL2
WARNING: Unknown key type PC_FN_LEVEL2
WARNING: Unknown key type PC_FN_LEVEL2
WARNING: Unknown key type PC_FN_LEVEL2
WARNING: Unknown key type PC_FN_LEVEL2
WARNING: Unknown key type PC_FN_LEVEL2
WARNING: Unknown key type PC_FN_LEVEL2
WARNING: Unknown key type PC_FN_LEVEL2
WARNING: Unknown key type PC_FN_LEVEL2
WARNING: Unknown key type PC_FN_LEVEL2
WARNING: Unknown key type PC_FN_LEVEL2
WARNING: Unknown key type PC_FN_LEVEL2
WARNING: Unknown key type PC_FN_LEVEL2
WARNING: Unknown key type PC_FN_LEVEL2
WARNING: Unknown key type PC_FN_LEVEL2
WARNING: Unknown key type PC_FN_LEVEL2
WARNING: Unknown key type PC_FN_LEVEL2
WARNING: Unknown key type PC_FN_LEVEL2
WARNING: Unknown key type PC_FN_LEVEL2
WARNING: Unknown key type PC_FN_LEVEL2
WARNING: Unknown key type PC_FN_LEVEL2
WARNING: Unknown key type PC_FN_LEVEL2
WARNING: Unknown key type PC_FN_LEVEL2
WARNING: Unknown key type PC_FN_LEVEL2
WARNING: Unknown key type PC_FN_LEVEL2
WARNING: Unknown key type PC_FN_LEVEL2
WARNING: Unknown key type PC_FN_LEVEL2
WARNING: Unknown key type PC_FN_LEVEL2
WARNING: Unknown key type PC_FN_LEVEL2
WARNING: Unknown key type PC_FN_LEVEL2
WARNING: Unknown key type PC_FN_LEVEL2
WARNING: Unknown key type PC_FN_LEVEL2
WARNING: Unknown X keysym "Retrun"
WARNING: Unknown X keysym "Retrun"
WARNING: Unknown X keysym "Retrun"
WARNING: Unknown X keysym "Retrun"
WARNING: Unknown key type PC_FN_LEVEL2
WARNING: Unknown key type PC_FN_LEVEL2
WARNING: Unknown key type PC_FN_LEVEL2
WARNING: Unknown key type PC_FN_LEVEL2
WARNING: Unknown key type PC_FN_LEVEL2
WARNING: Unknown key type PC_FN_LEVEL2
WARNING: Unknown key type PC_FN_LEVEL2
WARNING: Unknown key type PC_FN_LEVEL2
WARNING: Unknown key type PC_FN_LEVEL2
WARNING: Unknown key type PC_FN_LEVEL2
WARNING: Unknown key type PC_FN_LEVEL2
WARNING: Unknown key type PC_FN_LEVEL2
WARNING: Unknown key type PC_FN_LEVEL2
WARNING: Unknown key type PC_FN_LEVEL2
WARNING: Unknown key type PC_FN_LEVEL2
WARNING: Unknown key type PC_FN_LEVEL2
WARNING: Unknown key type PC_FN_LEVEL2
WARNING: Unknown key type PC_FN_LEVEL2
WARNING: Unknown key type PC_FN_LEVEL2
WARNING: Unknown key type PC_FN_LEVEL2
WARNING: Unknown key type PC_FN_LEVEL2
WARNING: Unknown key type PC_FN_LEVEL2
WARNING: Unknown key type PC_FN_LEVEL2
WARNING: Unknown key type PC_FN_LEVEL2
WARNING: Unknown key type PC_FN_LEVEL2
WARNING: Unknown key type PC_FN_LEVEL2
WARNING: Unknown key type PC_FN_LEVEL2
WARNING: Unknown key type PC_FN_LEVEL2
WARNING: Unknown key type PC_FN_LEVEL2
WARNING: Unknown key type PC_FN_LEVEL2
WARNING: Unknown key type PC_FN_LEVEL2
WARNING: Unknown key type PC_FN_LEVEL2
WARNING: Unknown key type PC_FN_LEVEL2
WARNING: Unknown key type PC_FN_LEVEL2
WARNING: Unknown key type PC_FN_LEVEL2
WARNING: Unknown key type PC_FN_LEVEL2
WARNING: Unknown key type PC_FN_LEVEL2
WARNING: Unknown key type PC_FN_LEVEL2
WARNING: Unknown key type PC_FN_LEVEL2
WARNING: Unknown key type PC_FN_LEVEL2
WARNING: Unknown key type PC_FN_LEVEL2
WARNING: Unknown key type PC_FN_LEVEL2
WARNING: Unknown key type PC_FN_LEVEL2
WARNING: Unknown key type PC_FN_LEVEL2
WARNING: Unknown key type PC_FN_LEVEL2
WARNING: Unknown key type PC_FN_LEVEL2
WARNING: Unknown key type PC_FN_LEVEL2
WARNING: Unknown key type PC_FN_LEVEL2
WARNING: Unknown key type PC_FN_LEVEL2
WARNING: Unknown key type PC_FN_LEVEL2
WARNING: Unknown key type PC_FN_LEVEL2
WARNING: Unknown key type PC_FN_LEVEL2
WARNING: Unknown key type PC_FN_LEVEL2
WARNING: Unknown key type PC_FN_LEVEL2
WARNING: Unknown key type PC_FN_LEVEL2
WARNING: Unknown key type PC_FN_LEVEL2
WARNING: Unknown key type PC_FN_LEVEL2
WARNING: Unknown key type PC_FN_LEVEL2
WARNING: Unknown key type PC_FN_LEVEL2
WARNING: Unknown key type PC_FN_LEVEL2
WARNING: Unknown key type PC_FN_LEVEL2
WARNING: Unknown key type PC_FN_LEVEL2
WARNING: Unknown key type PC_FN_LEVEL2
WARNING: Unknown key type PC_FN_LEVEL2
done.
[....] Setting sensors limitsNo sensors found!
Make sure you loaded all the kernel drivers you need.
Try sensors-detect to find out which these are.
No sensors found!
Make sure you loaded all the kernel drivers you need.
Try sensors-detect to find out which these are.
. ok 
[....] Setting up X socket directories... /tmp/.X11-unix /tmp/.ICE-unix. ok 
INIT: Entering runlevel: 2
[info] Using makefile-style concurrent boot in runlevel 2.
[....] Starting busybox' syslogd implementation : syslogdStarting /sbin/syslogd...
1379 (syslogd)
. ok 
[....] Starting anac(h)ronistic cron: anacron. ok 
[....] Starting periodic command scheduler: cron. ok 
[....] Starting cgroup management daemon: cgmanager[....] Starting busybox' klogd implementation : klogdStarting /sbin/klogd...
1377 (klogd)
. ok 
[....] Starting system message bus: dbus. ok 
[....] Starting bluetooth: bluetoothd. ok 
[   40.028991] Bluetooth: Core ver 2.22
[....] Starting cgroup management proxy daemon: cgproxy[   40.044921] NET: Registered protocol family 31
[   40.055267] Bluetooth: HCI device and connection manager initialized
[   40.066436] Bluetooth: HCI socket layer initialized
[   40.081298] Bluetooth: L2CAP socket layer initialized
[   40.091186] Bluetooth: SCO socket layer initialized
[   40.624114] NET: Registered protocol family 10
[   40.638610] Segment Routing with IPv6
[....] Starting Avahi mDNS/DNS-SD Daemon: avahi-daemon. ok 
[   41.982452] Bluetooth: BNEP (Ethernet Emulation) ver 1.3
[   42.012847] Bluetooth: BNEP filters: protocol multicast
[   42.038177] Bluetooth: BNEP socket layer initialized
[   42.154266] systemd-hostnamed[1620]: Warning: nss-myhostname is not installed. Changing the local hostname might make it unresolveable. Please install nss-myhostname!
[....] Starting Connection Manager:start-stop-daemon: unable to stat /usr/sbin/connmand (No such file or directory)
 failed!
[....] Starting Light Display Manager: lightdm. ok 
[   43.184997] systemd-logind[1688]: New seat seat0.
[....] Loading cpufreq kernel modules...done (none).
[....] CPUFreq Utilities: Setting ondemand CPUFreq governor...CPU0...done.
[....] Starting NTP server: ntpd. ok 
[....] Starting network connection manager: NetworkManager. ok 
[info] speech-dispatcher disabled; edit /etc/default/speech-dispatcher.
[....] Starting OpenBSD Secure Shell server: sshd. ok 
[   47.688262] systemd-logind[1688]: Failed to start user service: Unknown unit: user@1000.service
[   47.823486] systemd-logind[1688]: New session c1 of user steward.
[   51.026275] wlan0: authenticate with e2:e6:2e:98:a9:81
[   51.403015] wlan0: send auth to e2:e6:2e:98:a9:81 (try 1/3)
[   51.453308] wlan0: authenticated
[   51.472869] wlan0: associate with e2:e6:2e:98:a9:81 (try 1/3)
[   51.496093] wlan0: RX AssocResp from e2:e6:2e:98:a9:81 (capab=0x1431 status=0 aid=8)
[   51.863037] wlan0: associated
[   52.037139] cryptd: max_cpu_qlen set to 1000
[   54.948852] g_nokia gadget: high-speed config #1: Bus Powered
[   61.327148] set brightness to 50
[  139.269165] wlan0: authenticate with e2:e6:2e:98:a9:81
[  139.495452] wlan0: send auth to e2:e6:2e:98:a9:81 (try 1/3)
[  139.704711] wlan0: send auth to e2:e6:2e:98:a9:81 (try 2/3)
[  139.722808] wlan0: authenticated
[  139.745819] wlan0: associate with e2:e6:2e:98:a9:81 (try 1/3)
[  139.954742] wlan0: associate with e2:e6:2e:98:a9:81 (try 2/3)
[  140.013000] wlan0: RX ReassocResp from e2:e6:2e:98:a9:81 (capab=0x1431 status=0 aid=9)
[  140.175140] wlan0: associated
[  174.275909] wlan0: deauthenticated from e2:e6:2e:98:a9:81 (Reason: 7=CLASS3_FRAME_FROM_NONASSOC_STA)
[  175.659820] wlan0: authenticate with e2:e6:2e:98:a9:81
[  176.020294] wlan0: send auth to e2:e6:2e:98:a9:81 (try 1/3)
[  176.075073] wlan0: authenticated
[  176.113433] wlan0: associate with e2:e6:2e:98:a9:81 (try 1/3)
[  176.140258] wlan0: RX ReassocResp from e2:e6:2e:98:a9:81 (capab=0x1431 status=0 aid=10)
[  176.158660] wlan0: associated
</pre><br>

<p>
<br><a href="../../../phone.htm">返回上一頁</a>
</p>

</div>
</div>
</div>
</body>
</html>
